16:49:11 **** Build of project standalone_bsp_0 ****
make -k all 
"Running Make include in ps7_cortexa9_0/libsrc/coresightps_dcc_v1_2/src"
make -C ps7_cortexa9_0/libsrc/coresightps_dcc_v1_2/src -s include  "SHELL=CMD" "COMPILER=arm-xilinx-eabi-gcc" "ARCHIVER=arm-xilinx-eabi-ar" "COMPILER_FLAGS=  -O2 -c" "EXTRA_COMPILER_FLAGS=-g"
"Running Make include in ps7_cortexa9_0/libsrc/cpu_cortexa9_v2_1/src"
make -C ps7_cortexa9_0/libsrc/cpu_cortexa9_v2_1/src -s include  "SHELL=CMD" "COMPILER=arm-xilinx-eabi-gcc" "ARCHIVER=arm-xilinx-eabi-ar" "COMPILER_FLAGS=  -O2 -c" "EXTRA_COMPILER_FLAGS=-g"
"Running Make include in ps7_cortexa9_0/libsrc/ddrps_v1_0/src"
make -C ps7_cortexa9_0/libsrc/ddrps_v1_0/src -s include  "SHELL=CMD" "COMPILER=arm-xilinx-eabi-gcc" "ARCHIVER=arm-xilinx-eabi-ar" "COMPILER_FLAGS=  -O2 -c" "EXTRA_COMPILER_FLAGS=-g"
"Running Make include in ps7_cortexa9_0/libsrc/devcfg_v3_3/src"
make -C ps7_cortexa9_0/libsrc/devcfg_v3_3/src -s include  "SHELL=CMD" "COMPILER=arm-xilinx-eabi-gcc" "ARCHIVER=arm-xilinx-eabi-ar" "COMPILER_FLAGS=  -O2 -c" "EXTRA_COMPILER_FLAGS=-g"
"Running Make include in ps7_cortexa9_0/libsrc/dmaps_v2_1/src"
make -C ps7_cortexa9_0/libsrc/dmaps_v2_1/src -s include  "SHELL=CMD" "COMPILER=arm-xilinx-eabi-gcc" "ARCHIVER=arm-xilinx-eabi-ar" "COMPILER_FLAGS=  -O2 -c" "EXTRA_COMPILER_FLAGS=-g"
"Running Make include in ps7_cortexa9_0/libsrc/emacps_v3_1/src"
make -C ps7_cortexa9_0/libsrc/emacps_v3_1/src -s include  "SHELL=CMD" "COMPILER=arm-xilinx-eabi-gcc" "ARCHIVER=arm-xilinx-eabi-ar" "COMPILER_FLAGS=  -O2 -c" "EXTRA_COMPILER_FLAGS=-g"
"Running Make include in ps7_cortexa9_0/libsrc/gpio_v4_0/src"
make -C ps7_cortexa9_0/libsrc/gpio_v4_0/src -s include  "SHELL=CMD" "COMPILER=arm-xilinx-eabi-gcc" "ARCHIVER=arm-xilinx-eabi-ar" "COMPILER_FLAGS=  -O2 -c" "EXTRA_COMPILER_FLAGS=-g"
"Running Make include in ps7_cortexa9_0/libsrc/gpiops_v3_1/src"
make -C ps7_cortexa9_0/libsrc/gpiops_v3_1/src -s include  "SHELL=CMD" "COMPILER=arm-xilinx-eabi-gcc" "ARCHIVER=arm-xilinx-eabi-ar" "COMPILER_FLAGS=  -O2 -c" "EXTRA_COMPILER_FLAGS=-g"
"Running Make include in ps7_cortexa9_0/libsrc/qspips_v3_2/src"
make -C ps7_cortexa9_0/libsrc/qspips_v3_2/src -s include  "SHELL=CMD" "COMPILER=arm-xilinx-eabi-gcc" "ARCHIVER=arm-xilinx-eabi-ar" "COMPILER_FLAGS=  -O2 -c" "EXTRA_COMPILER_FLAGS=-g"
"Running Make include in ps7_cortexa9_0/libsrc/scugic_v3_1/src"
make -C ps7_cortexa9_0/libsrc/scugic_v3_1/src -s include  "SHELL=CMD" "COMPILER=arm-xilinx-eabi-gcc" "ARCHIVER=arm-xilinx-eabi-ar" "COMPILER_FLAGS=  -O2 -c" "EXTRA_COMPILER_FLAGS=-g"
"Running Make include in ps7_cortexa9_0/libsrc/scutimer_v2_1/src"
make -C ps7_cortexa9_0/libsrc/scutimer_v2_1/src -s include  "SHELL=CMD" "COMPILER=arm-xilinx-eabi-gcc" "ARCHIVER=arm-xilinx-eabi-ar" "COMPILER_FLAGS=  -O2 -c" "EXTRA_COMPILER_FLAGS=-g"
"Running Make include in ps7_cortexa9_0/libsrc/scuwdt_v2_1/src"
make -C ps7_cortexa9_0/libsrc/scuwdt_v2_1/src -s include  "SHELL=CMD" "COMPILER=arm-xilinx-eabi-gcc" "ARCHIVER=arm-xilinx-eabi-ar" "COMPILER_FLAGS=  -O2 -c" "EXTRA_COMPILER_FLAGS=-g"
"Running Make include in ps7_cortexa9_0/libsrc/sdps_v2_6/src"
make -C ps7_cortexa9_0/libsrc/sdps_v2_6/src -s include  "SHELL=CMD" "COMPILER=arm-xilinx-eabi-gcc" "ARCHIVER=arm-xilinx-eabi-ar" "COMPILER_FLAGS=  -O2 -c" "EXTRA_COMPILER_FLAGS=-g"
"Running Make include in ps7_cortexa9_0/libsrc/spi_v4_1/src"
make -C ps7_cortexa9_0/libsrc/spi_v4_1/src -s include  "SHELL=CMD" "COMPILER=arm-xilinx-eabi-gcc" "ARCHIVER=arm-xilinx-eabi-ar" "COMPILER_FLAGS=  -O2 -c" "EXTRA_COMPILER_FLAGS=-g"
"Running Make include in ps7_cortexa9_0/libsrc/standalone_v5_3/src"
make -C ps7_cortexa9_0/libsrc/standalone_v5_3/src -s include  "SHELL=CMD" "COMPILER=arm-xilinx-eabi-gcc" "ARCHIVER=arm-xilinx-eabi-ar" "COMPILER_FLAGS=  -O2 -c" "EXTRA_COMPILER_FLAGS=-g"
"Running Make include in ps7_cortexa9_0/libsrc/ttcps_v3_0/src"
make -C ps7_cortexa9_0/libsrc/ttcps_v3_0/src -s include  "SHELL=CMD" "COMPILER=arm-xilinx-eabi-gcc" "ARCHIVER=arm-xilinx-eabi-ar" "COMPILER_FLAGS=  -O2 -c" "EXTRA_COMPILER_FLAGS=-g"
"Running Make include in ps7_cortexa9_0/libsrc/uartps_v3_1/src"
make -C ps7_cortexa9_0/libsrc/uartps_v3_1/src -s include  "SHELL=CMD" "COMPILER=arm-xilinx-eabi-gcc" "ARCHIVER=arm-xilinx-eabi-ar" "COMPILER_FLAGS=  -O2 -c" "EXTRA_COMPILER_FLAGS=-g"
"Running Make include in ps7_cortexa9_0/libsrc/usbps_v2_2/src"
make -C ps7_cortexa9_0/libsrc/usbps_v2_2/src -s include  "SHELL=CMD" "COMPILER=arm-xilinx-eabi-gcc" "ARCHIVER=arm-xilinx-eabi-ar" "COMPILER_FLAGS=  -O2 -c" "EXTRA_COMPILER_FLAGS=-g"
"Running Make include in ps7_cortexa9_0/libsrc/xadcps_v2_2/src"
make -C ps7_cortexa9_0/libsrc/xadcps_v2_2/src -s include  "SHELL=CMD" "COMPILER=arm-xilinx-eabi-gcc" "ARCHIVER=arm-xilinx-eabi-ar" "COMPILER_FLAGS=  -O2 -c" "EXTRA_COMPILER_FLAGS=-g"
"Running Make libs in ps7_cortexa9_0/libsrc/coresightps_dcc_v1_2/src"
make -C ps7_cortexa9_0/libsrc/coresightps_dcc_v1_2/src -s libs  "SHELL=CMD" "COMPILER=arm-xilinx-eabi-gcc" "ARCHIVER=arm-xilinx-eabi-ar" "COMPILER_FLAGS=  -O2 -c" "EXTRA_COMPILER_FLAGS=-g"
"Compiling coresightps_dcc"
arm-xilinx-eabi-ar: creating ../../../lib/libxil.a
"Running Make libs in ps7_cortexa9_0/libsrc/cpu_cortexa9_v2_1/src"
make -C ps7_cortexa9_0/libsrc/cpu_cortexa9_v2_1/src -s libs  "SHELL=CMD" "COMPILER=arm-xilinx-eabi-gcc" "ARCHIVER=arm-xilinx-eabi-ar" "COMPILER_FLAGS=  -O2 -c" "EXTRA_COMPILER_FLAGS=-g"
"Compiling cpu_cortexa9"
"Running Make libs in ps7_cortexa9_0/libsrc/ddrps_v1_0/src"
make -C ps7_cortexa9_0/libsrc/ddrps_v1_0/src -s libs  "SHELL=CMD" "COMPILER=arm-xilinx-eabi-gcc" "ARCHIVER=arm-xilinx-eabi-ar" "COMPILER_FLAGS=  -O2 -c" "EXTRA_COMPILER_FLAGS=-g"
"Compiling ddrps"
"Running Make libs in ps7_cortexa9_0/libsrc/devcfg_v3_3/src"
make -C ps7_cortexa9_0/libsrc/devcfg_v3_3/src -s libs  "SHELL=CMD" "COMPILER=arm-xilinx-eabi-gcc" "ARCHIVER=arm-xilinx-eabi-ar" "COMPILER_FLAGS=  -O2 -c" "EXTRA_COMPILER_FLAGS=-g"
"Compiling devcfg"
"Running Make libs in ps7_cortexa9_0/libsrc/dmaps_v2_1/src"
make -C ps7_cortexa9_0/libsrc/dmaps_v2_1/src -s libs  "SHELL=CMD" "COMPILER=arm-xilinx-eabi-gcc" "ARCHIVER=arm-xilinx-eabi-ar" "COMPILER_FLAGS=  -O2 -c" "EXTRA_COMPILER_FLAGS=-g"
"Compiling dmaps"
"Running Make libs in ps7_cortexa9_0/libsrc/emacps_v3_1/src"
make -C ps7_cortexa9_0/libsrc/emacps_v3_1/src -s libs  "SHELL=CMD" "COMPILER=arm-xilinx-eabi-gcc" "ARCHIVER=arm-xilinx-eabi-ar" "COMPILER_FLAGS=  -O2 -c" "EXTRA_COMPILER_FLAGS=-g"
"Compiling emacps"
"Running Make libs in ps7_cortexa9_0/libsrc/gpio_v4_0/src"
make -C ps7_cortexa9_0/libsrc/gpio_v4_0/src -s libs  "SHELL=CMD" "COMPILER=arm-xilinx-eabi-gcc" "ARCHIVER=arm-xilinx-eabi-ar" "COMPILER_FLAGS=  -O2 -c" "EXTRA_COMPILER_FLAGS=-g"
"Compiling gpio"
"Running Make libs in ps7_cortexa9_0/libsrc/gpiops_v3_1/src"
make -C ps7_cortexa9_0/libsrc/gpiops_v3_1/src -s libs  "SHELL=CMD" "COMPILER=arm-xilinx-eabi-gcc" "ARCHIVER=arm-xilinx-eabi-ar" "COMPILER_FLAGS=  -O2 -c" "EXTRA_COMPILER_FLAGS=-g"
"Compiling gpiops"
"Running Make libs in ps7_cortexa9_0/libsrc/qspips_v3_2/src"
make -C ps7_cortexa9_0/libsrc/qspips_v3_2/src -s libs  "SHELL=CMD" "COMPILER=arm-xilinx-eabi-gcc" "ARCHIVER=arm-xilinx-eabi-ar" "COMPILER_FLAGS=  -O2 -c" "EXTRA_COMPILER_FLAGS=-g"
"Compiling qspips"
"Running Make libs in ps7_cortexa9_0/libsrc/scugic_v3_1/src"
make -C ps7_cortexa9_0/libsrc/scugic_v3_1/src -s libs  "SHELL=CMD" "COMPILER=arm-xilinx-eabi-gcc" "ARCHIVER=arm-xilinx-eabi-ar" "COMPILER_FLAGS=  -O2 -c" "EXTRA_COMPILER_FLAGS=-g"
"Compiling scugic"
"Running Make libs in ps7_cortexa9_0/libsrc/scutimer_v2_1/src"
make -C ps7_cortexa9_0/libsrc/scutimer_v2_1/src -s libs  "SHELL=CMD" "COMPILER=arm-xilinx-eabi-gcc" "ARCHIVER=arm-xilinx-eabi-ar" "COMPILER_FLAGS=  -O2 -c" "EXTRA_COMPILER_FLAGS=-g"
"Compiling scutimer"
"Running Make libs in ps7_cortexa9_0/libsrc/scuwdt_v2_1/src"
make -C ps7_cortexa9_0/libsrc/scuwdt_v2_1/src -s libs  "SHELL=CMD" "COMPILER=arm-xilinx-eabi-gcc" "ARCHIVER=arm-xilinx-eabi-ar" "COMPILER_FLAGS=  -O2 -c" "EXTRA_COMPILER_FLAGS=-g"
"Compiling scuwdt"
"Running Make libs in ps7_cortexa9_0/libsrc/sdps_v2_6/src"
make -C ps7_cortexa9_0/libsrc/sdps_v2_6/src -s libs  "SHELL=CMD" "COMPILER=arm-xilinx-eabi-gcc" "ARCHIVER=arm-xilinx-eabi-ar" "COMPILER_FLAGS=  -O2 -c" "EXTRA_COMPILER_FLAGS=-g"
"Compiling sdps"
"Running Make libs in ps7_cortexa9_0/libsrc/spi_v4_1/src"
make -C ps7_cortexa9_0/libsrc/spi_v4_1/src -s libs  "SHELL=CMD" "COMPILER=arm-xilinx-eabi-gcc" "ARCHIVER=arm-xilinx-eabi-ar" "COMPILER_FLAGS=  -O2 -c" "EXTRA_COMPILER_FLAGS=-g"
"Compiling spi"
"Running Make libs in ps7_cortexa9_0/libsrc/standalone_v5_3/src"
make -C ps7_cortexa9_0/libsrc/standalone_v5_3/src -s libs  "SHELL=CMD" "COMPILER=arm-xilinx-eabi-gcc" "ARCHIVER=arm-xilinx-eabi-ar" "COMPILER_FLAGS=  -O2 -c" "EXTRA_COMPILER_FLAGS=-g"
"Compiling standalone"
"Running Make libs in ps7_cortexa9_0/libsrc/ttcps_v3_0/src"
make -C ps7_cortexa9_0/libsrc/ttcps_v3_0/src -s libs  "SHELL=CMD" "COMPILER=arm-xilinx-eabi-gcc" "ARCHIVER=arm-xilinx-eabi-ar" "COMPILER_FLAGS=  -O2 -c" "EXTRA_COMPILER_FLAGS=-g"
"Compiling ttcps"
"Running Make libs in ps7_cortexa9_0/libsrc/uartps_v3_1/src"
make -C ps7_cortexa9_0/libsrc/uartps_v3_1/src -s libs  "SHELL=CMD" "COMPILER=arm-xilinx-eabi-gcc" "ARCHIVER=arm-xilinx-eabi-ar" "COMPILER_FLAGS=  -O2 -c" "EXTRA_COMPILER_FLAGS=-g"
"Compiling uartps"
"Running Make libs in ps7_cortexa9_0/libsrc/usbps_v2_2/src"
make -C ps7_cortexa9_0/libsrc/usbps_v2_2/src -s libs  "SHELL=CMD" "COMPILER=arm-xilinx-eabi-gcc" "ARCHIVER=arm-xilinx-eabi-ar" "COMPILER_FLAGS=  -O2 -c" "EXTRA_COMPILER_FLAGS=-g"
"Compiling usbps"
"Running Make libs in ps7_cortexa9_0/libsrc/xadcps_v2_2/src"
make -C ps7_cortexa9_0/libsrc/xadcps_v2_2/src -s libs  "SHELL=CMD" "COMPILER=arm-xilinx-eabi-gcc" "ARCHIVER=arm-xilinx-eabi-ar" "COMPILER_FLAGS=  -O2 -c" "EXTRA_COMPILER_FLAGS=-g"
"Compiling xadcps"
'Finished building libraries'
16:51:27 **** Build of configuration Debug for project Practica2.c ****
make all 
'Building file: ../src/helloworld.c'
'Invoking: ARM gcc compiler'
arm-xilinx-eabi-gcc -Wall -O0 -g3 -c -fmessage-length=0 -MT"src/helloworld.o" -IE:/Workspaces/Workspace_Vivado/Practica1/project_1/project_1.sdk/standalone_bsp_0/standalone_bsp_0/ps7_cortexa9_0/include -MMD -MP -MF"src/helloworld.d" -MT"src/helloworld.d" -o "src/helloworld.o" "../src/helloworld.c"
'Finished building: ../src/helloworld.c'
' '
'Building file: ../src/platform.c'
'Invoking: ARM gcc compiler'
arm-xilinx-eabi-gcc -Wall -O0 -g3 -c -fmessage-length=0 -MT"src/platform.o" -IE:/Workspaces/Workspace_Vivado/Practica1/project_1/project_1.sdk/standalone_bsp_0/standalone_bsp_0/ps7_cortexa9_0/include -MMD -MP -MF"src/platform.d" -MT"src/platform.d" -o "src/platform.o" "../src/platform.c"
'Finished building: ../src/platform.c'
' '
'Building target: Practica2.c.elf'
'Invoking: ARM gcc linker'
arm-xilinx-eabi-gcc -Wl,-T -Wl,../src/lscript.ld -LE:/Workspaces/Workspace_Vivado/Practica1/project_1/project_1.sdk/standalone_bsp_0/standalone_bsp_0/ps7_cortexa9_0/lib -o "Practica2.c.elf"  ./src/helloworld.o ./src/platform.o   -Wl,--start-group,-lxil,-lgcc,-lc,--end-group
'Finished building target: Practica2.c.elf'
' '
'Invoking: ARM Print Size'
arm-xilinx-eabi-size Practica2.c.elf  |tee "Practica2.c.elf.size"
   text	   data	    bss	    dec	    hex	filename
  22888	   1152	  22564	  46604	   b60c	Practica2.c.elf
'Finished building: Practica2.c.elf.size'
' '
16:54:10 **** Auto Build of configuration Debug for project Practica2.c ****
make all 
'Building file: ../src/helloworld.c'
'Invoking: ARM gcc compiler'
arm-xilinx-eabi-gcc -Wall -O0 -g3 -c -fmessage-length=0 -MT"src/helloworld.o" -IE:/Workspaces/Workspace_Vivado/Practica1/project_1/project_1.sdk/standalone_bsp_0/standalone_bsp_0/ps7_cortexa9_0/include -MMD -MP -MF"src/helloworld.d" -MT"src/helloworld.d" -o "src/helloworld.o" "../src/helloworld.c"
../src/helloworld.c:53:6: error: conflicting types for 'print'
 void print(char *str);
      ^
In file included from E:/Workspaces/Workspace_Vivado/Practica1/project_1/project_1.sdk/standalone_bsp_0/standalone_bsp_0/ps7_cortexa9_0/include/xil_io.h:65:0,
                 from E:/Workspaces/Workspace_Vivado/Practica1/project_1/project_1.sdk/standalone_bsp_0/standalone_bsp_0/ps7_cortexa9_0/include/xgpio_l.h:86,
                 from E:/Workspaces/Workspace_Vivado/Practica1/project_1/project_1.sdk/standalone_bsp_0/standalone_bsp_0/ps7_cortexa9_0/include/xgpio.h:121,
                 from ../src/helloworld.c:50:
E:/Workspaces/Workspace_Vivado/Practica1/project_1/project_1.sdk/standalone_bsp_0/standalone_bsp_0/ps7_cortexa9_0/include/xil_printf.h:36:6: note: previous declaration of 'print' was here
 void print( const char8 *ptr);
      ^
../src/helloworld.c:56:1: error: expected '=', ',', ';', 'asm' or '__attribute__' before 'typedef'
 typedef struct {
 ^
../src/helloworld.c:61:3: error: conflicting types for 'XGpio'
 } XGpio;
   ^
In file included from ../src/helloworld.c:50:0:
E:/Workspaces/Workspace_Vivado/Practica1/project_1/project_1.sdk/standalone_bsp_0/standalone_bsp_0/ps7_cortexa9_0/include/xgpio.h:147:3: note: previous declaration of 'XGpio' was here
 } XGpio;
   ^
make: *** [src/helloworld.o] Error 1
16:55:05 **** Auto Build of configuration Debug for project Practica2.c ****
make all 
'Building file: ../src/helloworld.c'
'Invoking: ARM gcc compiler'
arm-xilinx-eabi-gcc -Wall -O0 -g3 -c -fmessage-length=0 -MT"src/helloworld.o" -IE:/Workspaces/Workspace_Vivado/Practica1/project_1/project_1.sdk/standalone_bsp_0/standalone_bsp_0/ps7_cortexa9_0/include -MMD -MP -MF"src/helloworld.d" -MT"src/helloworld.d" -o "src/helloworld.o" "../src/helloworld.c"
../src/helloworld.c:53:6: error: conflicting types for 'print'
 void print(char *str);
      ^
In file included from E:/Workspaces/Workspace_Vivado/Practica1/project_1/project_1.sdk/standalone_bsp_0/standalone_bsp_0/ps7_cortexa9_0/include/xil_io.h:65:0,
                 from E:/Workspaces/Workspace_Vivado/Practica1/project_1/project_1.sdk/standalone_bsp_0/standalone_bsp_0/ps7_cortexa9_0/include/xgpio_l.h:86,
                 from E:/Workspaces/Workspace_Vivado/Practica1/project_1/project_1.sdk/standalone_bsp_0/standalone_bsp_0/ps7_cortexa9_0/include/xgpio.h:121,
                 from ../src/helloworld.c:50:
E:/Workspaces/Workspace_Vivado/Practica1/project_1/project_1.sdk/standalone_bsp_0/standalone_bsp_0/ps7_cortexa9_0/include/xil_printf.h:36:6: note: previous declaration of 'print' was here
 void print( const char8 *ptr);
      ^
../src/helloworld.c:55:15: error: expected '=', ',', ';', 'asm' or '__attribute__' before 'typedef'
 XGpio my_Gpio typedef struct {
               ^
../src/helloworld.c:60:3: error: conflicting types for 'XGpio'
 } XGpio;
   ^
In file included from ../src/helloworld.c:50:0:
E:/Workspaces/Workspace_Vivado/Practica1/project_1/project_1.sdk/standalone_bsp_0/standalone_bsp_0/ps7_cortexa9_0/include/xgpio.h:147:3: note: previous declaration of 'XGpio' was here
 } XGpio;
   ^
make: *** [src/helloworld.o] Error 1
16:55:35 **** Auto Build of configuration Debug for project Practica2.c ****
make all 
'Building file: ../src/helloworld.c'
'Invoking: ARM gcc compiler'
arm-xilinx-eabi-gcc -Wall -O0 -g3 -c -fmessage-length=0 -MT"src/helloworld.o" -IE:/Workspaces/Workspace_Vivado/Practica1/project_1/project_1.sdk/standalone_bsp_0/standalone_bsp_0/ps7_cortexa9_0/include -MMD -MP -MF"src/helloworld.d" -MT"src/helloworld.d" -o "src/helloworld.o" "../src/helloworld.c"
../src/helloworld.c:53:6: error: conflicting types for 'print'
 void print(char *str);
      ^
In file included from E:/Workspaces/Workspace_Vivado/Practica1/project_1/project_1.sdk/standalone_bsp_0/standalone_bsp_0/ps7_cortexa9_0/include/xil_io.h:65:0,
                 from E:/Workspaces/Workspace_Vivado/Practica1/project_1/project_1.sdk/standalone_bsp_0/standalone_bsp_0/ps7_cortexa9_0/include/xgpio_l.h:86,
                 from E:/Workspaces/Workspace_Vivado/Practica1/project_1/project_1.sdk/standalone_bsp_0/standalone_bsp_0/ps7_cortexa9_0/include/xgpio.h:121,
                 from ../src/helloworld.c:50:
E:/Workspaces/Workspace_Vivado/Practica1/project_1/project_1.sdk/standalone_bsp_0/standalone_bsp_0/ps7_cortexa9_0/include/xil_printf.h:36:6: note: previous declaration of 'print' was here
 void print( const char8 *ptr);
      ^
../src/helloworld.c:55:15: error: expected '=', ',', ';', 'asm' or '__attribute__' before 'typedef'
 XGpio my_Gpio typedef struct {
               ^
../src/helloworld.c:60:3: error: conflicting types for 'XGpio'
 } XGpio;
   ^
In file included from ../src/helloworld.c:50:0:
E:/Workspaces/Workspace_Vivado/Practica1/project_1/project_1.sdk/standalone_bsp_0/standalone_bsp_0/ps7_cortexa9_0/include/xgpio.h:147:3: note: previous declaration of 'XGpio' was here
 } XGpio;
   ^
../src/helloworld.c: In function 'main':
../src/helloworld.c:65:8: warning: unused variable 'mi_gpio' [-Wunused-variable]
  XGpio mi_gpio;
        ^
make: *** [src/helloworld.o] Error 1
16:55:59 **** Auto Build of configuration Debug for project Practica2.c ****
make all 
'Building file: ../src/helloworld.c'
'Invoking: ARM gcc compiler'
arm-xilinx-eabi-gcc -Wall -O0 -g3 -c -fmessage-length=0 -MT"src/helloworld.o" -IE:/Workspaces/Workspace_Vivado/Practica1/project_1/project_1.sdk/standalone_bsp_0/standalone_bsp_0/ps7_cortexa9_0/include -MMD -MP -MF"src/helloworld.d" -MT"src/helloworld.d" -o "src/helloworld.o" "../src/helloworld.c"
../src/helloworld.c:53:6: error: conflicting types for 'print'
 void print(char *str);
      ^
In file included from E:/Workspaces/Workspace_Vivado/Practica1/project_1/project_1.sdk/standalone_bsp_0/standalone_bsp_0/ps7_cortexa9_0/include/xil_io.h:65:0,
                 from E:/Workspaces/Workspace_Vivado/Practica1/project_1/project_1.sdk/standalone_bsp_0/standalone_bsp_0/ps7_cortexa9_0/include/xgpio_l.h:86,
                 from E:/Workspaces/Workspace_Vivado/Practica1/project_1/project_1.sdk/standalone_bsp_0/standalone_bsp_0/ps7_cortexa9_0/include/xgpio.h:121,
                 from ../src/helloworld.c:50:
E:/Workspaces/Workspace_Vivado/Practica1/project_1/project_1.sdk/standalone_bsp_0/standalone_bsp_0/ps7_cortexa9_0/include/xil_printf.h:36:6: note: previous declaration of 'print' was here
 void print( const char8 *ptr);
      ^
../src/helloworld.c:58:2: error: unknown type name 'XGpio_Handler'
  XGpio_Handler Handler;
  ^
../src/helloworld.c:60:3: error: conflicting types for 'XGpio'
 } XGpio;
   ^
In file included from ../src/helloworld.c:50:0:
E:/Workspaces/Workspace_Vivado/Practica1/project_1/project_1.sdk/standalone_bsp_0/standalone_bsp_0/ps7_cortexa9_0/include/xgpio.h:147:3: note: previous declaration of 'XGpio' was here
 } XGpio;
   ^
../src/helloworld.c: In function 'main':
../src/helloworld.c:65:8: warning: unused variable 'mi_gpio' [-Wunused-variable]
  XGpio mi_gpio;
        ^
make: *** [src/helloworld.o] Error 1
16:56:04 **** Auto Build of configuration Debug for project Practica2.c ****
make all 
'Building file: ../src/helloworld.c'
'Invoking: ARM gcc compiler'
arm-xilinx-eabi-gcc -Wall -O0 -g3 -c -fmessage-length=0 -MT"src/helloworld.o" -IE:/Workspaces/Workspace_Vivado/Practica1/project_1/project_1.sdk/standalone_bsp_0/standalone_bsp_0/ps7_cortexa9_0/include -MMD -MP -MF"src/helloworld.d" -MT"src/helloworld.d" -o "src/helloworld.o" "../src/helloworld.c"
../src/helloworld.c:53:6: error: conflicting types for 'print'
 void print(char *str);
      ^
In file included from E:/Workspaces/Workspace_Vivado/Practica1/project_1/project_1.sdk/standalone_bsp_0/standalone_bsp_0/ps7_cortexa9_0/include/xil_io.h:65:0,
                 from E:/Workspaces/Workspace_Vivado/Practica1/project_1/project_1.sdk/standalone_bsp_0/standalone_bsp_0/ps7_cortexa9_0/include/xgpio_l.h:86,
                 from E:/Workspaces/Workspace_Vivado/Practica1/project_1/project_1.sdk/standalone_bsp_0/standalone_bsp_0/ps7_cortexa9_0/include/xgpio.h:121,
                 from ../src/helloworld.c:50:
E:/Workspaces/Workspace_Vivado/Practica1/project_1/project_1.sdk/standalone_bsp_0/standalone_bsp_0/ps7_cortexa9_0/include/xil_printf.h:36:6: note: previous declaration of 'print' was here
 void print( const char8 *ptr);
      ^
../src/helloworld.c:55:15: error: expected '=', ',', ';', 'asm' or '__attribute__' before 'typedef'
 XGpio my_Gpio typedef struct {
               ^
../src/helloworld.c:60:3: error: conflicting types for 'XGpio'
 } XGpio;
   ^
In file included from ../src/helloworld.c:50:0:
E:/Workspaces/Workspace_Vivado/Practica1/project_1/project_1.sdk/standalone_bsp_0/standalone_bsp_0/ps7_cortexa9_0/include/xgpio.h:147:3: note: previous declaration of 'XGpio' was here
 } XGpio;
   ^
../src/helloworld.c: In function 'main':
../src/helloworld.c:65:8: warning: unused variable 'mi_gpio' [-Wunused-variable]
  XGpio mi_gpio;
        ^
make: *** [src/helloworld.o] Error 1
16:56:22 **** Auto Build of configuration Debug for project Practica2.c ****
make all 
'Building file: ../src/helloworld.c'
'Invoking: ARM gcc compiler'
arm-xilinx-eabi-gcc -Wall -O0 -g3 -c -fmessage-length=0 -MT"src/helloworld.o" -IE:/Workspaces/Workspace_Vivado/Practica1/project_1/project_1.sdk/standalone_bsp_0/standalone_bsp_0/ps7_cortexa9_0/include -MMD -MP -MF"src/helloworld.d" -MT"src/helloworld.d" -o "src/helloworld.o" "../src/helloworld.c"
../src/helloworld.c:53:6: error: conflicting types for 'print'
 void print(char *str);
      ^
In file included from E:/Workspaces/Workspace_Vivado/Practica1/project_1/project_1.sdk/standalone_bsp_0/standalone_bsp_0/ps7_cortexa9_0/include/xil_io.h:65:0,
                 from E:/Workspaces/Workspace_Vivado/Practica1/project_1/project_1.sdk/standalone_bsp_0/standalone_bsp_0/ps7_cortexa9_0/include/xgpio_l.h:86,
                 from E:/Workspaces/Workspace_Vivado/Practica1/project_1/project_1.sdk/standalone_bsp_0/standalone_bsp_0/ps7_cortexa9_0/include/xgpio.h:121,
                 from ../src/helloworld.c:50:
E:/Workspaces/Workspace_Vivado/Practica1/project_1/project_1.sdk/standalone_bsp_0/standalone_bsp_0/ps7_cortexa9_0/include/xil_printf.h:36:6: note: previous declaration of 'print' was here
 void print( const char8 *ptr);
      ^
../src/helloworld.c:55:15: error: expected '=', ',', ';', 'asm' or '__attribute__' before 'typedef'
 XGpio my_Gpio typedef struct {
               ^
../src/helloworld.c:60:3: error: conflicting types for 'XGpio'
 } XGpio;
   ^
In file included from ../src/helloworld.c:50:0:
E:/Workspaces/Workspace_Vivado/Practica1/project_1/project_1.sdk/standalone_bsp_0/standalone_bsp_0/ps7_cortexa9_0/include/xgpio.h:147:3: note: previous declaration of 'XGpio' was here
 } XGpio;
   ^
../src/helloworld.c: In function 'main':
../src/helloworld.c:66:16: warning: unused variable 'mi_GPIO_Config' [-Wunused-variable]
  XGpio_Config *mi_GPIO_Config;
                ^
../src/helloworld.c:65:8: warning: unused variable 'mi_gpio' [-Wunused-variable]
  XGpio mi_gpio;
        ^
make: *** [src/helloworld.o] Error 1
16:56:40 **** Auto Build of configuration Debug for project Practica2.c ****
make all 
'Building file: ../src/helloworld.c'
'Invoking: ARM gcc compiler'
arm-xilinx-eabi-gcc -Wall -O0 -g3 -c -fmessage-length=0 -MT"src/helloworld.o" -IE:/Workspaces/Workspace_Vivado/Practica1/project_1/project_1.sdk/standalone_bsp_0/standalone_bsp_0/ps7_cortexa9_0/include -MMD -MP -MF"src/helloworld.d" -MT"src/helloworld.d" -o "src/helloworld.o" "../src/helloworld.c"
../src/helloworld.c:53:6: error: conflicting types for 'print'
 void print(char *str);
      ^
In file included from E:/Workspaces/Workspace_Vivado/Practica1/project_1/project_1.sdk/standalone_bsp_0/standalone_bsp_0/ps7_cortexa9_0/include/xil_io.h:65:0,
                 from E:/Workspaces/Workspace_Vivado/Practica1/project_1/project_1.sdk/standalone_bsp_0/standalone_bsp_0/ps7_cortexa9_0/include/xgpio_l.h:86,
                 from E:/Workspaces/Workspace_Vivado/Practica1/project_1/project_1.sdk/standalone_bsp_0/standalone_bsp_0/ps7_cortexa9_0/include/xgpio.h:121,
                 from ../src/helloworld.c:50:
E:/Workspaces/Workspace_Vivado/Practica1/project_1/project_1.sdk/standalone_bsp_0/standalone_bsp_0/ps7_cortexa9_0/include/xil_printf.h:36:6: note: previous declaration of 'print' was here
 void print( const char8 *ptr);
      ^
../src/helloworld.c:55:15: error: expected '=', ',', ';', 'asm' or '__attribute__' before 'typedef'
 XGpio my_Gpio typedef struct {
               ^
../src/helloworld.c:60:3: error: conflicting types for 'XGpio'
 } XGpio;
   ^
In file included from ../src/helloworld.c:50:0:
E:/Workspaces/Workspace_Vivado/Practica1/project_1/project_1.sdk/standalone_bsp_0/standalone_bsp_0/ps7_cortexa9_0/include/xgpio.h:147:3: note: previous declaration of 'XGpio' was here
 } XGpio;
   ^
../src/helloworld.c: In function 'main':
../src/helloworld.c:66:16: warning: variable 'mi_GPIO_Config' set but not used [-Wunused-but-set-variable]
  XGpio_Config *mi_GPIO_Config;
                ^
../src/helloworld.c:65:8: warning: unused variable 'mi_gpio' [-Wunused-variable]
  XGpio mi_gpio;
        ^
make: *** [src/helloworld.o] Error 1
16:57:47 **** Auto Build of configuration Debug for project Practica2.c ****
make all 
'Building file: ../src/helloworld.c'
'Invoking: ARM gcc compiler'
arm-xilinx-eabi-gcc -Wall -O0 -g3 -c -fmessage-length=0 -MT"src/helloworld.o" -IE:/Workspaces/Workspace_Vivado/Practica1/project_1/project_1.sdk/standalone_bsp_0/standalone_bsp_0/ps7_cortexa9_0/include -MMD -MP -MF"src/helloworld.d" -MT"src/helloworld.d" -o "src/helloworld.o" "../src/helloworld.c"
../src/helloworld.c:53:6: error: conflicting types for 'print'
 void print(char *str);
      ^
In file included from E:/Workspaces/Workspace_Vivado/Practica1/project_1/project_1.sdk/standalone_bsp_0/standalone_bsp_0/ps7_cortexa9_0/include/xil_io.h:65:0,
                 from E:/Workspaces/Workspace_Vivado/Practica1/project_1/project_1.sdk/standalone_bsp_0/standalone_bsp_0/ps7_cortexa9_0/include/xgpio_l.h:86,
                 from E:/Workspaces/Workspace_Vivado/Practica1/project_1/project_1.sdk/standalone_bsp_0/standalone_bsp_0/ps7_cortexa9_0/include/xgpio.h:121,
                 from ../src/helloworld.c:50:
E:/Workspaces/Workspace_Vivado/Practica1/project_1/project_1.sdk/standalone_bsp_0/standalone_bsp_0/ps7_cortexa9_0/include/xil_printf.h:36:6: note: previous declaration of 'print' was here
 void print( const char8 *ptr);
      ^
../src/helloworld.c:55:15: error: expected '=', ',', ';', 'asm' or '__attribute__' before 'typedef'
 XGpio my_Gpio typedef struct {
               ^
../src/helloworld.c:60:3: error: conflicting types for 'XGpio'
 } XGpio;
   ^
In file included from ../src/helloworld.c:50:0:
E:/Workspaces/Workspace_Vivado/Practica1/project_1/project_1.sdk/standalone_bsp_0/standalone_bsp_0/ps7_cortexa9_0/include/xgpio.h:147:3: note: previous declaration of 'XGpio' was here
 } XGpio;
   ^
../src/helloworld.c: In function 'main':
../src/helloworld.c:68:2: error: 'status' undeclared (first use in this function)
  status = Xgpio_CfgInitialize(&mi_gpio,mi_GPIO_config, mi_GPIO_config-> Baseaddr)
  ^
../src/helloworld.c:68:2: note: each undeclared identifier is reported only once for each function it appears in
../src/helloworld.c:68:2: warning: implicit declaration of function 'Xgpio_CfgInitialize' [-Wimplicit-function-declaration]
../src/helloworld.c:68:40: error: 'mi_GPIO_config' undeclared (first use in this function)
  status = Xgpio_CfgInitialize(&mi_gpio,mi_GPIO_config, mi_GPIO_config-> Baseaddr)
                                        ^
../src/helloworld.c:70:5: error: expected ';' before 'init_platform'
     init_platform();
     ^
../src/helloworld.c:66:16: warning: variable 'mi_GPIO_Config' set but not used [-Wunused-but-set-variable]
  XGpio_Config *mi_GPIO_Config;
                ^
make: *** [src/helloworld.o] Error 1
16:57:51 **** Auto Build of configuration Debug for project Practica2.c ****
make all 
'Building file: ../src/helloworld.c'
'Invoking: ARM gcc compiler'
arm-xilinx-eabi-gcc -Wall -O0 -g3 -c -fmessage-length=0 -MT"src/helloworld.o" -IE:/Workspaces/Workspace_Vivado/Practica1/project_1/project_1.sdk/standalone_bsp_0/standalone_bsp_0/ps7_cortexa9_0/include -MMD -MP -MF"src/helloworld.d" -MT"src/helloworld.d" -o "src/helloworld.o" "../src/helloworld.c"
../src/helloworld.c:53:6: error: conflicting types for 'print'
 void print(char *str);
      ^
In file included from E:/Workspaces/Workspace_Vivado/Practica1/project_1/project_1.sdk/standalone_bsp_0/standalone_bsp_0/ps7_cortexa9_0/include/xil_io.h:65:0,
                 from E:/Workspaces/Workspace_Vivado/Practica1/project_1/project_1.sdk/standalone_bsp_0/standalone_bsp_0/ps7_cortexa9_0/include/xgpio_l.h:86,
                 from E:/Workspaces/Workspace_Vivado/Practica1/project_1/project_1.sdk/standalone_bsp_0/standalone_bsp_0/ps7_cortexa9_0/include/xgpio.h:121,
                 from ../src/helloworld.c:50:
E:/Workspaces/Workspace_Vivado/Practica1/project_1/project_1.sdk/standalone_bsp_0/standalone_bsp_0/ps7_cortexa9_0/include/xil_printf.h:36:6: note: previous declaration of 'print' was here
 void print( const char8 *ptr);
      ^
../src/helloworld.c:55:15: error: expected '=', ',', ';', 'asm' or '__attribute__' before 'typedef'
 XGpio my_Gpio typedef struct {
               ^
../src/helloworld.c:60:3: error: conflicting types for 'XGpio'
 } XGpio;
   ^
In file included from ../src/helloworld.c:50:0:
E:/Workspaces/Workspace_Vivado/Practica1/project_1/project_1.sdk/standalone_bsp_0/standalone_bsp_0/ps7_cortexa9_0/include/xgpio.h:147:3: note: previous declaration of 'XGpio' was here
 } XGpio;
   ^
../src/helloworld.c: In function 'main':
../src/helloworld.c:68:2: error: 'status' undeclared (first use in this function)
  status = Xgpio_CfgInitialize(&mi_gpio,mi_GPIO_config, mi_GPIO_config-> Baseaddr);
  ^
../src/helloworld.c:68:2: note: each undeclared identifier is reported only once for each function it appears in
../src/helloworld.c:68:2: warning: implicit declaration of function 'Xgpio_CfgInitialize' [-Wimplicit-function-declaration]
../src/helloworld.c:68:40: error: 'mi_GPIO_config' undeclared (first use in this function)
  status = Xgpio_CfgInitialize(&mi_gpio,mi_GPIO_config, mi_GPIO_config-> Baseaddr);
                                        ^
../src/helloworld.c:66:16: warning: variable 'mi_GPIO_Config' set but not used [-Wunused-but-set-variable]
  XGpio_Config *mi_GPIO_Config;
                ^
make: *** [src/helloworld.o] Error 1
16:58:53 **** Auto Build of configuration Debug for project Practica2.c ****
make all 
'Building file: ../src/helloworld.c'
'Invoking: ARM gcc compiler'
arm-xilinx-eabi-gcc -Wall -O0 -g3 -c -fmessage-length=0 -MT"src/helloworld.o" -IE:/Workspaces/Workspace_Vivado/Practica1/project_1/project_1.sdk/standalone_bsp_0/standalone_bsp_0/ps7_cortexa9_0/include -MMD -MP -MF"src/helloworld.d" -MT"src/helloworld.d" -o "src/helloworld.o" "../src/helloworld.c"
../src/helloworld.c:53:6: error: conflicting types for 'print'
 void print(char *str);
      ^
In file included from E:/Workspaces/Workspace_Vivado/Practica1/project_1/project_1.sdk/standalone_bsp_0/standalone_bsp_0/ps7_cortexa9_0/include/xil_io.h:65:0,
                 from E:/Workspaces/Workspace_Vivado/Practica1/project_1/project_1.sdk/standalone_bsp_0/standalone_bsp_0/ps7_cortexa9_0/include/xgpio_l.h:86,
                 from E:/Workspaces/Workspace_Vivado/Practica1/project_1/project_1.sdk/standalone_bsp_0/standalone_bsp_0/ps7_cortexa9_0/include/xgpio.h:121,
                 from ../src/helloworld.c:50:
E:/Workspaces/Workspace_Vivado/Practica1/project_1/project_1.sdk/standalone_bsp_0/standalone_bsp_0/ps7_cortexa9_0/include/xil_printf.h:36:6: note: previous declaration of 'print' was here
 void print( const char8 *ptr);
      ^
../src/helloworld.c:55:15: error: expected '=', ',', ';', 'asm' or '__attribute__' before 'typedef'
 XGpio my_Gpio typedef struct {
               ^
../src/helloworld.c:60:3: error: conflicting types for 'XGpio'
 } XGpio;
   ^
In file included from ../src/helloworld.c:50:0:
E:/Workspaces/Workspace_Vivado/Practica1/project_1/project_1.sdk/standalone_bsp_0/standalone_bsp_0/ps7_cortexa9_0/include/xgpio.h:147:3: note: previous declaration of 'XGpio' was here
 } XGpio;
   ^
../src/helloworld.c: In function 'main':
../src/helloworld.c:69:2: error: 'status' undeclared (first use in this function)
  status = Xgpio_CfgInitialize(&mi_gpio, mi_GPIO_Config, mi_GPIO_Config-> Baseaddr);
  ^
../src/helloworld.c:69:2: note: each undeclared identifier is reported only once for each function it appears in
../src/helloworld.c:69:2: warning: implicit declaration of function 'Xgpio_CfgInitialize' [-Wimplicit-function-declaration]
../src/helloworld.c:69:71: error: 'XGpio_Config' has no member named 'Baseaddr'
  status = Xgpio_CfgInitialize(&mi_gpio, mi_GPIO_Config, mi_GPIO_Config-> Baseaddr);
                                                                       ^
make: *** [src/helloworld.o] Error 1
16:59:36 **** Auto Build of configuration Debug for project Practica2.c ****
make all 
'Building file: ../src/helloworld.c'
'Invoking: ARM gcc compiler'
arm-xilinx-eabi-gcc -Wall -O0 -g3 -c -fmessage-length=0 -MT"src/helloworld.o" -IE:/Workspaces/Workspace_Vivado/Practica1/project_1/project_1.sdk/standalone_bsp_0/standalone_bsp_0/ps7_cortexa9_0/include -MMD -MP -MF"src/helloworld.d" -MT"src/helloworld.d" -o "src/helloworld.o" "../src/helloworld.c"
../src/helloworld.c:53:6: error: conflicting types for 'print'
 void print(char *str);
      ^
In file included from E:/Workspaces/Workspace_Vivado/Practica1/project_1/project_1.sdk/standalone_bsp_0/standalone_bsp_0/ps7_cortexa9_0/include/xil_io.h:65:0,
                 from E:/Workspaces/Workspace_Vivado/Practica1/project_1/project_1.sdk/standalone_bsp_0/standalone_bsp_0/ps7_cortexa9_0/include/xgpio_l.h:86,
                 from E:/Workspaces/Workspace_Vivado/Practica1/project_1/project_1.sdk/standalone_bsp_0/standalone_bsp_0/ps7_cortexa9_0/include/xgpio.h:121,
                 from ../src/helloworld.c:50:
E:/Workspaces/Workspace_Vivado/Practica1/project_1/project_1.sdk/standalone_bsp_0/standalone_bsp_0/ps7_cortexa9_0/include/xil_printf.h:36:6: note: previous declaration of 'print' was here
 void print( const char8 *ptr);
      ^
../src/helloworld.c:59:2: error: unknown type name 'XGpio_Handler'
  XGpio_Handler Handler;
  ^
../src/helloworld.c:61:3: error: conflicting types for 'XGpio'
 } XGpio;
   ^
In file included from ../src/helloworld.c:50:0:
E:/Workspaces/Workspace_Vivado/Practica1/project_1/project_1.sdk/standalone_bsp_0/standalone_bsp_0/ps7_cortexa9_0/include/xgpio.h:147:3: note: previous declaration of 'XGpio' was here
 } XGpio;
   ^
../src/helloworld.c: In function 'main':
../src/helloworld.c:70:2: error: 'status' undeclared (first use in this function)
  status = Xgpio_CfgInitialize(&mi_gpio, mi_GPIO_Config, mi_GPIO_Config -> Baseaddr);
  ^
../src/helloworld.c:70:2: note: each undeclared identifier is reported only once for each function it appears in
../src/helloworld.c:70:2: warning: implicit declaration of function 'Xgpio_CfgInitialize' [-Wimplicit-function-declaration]
../src/helloworld.c:70:72: error: 'XGpio_Config' has no member named 'Baseaddr'
  status = Xgpio_CfgInitialize(&mi_gpio, mi_GPIO_Config, mi_GPIO_Config -> Baseaddr);
                                                                        ^
make: *** [src/helloworld.o] Error 1
17:00:02 **** Auto Build of configuration Debug for project Practica2.c ****
make all 
'Building file: ../src/helloworld.c'
'Invoking: ARM gcc compiler'
arm-xilinx-eabi-gcc -Wall -O0 -g3 -c -fmessage-length=0 -MT"src/helloworld.o" -IE:/Workspaces/Workspace_Vivado/Practica1/project_1/project_1.sdk/standalone_bsp_0/standalone_bsp_0/ps7_cortexa9_0/include -MMD -MP -MF"src/helloworld.d" -MT"src/helloworld.d" -o "src/helloworld.o" "../src/helloworld.c"
../src/helloworld.c:53:6: error: conflicting types for 'print'
 void print(char *str);
      ^
In file included from E:/Workspaces/Workspace_Vivado/Practica1/project_1/project_1.sdk/standalone_bsp_0/standalone_bsp_0/ps7_cortexa9_0/include/xil_io.h:65:0,
                 from E:/Workspaces/Workspace_Vivado/Practica1/project_1/project_1.sdk/standalone_bsp_0/standalone_bsp_0/ps7_cortexa9_0/include/xgpio_l.h:86,
                 from E:/Workspaces/Workspace_Vivado/Practica1/project_1/project_1.sdk/standalone_bsp_0/standalone_bsp_0/ps7_cortexa9_0/include/xgpio.h:121,
                 from ../src/helloworld.c:50:
E:/Workspaces/Workspace_Vivado/Practica1/project_1/project_1.sdk/standalone_bsp_0/standalone_bsp_0/ps7_cortexa9_0/include/xil_printf.h:36:6: note: previous declaration of 'print' was here
 void print( const char8 *ptr);
      ^
../src/helloworld.c:59:2: error: unknown type name 'XGpio_Handler'
  XGpio_Handler Handler;
  ^
../src/helloworld.c:61:3: error: conflicting types for 'XGpio'
 } XGpio;
   ^
In file included from ../src/helloworld.c:50:0:
E:/Workspaces/Workspace_Vivado/Practica1/project_1/project_1.sdk/standalone_bsp_0/standalone_bsp_0/ps7_cortexa9_0/include/xgpio.h:147:3: note: previous declaration of 'XGpio' was here
 } XGpio;
   ^
../src/helloworld.c: In function 'main':
../src/helloworld.c:70:2: error: 'status' undeclared (first use in this function)
  status = Xgpio_CfgInitialize(&mi_gpio, mi_GPIO_Config, mi_GPIO_Config -> Baseaddr);
  ^
../src/helloworld.c:70:2: note: each undeclared identifier is reported only once for each function it appears in
../src/helloworld.c:70:2: warning: implicit declaration of function 'Xgpio_CfgInitialize' [-Wimplicit-function-declaration]
../src/helloworld.c:70:72: error: 'XGpio_Config' has no member named 'Baseaddr'
  status = Xgpio_CfgInitialize(&mi_gpio, mi_GPIO_Config, mi_GPIO_Config -> Baseaddr);
                                                                        ^
make: *** [src/helloworld.o] Error 1
17:00:20 **** Auto Build of configuration Debug for project Practica2.c ****
make all 
'Building file: ../src/helloworld.c'
'Invoking: ARM gcc compiler'
arm-xilinx-eabi-gcc -Wall -O0 -g3 -c -fmessage-length=0 -MT"src/helloworld.o" -IE:/Workspaces/Workspace_Vivado/Practica1/project_1/project_1.sdk/standalone_bsp_0/standalone_bsp_0/ps7_cortexa9_0/include -MMD -MP -MF"src/helloworld.d" -MT"src/helloworld.d" -o "src/helloworld.o" "../src/helloworld.c"
../src/helloworld.c:53:6: error: conflicting types for 'print'
 void print(char *str);
      ^
In file included from E:/Workspaces/Workspace_Vivado/Practica1/project_1/project_1.sdk/standalone_bsp_0/standalone_bsp_0/ps7_cortexa9_0/include/xil_io.h:65:0,
                 from E:/Workspaces/Workspace_Vivado/Practica1/project_1/project_1.sdk/standalone_bsp_0/standalone_bsp_0/ps7_cortexa9_0/include/xgpio_l.h:86,
                 from E:/Workspaces/Workspace_Vivado/Practica1/project_1/project_1.sdk/standalone_bsp_0/standalone_bsp_0/ps7_cortexa9_0/include/xgpio.h:121,
                 from ../src/helloworld.c:50:
E:/Workspaces/Workspace_Vivado/Practica1/project_1/project_1.sdk/standalone_bsp_0/standalone_bsp_0/ps7_cortexa9_0/include/xil_printf.h:36:6: note: previous declaration of 'print' was here
 void print( const char8 *ptr);
      ^
../src/helloworld.c:59:2: error: unknown type name 'XGpio_Handler'
  XGpio_Handler Handler;
  ^
../src/helloworld.c:61:3: error: conflicting types for 'XGpio'
 } XGpio;
   ^
In file included from ../src/helloworld.c:50:0:
E:/Workspaces/Workspace_Vivado/Practica1/project_1/project_1.sdk/standalone_bsp_0/standalone_bsp_0/ps7_cortexa9_0/include/xgpio.h:147:3: note: previous declaration of 'XGpio' was here
 } XGpio;
   ^
../src/helloworld.c: In function 'main':
../src/helloworld.c:70:2: error: 'status' undeclared (first use in this function)
  status = Xgpio_CfgInitialize(&mi_gpio, mi_GPIO_Config, mi_GPIO_Config -> Baseaddr);
  ^
../src/helloworld.c:70:2: note: each undeclared identifier is reported only once for each function it appears in
../src/helloworld.c:70:2: warning: implicit declaration of function 'Xgpio_CfgInitialize' [-Wimplicit-function-declaration]
../src/helloworld.c:70:72: error: 'XGpio_Config' has no member named 'Baseaddr'
  status = Xgpio_CfgInitialize(&mi_gpio, mi_GPIO_Config, mi_GPIO_Config -> Baseaddr);
                                                                        ^
make: *** [src/helloworld.o] Error 1
17:00:55 **** Auto Build of configuration Debug for project Practica2.c ****
make all 
'Building file: ../src/helloworld.c'
'Invoking: ARM gcc compiler'
arm-xilinx-eabi-gcc -Wall -O0 -g3 -c -fmessage-length=0 -MT"src/helloworld.o" -IE:/Workspaces/Workspace_Vivado/Practica1/project_1/project_1.sdk/standalone_bsp_0/standalone_bsp_0/ps7_cortexa9_0/include -MMD -MP -MF"src/helloworld.d" -MT"src/helloworld.d" -o "src/helloworld.o" "../src/helloworld.c"
../src/helloworld.c:53:6: error: conflicting types for 'print'
 void print(char *str);
      ^
In file included from E:/Workspaces/Workspace_Vivado/Practica1/project_1/project_1.sdk/standalone_bsp_0/standalone_bsp_0/ps7_cortexa9_0/include/xil_io.h:65:0,
                 from E:/Workspaces/Workspace_Vivado/Practica1/project_1/project_1.sdk/standalone_bsp_0/standalone_bsp_0/ps7_cortexa9_0/include/xgpio_l.h:86,
                 from E:/Workspaces/Workspace_Vivado/Practica1/project_1/project_1.sdk/standalone_bsp_0/standalone_bsp_0/ps7_cortexa9_0/include/xgpio.h:121,
                 from ../src/helloworld.c:50:
E:/Workspaces/Workspace_Vivado/Practica1/project_1/project_1.sdk/standalone_bsp_0/standalone_bsp_0/ps7_cortexa9_0/include/xil_printf.h:36:6: note: previous declaration of 'print' was here
 void print( const char8 *ptr);
      ^
../src/helloworld.c:59:2: error: unknown type name 'XGpio_Handler'
  XGpio_Handler Handler;
  ^
../src/helloworld.c:61:3: error: conflicting types for 'XGpio'
 } XGpio;
   ^
In file included from ../src/helloworld.c:50:0:
E:/Workspaces/Workspace_Vivado/Practica1/project_1/project_1.sdk/standalone_bsp_0/standalone_bsp_0/ps7_cortexa9_0/include/xgpio.h:147:3: note: previous declaration of 'XGpio' was here
 } XGpio;
   ^
../src/helloworld.c: In function 'main':
../src/helloworld.c:70:2: error: 'status' undeclared (first use in this function)
  status = Xgpio_CfgInitialize(&mi_gpio, mi_GPIO_Config, mi_GPIO_Config -> Baseaddr);
  ^
../src/helloworld.c:70:2: note: each undeclared identifier is reported only once for each function it appears in
../src/helloworld.c:70:2: warning: implicit declaration of function 'Xgpio_CfgInitialize' [-Wimplicit-function-declaration]
../src/helloworld.c:70:72: error: 'XGpio_Config' has no member named 'Baseaddr'
  status = Xgpio_CfgInitialize(&mi_gpio, mi_GPIO_Config, mi_GPIO_Config -> Baseaddr);
                                                                        ^
make: *** [src/helloworld.o] Error 1
17:01:16 **** Auto Build of configuration Debug for project Practica2.c ****
make all 
'Building file: ../src/helloworld.c'
'Invoking: ARM gcc compiler'
arm-xilinx-eabi-gcc -Wall -O0 -g3 -c -fmessage-length=0 -MT"src/helloworld.o" -IE:/Workspaces/Workspace_Vivado/Practica1/project_1/project_1.sdk/standalone_bsp_0/standalone_bsp_0/ps7_cortexa9_0/include -MMD -MP -MF"src/helloworld.d" -MT"src/helloworld.d" -o "src/helloworld.o" "../src/helloworld.c"
../src/helloworld.c:53:6: error: conflicting types for 'print'
 void print(char *str);
      ^
In file included from E:/Workspaces/Workspace_Vivado/Practica1/project_1/project_1.sdk/standalone_bsp_0/standalone_bsp_0/ps7_cortexa9_0/include/xil_io.h:65:0,
                 from E:/Workspaces/Workspace_Vivado/Practica1/project_1/project_1.sdk/standalone_bsp_0/standalone_bsp_0/ps7_cortexa9_0/include/xgpio_l.h:86,
                 from E:/Workspaces/Workspace_Vivado/Practica1/project_1/project_1.sdk/standalone_bsp_0/standalone_bsp_0/ps7_cortexa9_0/include/xgpio.h:121,
                 from ../src/helloworld.c:50:
E:/Workspaces/Workspace_Vivado/Practica1/project_1/project_1.sdk/standalone_bsp_0/standalone_bsp_0/ps7_cortexa9_0/include/xil_printf.h:36:6: note: previous declaration of 'print' was here
 void print( const char8 *ptr);
      ^
../src/helloworld.c:59:2: error: unknown type name 'XGpio_Handler'
  XGpio_Handler Handler;
  ^
../src/helloworld.c:61:3: error: conflicting types for 'XGpio'
 } XGpio;
   ^
In file included from ../src/helloworld.c:50:0:
E:/Workspaces/Workspace_Vivado/Practica1/project_1/project_1.sdk/standalone_bsp_0/standalone_bsp_0/ps7_cortexa9_0/include/xgpio.h:147:3: note: previous declaration of 'XGpio' was here
 } XGpio;
   ^
../src/helloworld.c: In function 'main':
../src/helloworld.c:70:2: error: 'status' undeclared (first use in this function)
  status = Xgpio_CfgInitialize(&mi_gpio, mi_GPIO_Config, mi_GPIO_Config -> Baseaddr);
  ^
../src/helloworld.c:70:2: note: each undeclared identifier is reported only once for each function it appears in
../src/helloworld.c:70:2: warning: implicit declaration of function 'Xgpio_CfgInitialize' [-Wimplicit-function-declaration]
../src/helloworld.c:70:72: error: 'XGpio_Config' has no member named 'Baseaddr'
  status = Xgpio_CfgInitialize(&mi_gpio, mi_GPIO_Config, mi_GPIO_Config -> Baseaddr);
                                                                        ^
make: *** [src/helloworld.o] Error 1
17:02:17 **** Auto Build of configuration Debug for project Practica2.c ****
make all 
'Building file: ../src/helloworld.c'
'Invoking: ARM gcc compiler'
arm-xilinx-eabi-gcc -Wall -O0 -g3 -c -fmessage-length=0 -MT"src/helloworld.o" -IE:/Workspaces/Workspace_Vivado/Practica1/project_1/project_1.sdk/standalone_bsp_0/standalone_bsp_0/ps7_cortexa9_0/include -MMD -MP -MF"src/helloworld.d" -MT"src/helloworld.d" -o "src/helloworld.o" "../src/helloworld.c"
../src/helloworld.c:53:6: error: conflicting types for 'print'
 void print(char *str);
      ^
In file included from E:/Workspaces/Workspace_Vivado/Practica1/project_1/project_1.sdk/standalone_bsp_0/standalone_bsp_0/ps7_cortexa9_0/include/xil_io.h:65:0,
                 from E:/Workspaces/Workspace_Vivado/Practica1/project_1/project_1.sdk/standalone_bsp_0/standalone_bsp_0/ps7_cortexa9_0/include/xgpio_l.h:86,
                 from E:/Workspaces/Workspace_Vivado/Practica1/project_1/project_1.sdk/standalone_bsp_0/standalone_bsp_0/ps7_cortexa9_0/include/xgpio.h:121,
                 from ../src/helloworld.c:50:
E:/Workspaces/Workspace_Vivado/Practica1/project_1/project_1.sdk/standalone_bsp_0/standalone_bsp_0/ps7_cortexa9_0/include/xil_printf.h:36:6: note: previous declaration of 'print' was here
 void print( const char8 *ptr);
      ^
../src/helloworld.c:59:2: error: unknown type name 'XGpio_Handler'
  XGpio_Handler Handler;
  ^
../src/helloworld.c:61:3: error: conflicting types for 'XGpio'
 } XGpio;
   ^
In file included from ../src/helloworld.c:50:0:
E:/Workspaces/Workspace_Vivado/Practica1/project_1/project_1.sdk/standalone_bsp_0/standalone_bsp_0/ps7_cortexa9_0/include/xgpio.h:147:3: note: previous declaration of 'XGpio' was here
 } XGpio;
   ^
../src/helloworld.c: In function 'main':
../src/helloworld.c:70:2: error: 'Status' undeclared (first use in this function)
  Status = Xgpio_CfgInitialize(&mi_gpio, mi_GPIO_Config, mi_GPIO_Config -> Baseaddr);
  ^
../src/helloworld.c:70:2: note: each undeclared identifier is reported only once for each function it appears in
../src/helloworld.c:70:2: warning: implicit declaration of function 'Xgpio_CfgInitialize' [-Wimplicit-function-declaration]
../src/helloworld.c:70:72: error: 'XGpio_Config' has no member named 'Baseaddr'
  Status = Xgpio_CfgInitialize(&mi_gpio, mi_GPIO_Config, mi_GPIO_Config -> Baseaddr);
                                                                        ^
make: *** [src/helloworld.o] Error 1
17:03:05 **** Auto Build of configuration Debug for project Practica2.c ****
make all 
'Building file: ../src/helloworld.c'
'Invoking: ARM gcc compiler'
arm-xilinx-eabi-gcc -Wall -O0 -g3 -c -fmessage-length=0 -MT"src/helloworld.o" -IE:/Workspaces/Workspace_Vivado/Practica1/project_1/project_1.sdk/standalone_bsp_0/standalone_bsp_0/ps7_cortexa9_0/include -MMD -MP -MF"src/helloworld.d" -MT"src/helloworld.d" -o "src/helloworld.o" "../src/helloworld.c"
../src/helloworld.c:53:6: error: conflicting types for 'print'
 void print(char *str);
      ^
In file included from E:/Workspaces/Workspace_Vivado/Practica1/project_1/project_1.sdk/standalone_bsp_0/standalone_bsp_0/ps7_cortexa9_0/include/xil_io.h:65:0,
                 from E:/Workspaces/Workspace_Vivado/Practica1/project_1/project_1.sdk/standalone_bsp_0/standalone_bsp_0/ps7_cortexa9_0/include/xgpio_l.h:86,
                 from E:/Workspaces/Workspace_Vivado/Practica1/project_1/project_1.sdk/standalone_bsp_0/standalone_bsp_0/ps7_cortexa9_0/include/xgpio.h:121,
                 from ../src/helloworld.c:50:
E:/Workspaces/Workspace_Vivado/Practica1/project_1/project_1.sdk/standalone_bsp_0/standalone_bsp_0/ps7_cortexa9_0/include/xil_printf.h:36:6: note: previous declaration of 'print' was here
 void print( const char8 *ptr);
      ^
../src/helloworld.c:59:2: error: unknown type name 'XGpio_Handler'
  XGpio_Handler Handler;
  ^
../src/helloworld.c:61:3: error: conflicting types for 'XGpio'
 } XGpio;
   ^
In file included from ../src/helloworld.c:50:0:
E:/Workspaces/Workspace_Vivado/Practica1/project_1/project_1.sdk/standalone_bsp_0/standalone_bsp_0/ps7_cortexa9_0/include/xgpio.h:147:3: note: previous declaration of 'XGpio' was here
 } XGpio;
   ^
../src/helloworld.c: In function 'main':
../src/helloworld.c:70:2: error: 'Status' undeclared (first use in this function)
  Status = Xgpio_CfgInitialize(&mi_gpio, mi_GPIO_Config, mi_GPIO_Config -> Baseaddr);
  ^
../src/helloworld.c:70:2: note: each undeclared identifier is reported only once for each function it appears in
../src/helloworld.c:70:2: warning: implicit declaration of function 'Xgpio_CfgInitialize' [-Wimplicit-function-declaration]
../src/helloworld.c:70:72: error: 'XGpio_Config' has no member named 'Baseaddr'
  Status = Xgpio_CfgInitialize(&mi_gpio, mi_GPIO_Config, mi_GPIO_Config -> Baseaddr);
                                                                        ^
make: *** [src/helloworld.o] Error 1
17:08:10 **** Auto Build of configuration Debug for project Practica2.c ****
make all 
'Building file: ../src/helloworld.c'
'Invoking: ARM gcc compiler'
arm-xilinx-eabi-gcc -Wall -O0 -g3 -c -fmessage-length=0 -MT"src/helloworld.o" -IE:/Workspaces/Workspace_Vivado/Practica1/project_1/project_1.sdk/standalone_bsp_0/standalone_bsp_0/ps7_cortexa9_0/include -MMD -MP -MF"src/helloworld.d" -MT"src/helloworld.d" -o "src/helloworld.o" "../src/helloworld.c"
../src/helloworld.c:53:6: error: conflicting types for 'print'
 void print(char *str);
      ^
In file included from E:/Workspaces/Workspace_Vivado/Practica1/project_1/project_1.sdk/standalone_bsp_0/standalone_bsp_0/ps7_cortexa9_0/include/xil_io.h:65:0,
                 from E:/Workspaces/Workspace_Vivado/Practica1/project_1/project_1.sdk/standalone_bsp_0/standalone_bsp_0/ps7_cortexa9_0/include/xgpio_l.h:86,
                 from E:/Workspaces/Workspace_Vivado/Practica1/project_1/project_1.sdk/standalone_bsp_0/standalone_bsp_0/ps7_cortexa9_0/include/xgpio.h:121,
                 from ../src/helloworld.c:50:
E:/Workspaces/Workspace_Vivado/Practica1/project_1/project_1.sdk/standalone_bsp_0/standalone_bsp_0/ps7_cortexa9_0/include/xil_printf.h:36:6: note: previous declaration of 'print' was here
 void print( const char8 *ptr);
      ^
../src/helloworld.c:60:2: error: unknown type name 'XGpio_Handler'
  XGpio_Handler Handler;
  ^
../src/helloworld.c:62:3: error: conflicting types for 'XGpio'
 } XGpio;
   ^
In file included from ../src/helloworld.c:50:0:
E:/Workspaces/Workspace_Vivado/Practica1/project_1/project_1.sdk/standalone_bsp_0/standalone_bsp_0/ps7_cortexa9_0/include/xgpio.h:147:3: note: previous declaration of 'XGpio' was here
 } XGpio;
   ^
../src/helloworld.c: In function 'main':
../src/helloworld.c:71:2: error: 'Status' undeclared (first use in this function)
  Status = Xgpio_CfgInitialize(&mi_gpio, mi_GPIO_Config, mi_GPIO_Config -> Baseaddr);
  ^
../src/helloworld.c:71:2: note: each undeclared identifier is reported only once for each function it appears in
../src/helloworld.c:71:2: warning: implicit declaration of function 'Xgpio_CfgInitialize' [-Wimplicit-function-declaration]
../src/helloworld.c:71:72: error: 'XGpio_Config' has no member named 'Baseaddr'
  Status = Xgpio_CfgInitialize(&mi_gpio, mi_GPIO_Config, mi_GPIO_Config -> Baseaddr);
                                                                        ^
make: *** [src/helloworld.o] Error 1
17:08:38 **** Auto Build of configuration Debug for project Practica2.c ****
make all 
'Building file: ../src/helloworld.c'
'Invoking: ARM gcc compiler'
arm-xilinx-eabi-gcc -Wall -O0 -g3 -c -fmessage-length=0 -MT"src/helloworld.o" -IE:/Workspaces/Workspace_Vivado/Practica1/project_1/project_1.sdk/standalone_bsp_0/standalone_bsp_0/ps7_cortexa9_0/include -MMD -MP -MF"src/helloworld.d" -MT"src/helloworld.d" -o "src/helloworld.o" "../src/helloworld.c"
../src/helloworld.c:58:2: error: unknown type name 'XGpio_Handler'
  XGpio_Handler Handler;
  ^
../src/helloworld.c:60:3: error: conflicting types for 'XGpio'
 } XGpio;
   ^
In file included from ../src/helloworld.c:50:0:
E:/Workspaces/Workspace_Vivado/Practica1/project_1/project_1.sdk/standalone_bsp_0/standalone_bsp_0/ps7_cortexa9_0/include/xgpio.h:147:3: note: previous declaration of 'XGpio' was here
 } XGpio;
   ^
../src/helloworld.c: In function 'main':
../src/helloworld.c:69:2: error: 'Status' undeclared (first use in this function)
  Status = Xgpio_CfgInitialize(&mi_gpio, mi_GPIO_Config, mi_GPIO_Config -> Baseaddr);
  ^
../src/helloworld.c:69:2: note: each undeclared identifier is reported only once for each function it appears in
../src/helloworld.c:69:2: warning: implicit declaration of function 'Xgpio_CfgInitialize' [-Wimplicit-function-declaration]
../src/helloworld.c:69:72: error: 'XGpio_Config' has no member named 'Baseaddr'
  Status = Xgpio_CfgInitialize(&mi_gpio, mi_GPIO_Config, mi_GPIO_Config -> Baseaddr);
                                                                        ^
make: *** [src/helloworld.o] Error 1
17:12:25 **** Incremental Build of configuration Debug for project Practica2.c ****
make all 
'Building file: ../src/helloworld.c'
'Invoking: ARM gcc compiler'
arm-xilinx-eabi-gcc -Wall -O0 -g3 -c -fmessage-length=0 -MT"src/helloworld.o" -IE:/Workspaces/Workspace_Vivado/Practica1/project_1/project_1.sdk/standalone_bsp_0/standalone_bsp_0/ps7_cortexa9_0/include -MMD -MP -MF"src/helloworld.d" -MT"src/helloworld.d" -o "src/helloworld.o" "../src/helloworld.c"
../src/helloworld.c:58:2: error: unknown type name 'XGpio_Handler'
  XGpio_Handler Handler;
  ^
../src/helloworld.c:60:3: error: conflicting types for 'XGpio'
 } XGpio;
   ^
In file included from ../src/helloworld.c:50:0:
E:/Workspaces/Workspace_Vivado/Practica1/project_1/project_1.sdk/standalone_bsp_0/standalone_bsp_0/ps7_cortexa9_0/include/xgpio.h:147:3: note: previous declaration of 'XGpio' was here
 } XGpio;
   ^
../src/helloworld.c: In function 'main':
../src/helloworld.c:69:2: error: 'Status' undeclared (first use in this function)
  Status = Xgpio_CfgInitialize(&mi_gpio, mi_GPIO_Config, mi_GPIO_Config -> Baseaddr);
  ^
../src/helloworld.c:69:2: note: each undeclared identifier is reported only once for each function it appears in
../src/helloworld.c:69:2: warning: implicit declaration of function 'Xgpio_CfgInitialize' [-Wimplicit-function-declaration]
../src/helloworld.c:69:72: error: 'XGpio_Config' has no member named 'Baseaddr'
  Status = Xgpio_CfgInitialize(&mi_gpio, mi_GPIO_Config, mi_GPIO_Config -> Baseaddr);
                                                                        ^
make: *** [src/helloworld.o] Error 1
17:14:12 **** Auto Build of configuration Debug for project Practica2.c ****
make all 
'Building file: ../src/helloworld.c'
'Invoking: ARM gcc compiler'
arm-xilinx-eabi-gcc -Wall -O0 -g3 -c -fmessage-length=0 -MT"src/helloworld.o" -IE:/Workspaces/Workspace_Vivado/Practica1/project_1/project_1.sdk/standalone_bsp_0/standalone_bsp_0/ps7_cortexa9_0/include -MMD -MP -MF"src/helloworld.d" -MT"src/helloworld.d" -o "src/helloworld.o" "../src/helloworld.c"
../src/helloworld.c:58:2: error: unknown type name 'XGpio_Handler'
  XGpio_Handler Handler;
  ^
../src/helloworld.c:60:3: error: conflicting types for 'XGpio'
 } XGpio;
   ^
In file included from ../src/helloworld.c:50:0:
E:/Workspaces/Workspace_Vivado/Practica1/project_1/project_1.sdk/standalone_bsp_0/standalone_bsp_0/ps7_cortexa9_0/include/xgpio.h:147:3: note: previous declaration of 'XGpio' was here
 } XGpio;
   ^
../src/helloworld.c: In function 'main':
../src/helloworld.c:70:2: warning: implicit declaration of function 'Xgpio_CfgInitialize' [-Wimplicit-function-declaration]
  Status = Xgpio_CfgInitialize(&mi_gpio, mi_GPIO_Config, mi_GPIO_Config -> Baseaddr);
  ^
../src/helloworld.c:70:72: error: 'XGpio_Config' has no member named 'Baseaddr'
  Status = Xgpio_CfgInitialize(&mi_gpio, mi_GPIO_Config, mi_GPIO_Config -> Baseaddr);
                                                                        ^
../src/helloworld.c:65:6: warning: variable 'Status' set but not used [-Wunused-but-set-variable]
  int Status;
      ^
make: *** [src/helloworld.o] Error 1
17:20:32 **** Auto Build of configuration Debug for project Practica2.c ****
make all 
'Building file: ../src/helloworld.c'
'Invoking: ARM gcc compiler'
arm-xilinx-eabi-gcc -Wall -O0 -g3 -c -fmessage-length=0 -MT"src/helloworld.o" -IE:/Workspaces/Workspace_Vivado/Practica1/project_1/project_1.sdk/standalone_bsp_0/standalone_bsp_0/ps7_cortexa9_0/include -MMD -MP -MF"src/helloworld.d" -MT"src/helloworld.d" -o "src/helloworld.o" "../src/helloworld.c"
../src/helloworld.c:58:2: error: unknown type name 'XGpio_Handler'
  XGpio_Handler Handler;
  ^
../src/helloworld.c:60:3: error: conflicting types for 'XGpio'
 } XGpio;
   ^
In file included from ../src/helloworld.c:50:0:
E:/Workspaces/Workspace_Vivado/Practica1/project_1/project_1.sdk/standalone_bsp_0/standalone_bsp_0/ps7_cortexa9_0/include/xgpio.h:147:3: note: previous declaration of 'XGpio' was here
 } XGpio;
   ^
../src/helloworld.c: In function 'main':
../src/helloworld.c:70:2: warning: implicit declaration of function 'Xgpio_CfgInitialize' [-Wimplicit-function-declaration]
  Status = Xgpio_CfgInitialize(&mi_gpio, mi_GPIO_Config, mi_GPIO_Config ->Baseaddr);
  ^
../src/helloworld.c:70:72: error: 'XGpio_Config' has no member named 'Baseaddr'
  Status = Xgpio_CfgInitialize(&mi_gpio, mi_GPIO_Config, mi_GPIO_Config ->Baseaddr);
                                                                        ^
../src/helloworld.c:72:25: error: expected expression before 'XGpio'
  XGpio_SetDataDirection(XGpio *InstancePtr, unsigned Channel, u32 DirectionMask);
                         ^
../src/helloworld.c:72:2: error: too few arguments to function 'XGpio_SetDataDirection'
  XGpio_SetDataDirection(XGpio *InstancePtr, unsigned Channel, u32 DirectionMask);
  ^
In file included from ../src/helloworld.c:50:0:
E:/Workspaces/Workspace_Vivado/Practica1/project_1/project_1.sdk/standalone_bsp_0/standalone_bsp_0/ps7_cortexa9_0/include/xgpio.h:165:6: note: declared here
 void XGpio_SetDataDirection(XGpio *InstancePtr, unsigned Channel,
      ^
../src/helloworld.c:73:25: warning: passing argument 1 of 'XGpio_SetDataDirection' from incompatible pointer type
  XGpio_SetDataDirection(&mi_gpio, 1, 0x000000FF);
                         ^
In file included from ../src/helloworld.c:50:0:
E:/Workspaces/Workspace_Vivado/Practica1/project_1/project_1.sdk/standalone_bsp_0/standalone_bsp_0/ps7_cortexa9_0/include/xgpio.h:165:6: note: expected 'struct XGpio *' but argument is of type 'struct XGpio *'
 void XGpio_SetDataDirection(XGpio *InstancePtr, unsigned Channel,
      ^
../src/helloworld.c:74:22: error: expected expression before 'XGpio'
  XGpio_DiscreteWrite(XGpio *InstancePtr, unsigned channel, u32 Data);
                      ^
../src/helloworld.c:74:2: error: too few arguments to function 'XGpio_DiscreteWrite'
  XGpio_DiscreteWrite(XGpio *InstancePtr, unsigned channel, u32 Data);
  ^
In file included from ../src/helloworld.c:50:0:
E:/Workspaces/Workspace_Vivado/Practica1/project_1/project_1.sdk/standalone_bsp_0/standalone_bsp_0/ps7_cortexa9_0/include/xgpio.h:169:6: note: declared here
 void XGpio_DiscreteWrite(XGpio *InstancePtr, unsigned Channel, u32 Mask);
      ^
../src/helloworld.c:75:2: warning: implicit declaration of function 'XGpio_DiscreteWritePin' [-Wimplicit-function-declaration]
  XGpio_DiscreteWritePin(&mi_gpio, 1, DIP_Value<<8); //(Canal 1, DipValue indica el valor de los switches)
  ^
../src/helloworld.c:75:38: error: 'DIP_Value' undeclared (first use in this function)
  XGpio_DiscreteWritePin(&mi_gpio, 1, DIP_Value<<8); //(Canal 1, DipValue indica el valor de los switches)
                                      ^
../src/helloworld.c:75:38: note: each undeclared identifier is reported only once for each function it appears in
../src/helloworld.c:65:6: warning: variable 'Status' set but not used [-Wunused-but-set-variable]
  int Status;
      ^
make: *** [src/helloworld.o] Error 1
17:21:07 **** Auto Build of configuration Debug for project Practica2.c ****
make all 
'Building file: ../src/helloworld.c'
'Invoking: ARM gcc compiler'
arm-xilinx-eabi-gcc -Wall -O0 -g3 -c -fmessage-length=0 -MT"src/helloworld.o" -IE:/Workspaces/Workspace_Vivado/Practica1/project_1/project_1.sdk/standalone_bsp_0/standalone_bsp_0/ps7_cortexa9_0/include -MMD -MP -MF"src/helloworld.d" -MT"src/helloworld.d" -o "src/helloworld.o" "../src/helloworld.c"
../src/helloworld.c:58:2: error: unknown type name 'XGpio_Handler'
  XGpio_Handler Handler;
  ^
../src/helloworld.c:60:3: error: conflicting types for 'XGpio'
 } XGpio;
   ^
In file included from ../src/helloworld.c:50:0:
E:/Workspaces/Workspace_Vivado/Practica1/project_1/project_1.sdk/standalone_bsp_0/standalone_bsp_0/ps7_cortexa9_0/include/xgpio.h:147:3: note: previous declaration of 'XGpio' was here
 } XGpio;
   ^
../src/helloworld.c: In function 'main':
../src/helloworld.c:70:2: warning: implicit declaration of function 'Xgpio_CfgInitialize' [-Wimplicit-function-declaration]
  Status = Xgpio_CfgInitialize(&mi_gpio, mi_GPIO_Config, mi_GPIO_Config ->Baseaddr);
  ^
../src/helloworld.c:70:72: error: 'XGpio_Config' has no member named 'Baseaddr'
  Status = Xgpio_CfgInitialize(&mi_gpio, mi_GPIO_Config, mi_GPIO_Config ->Baseaddr);
                                                                        ^
../src/helloworld.c:72:25: error: expected expression before 'XGpio'
  XGpio_SetDataDirection(XGpio *InstancePtr, unsigned Channel, u32 DirectionMask);
                         ^
../src/helloworld.c:72:2: error: too few arguments to function 'XGpio_SetDataDirection'
  XGpio_SetDataDirection(XGpio *InstancePtr, unsigned Channel, u32 DirectionMask);
  ^
In file included from ../src/helloworld.c:50:0:
E:/Workspaces/Workspace_Vivado/Practica1/project_1/project_1.sdk/standalone_bsp_0/standalone_bsp_0/ps7_cortexa9_0/include/xgpio.h:165:6: note: declared here
 void XGpio_SetDataDirection(XGpio *InstancePtr, unsigned Channel,
      ^
../src/helloworld.c:73:25: warning: passing argument 1 of 'XGpio_SetDataDirection' from incompatible pointer type
  XGpio_SetDataDirection(&mi_gpio, 1, 0x000000FF);
                         ^
In file included from ../src/helloworld.c:50:0:
E:/Workspaces/Workspace_Vivado/Practica1/project_1/project_1.sdk/standalone_bsp_0/standalone_bsp_0/ps7_cortexa9_0/include/xgpio.h:165:6: note: expected 'struct XGpio *' but argument is of type 'struct XGpio *'
 void XGpio_SetDataDirection(XGpio *InstancePtr, unsigned Channel,
      ^
../src/helloworld.c:74:22: error: expected expression before 'XGpio'
  XGpio_DiscreteWrite(XGpio *InstancePtr, unsigned channel, u32 Data);
                      ^
../src/helloworld.c:74:2: error: too few arguments to function 'XGpio_DiscreteWrite'
  XGpio_DiscreteWrite(XGpio *InstancePtr, unsigned channel, u32 Data);
  ^
In file included from ../src/helloworld.c:50:0:
E:/Workspaces/Workspace_Vivado/Practica1/project_1/project_1.sdk/standalone_bsp_0/standalone_bsp_0/ps7_cortexa9_0/include/xgpio.h:169:6: note: declared here
 void XGpio_DiscreteWrite(XGpio *InstancePtr, unsigned Channel, u32 Mask);
      ^
../src/helloworld.c:75:2: warning: implicit declaration of function 'XGpio_DiscreteWritePin' [-Wimplicit-function-declaration]
  XGpio_DiscreteWritePin(&mi_gpio, 1, DIP_Value<<8); //(Canal 1, DipValue indica el valor de los switches)
  ^
../src/helloworld.c:75:38: error: 'DIP_Value' undeclared (first use in this function)
  XGpio_DiscreteWritePin(&mi_gpio, 1, DIP_Value<<8); //(Canal 1, DipValue indica el valor de los switches)
                                      ^
../src/helloworld.c:75:38: note: each undeclared identifier is reported only once for each function it appears in
../src/helloworld.c:88:5: error: expected expression before '<' token
     <Agregar código aquí>
     ^
../src/helloworld.c:88:5: error: stray '\363' in program
../src/helloworld.c:88:5: error: stray '\355' in program
../src/helloworld.c:65:6: warning: variable 'Status' set but not used [-Wunused-but-set-variable]
  int Status;
      ^
make: *** [src/helloworld.o] Error 1
17:21:12 **** Auto Build of configuration Debug for project Practica2.c ****
make all 
'Building file: ../src/helloworld.c'
'Invoking: ARM gcc compiler'
arm-xilinx-eabi-gcc -Wall -O0 -g3 -c -fmessage-length=0 -MT"src/helloworld.o" -IE:/Workspaces/Workspace_Vivado/Practica1/project_1/project_1.sdk/standalone_bsp_0/standalone_bsp_0/ps7_cortexa9_0/include -MMD -MP -MF"src/helloworld.d" -MT"src/helloworld.d" -o "src/helloworld.o" "../src/helloworld.c"
../src/helloworld.c:58:2: error: unknown type name 'XGpio_Handler'
  XGpio_Handler Handler;
  ^
../src/helloworld.c:60:3: error: conflicting types for 'XGpio'
 } XGpio;
   ^
In file included from ../src/helloworld.c:50:0:
E:/Workspaces/Workspace_Vivado/Practica1/project_1/project_1.sdk/standalone_bsp_0/standalone_bsp_0/ps7_cortexa9_0/include/xgpio.h:147:3: note: previous declaration of 'XGpio' was here
 } XGpio;
   ^
../src/helloworld.c: In function 'main':
../src/helloworld.c:70:2: warning: implicit declaration of function 'Xgpio_CfgInitialize' [-Wimplicit-function-declaration]
  Status = Xgpio_CfgInitialize(&mi_gpio, mi_GPIO_Config, mi_GPIO_Config ->Baseaddr);
  ^
../src/helloworld.c:70:72: error: 'XGpio_Config' has no member named 'Baseaddr'
  Status = Xgpio_CfgInitialize(&mi_gpio, mi_GPIO_Config, mi_GPIO_Config ->Baseaddr);
                                                                        ^
../src/helloworld.c:72:25: error: expected expression before 'XGpio'
  XGpio_SetDataDirection(XGpio *InstancePtr, unsigned Channel, u32 DirectionMask);
                         ^
../src/helloworld.c:72:2: error: too few arguments to function 'XGpio_SetDataDirection'
  XGpio_SetDataDirection(XGpio *InstancePtr, unsigned Channel, u32 DirectionMask);
  ^
In file included from ../src/helloworld.c:50:0:
E:/Workspaces/Workspace_Vivado/Practica1/project_1/project_1.sdk/standalone_bsp_0/standalone_bsp_0/ps7_cortexa9_0/include/xgpio.h:165:6: note: declared here
 void XGpio_SetDataDirection(XGpio *InstancePtr, unsigned Channel,
      ^
../src/helloworld.c:73:25: warning: passing argument 1 of 'XGpio_SetDataDirection' from incompatible pointer type
  XGpio_SetDataDirection(&mi_gpio, 1, 0x000000FF);
                         ^
In file included from ../src/helloworld.c:50:0:
E:/Workspaces/Workspace_Vivado/Practica1/project_1/project_1.sdk/standalone_bsp_0/standalone_bsp_0/ps7_cortexa9_0/include/xgpio.h:165:6: note: expected 'struct XGpio *' but argument is of type 'struct XGpio *'
 void XGpio_SetDataDirection(XGpio *InstancePtr, unsigned Channel,
      ^
../src/helloworld.c:74:22: error: expected expression before 'XGpio'
  XGpio_DiscreteWrite(XGpio *InstancePtr, unsigned channel, u32 Data);
                      ^
../src/helloworld.c:74:2: error: too few arguments to function 'XGpio_DiscreteWrite'
  XGpio_DiscreteWrite(XGpio *InstancePtr, unsigned channel, u32 Data);
  ^
In file included from ../src/helloworld.c:50:0:
E:/Workspaces/Workspace_Vivado/Practica1/project_1/project_1.sdk/standalone_bsp_0/standalone_bsp_0/ps7_cortexa9_0/include/xgpio.h:169:6: note: declared here
 void XGpio_DiscreteWrite(XGpio *InstancePtr, unsigned Channel, u32 Mask);
      ^
../src/helloworld.c:75:2: warning: implicit declaration of function 'XGpio_DiscreteWritePin' [-Wimplicit-function-declaration]
  XGpio_DiscreteWritePin(&mi_gpio, 1, DIP_Value<<8); //(Canal 1, DipValue indica el valor de los switches)
  ^
../src/helloworld.c:75:38: error: 'DIP_Value' undeclared (first use in this function)
  XGpio_DiscreteWritePin(&mi_gpio, 1, DIP_Value<<8); //(Canal 1, DipValue indica el valor de los switches)
                                      ^
../src/helloworld.c:75:38: note: each undeclared identifier is reported only once for each function it appears in
../src/helloworld.c:65:6: warning: variable 'Status' set but not used [-Wunused-but-set-variable]
  int Status;
      ^
make: *** [src/helloworld.o] Error 1
17:26:56 **** Auto Build of configuration Debug for project Practica2.c ****
make all 
'Building file: ../src/helloworld.c'
'Invoking: ARM gcc compiler'
arm-xilinx-eabi-gcc -Wall -O0 -g3 -c -fmessage-length=0 -MT"src/helloworld.o" -IE:/Workspaces/Workspace_Vivado/Practica1/project_1/project_1.sdk/standalone_bsp_0/standalone_bsp_0/ps7_cortexa9_0/include -MMD -MP -MF"src/helloworld.d" -MT"src/helloworld.d" -o "src/helloworld.o" "../src/helloworld.c"
../src/helloworld.c:51:26: fatal error: xparameterws.h: No such file or directory
 #include "xparameterws.h"
                          ^
compilation terminated.
make: *** [src/helloworld.o] Error 1
17:27:09 **** Auto Build of configuration Debug for project Practica2.c ****
make all 
'Building file: ../src/helloworld.c'
'Invoking: ARM gcc compiler'
arm-xilinx-eabi-gcc -Wall -O0 -g3 -c -fmessage-length=0 -MT"src/helloworld.o" -IE:/Workspaces/Workspace_Vivado/Practica1/project_1/project_1.sdk/standalone_bsp_0/standalone_bsp_0/ps7_cortexa9_0/include -MMD -MP -MF"src/helloworld.d" -MT"src/helloworld.d" -o "src/helloworld.o" "../src/helloworld.c"
../src/helloworld.c:58:2: error: unknown type name 'XGpio_Handler'
  XGpio_Handler Handler;
  ^
../src/helloworld.c:60:3: error: conflicting types for 'XGpio'
 } XGpio;
   ^
In file included from ../src/helloworld.c:50:0:
E:/Workspaces/Workspace_Vivado/Practica1/project_1/project_1.sdk/standalone_bsp_0/standalone_bsp_0/ps7_cortexa9_0/include/xgpio.h:147:3: note: previous declaration of 'XGpio' was here
 } XGpio;
   ^
../src/helloworld.c: In function 'main':
../src/helloworld.c:70:2: warning: implicit declaration of function 'Xgpio_CfgInitialize' [-Wimplicit-function-declaration]
  Status = Xgpio_CfgInitialize(&mi_gpio, mi_GPIO_Config, mi_GPIO_Config ->Baseaddr);
  ^
../src/helloworld.c:70:72: error: 'XGpio_Config' has no member named 'Baseaddr'
  Status = Xgpio_CfgInitialize(&mi_gpio, mi_GPIO_Config, mi_GPIO_Config ->Baseaddr);
                                                                        ^
../src/helloworld.c:72:25: error: expected expression before 'XGpio'
  XGpio_SetDataDirection(XGpio *InstancePtr, unsigned Channel, u32 DirectionMask);
                         ^
../src/helloworld.c:72:2: error: too few arguments to function 'XGpio_SetDataDirection'
  XGpio_SetDataDirection(XGpio *InstancePtr, unsigned Channel, u32 DirectionMask);
  ^
In file included from ../src/helloworld.c:50:0:
E:/Workspaces/Workspace_Vivado/Practica1/project_1/project_1.sdk/standalone_bsp_0/standalone_bsp_0/ps7_cortexa9_0/include/xgpio.h:165:6: note: declared here
 void XGpio_SetDataDirection(XGpio *InstancePtr, unsigned Channel,
      ^
../src/helloworld.c:73:25: warning: passing argument 1 of 'XGpio_SetDataDirection' from incompatible pointer type
  XGpio_SetDataDirection(&mi_gpio, 1, 0x000000FF);
                         ^
In file included from ../src/helloworld.c:50:0:
E:/Workspaces/Workspace_Vivado/Practica1/project_1/project_1.sdk/standalone_bsp_0/standalone_bsp_0/ps7_cortexa9_0/include/xgpio.h:165:6: note: expected 'struct XGpio *' but argument is of type 'struct XGpio *'
 void XGpio_SetDataDirection(XGpio *InstancePtr, unsigned Channel,
      ^
../src/helloworld.c:74:22: error: expected expression before 'XGpio'
  XGpio_DiscreteWrite(XGpio *InstancePtr, unsigned channel, u32 Data);
                      ^
../src/helloworld.c:74:2: error: too few arguments to function 'XGpio_DiscreteWrite'
  XGpio_DiscreteWrite(XGpio *InstancePtr, unsigned channel, u32 Data);
  ^
In file included from ../src/helloworld.c:50:0:
E:/Workspaces/Workspace_Vivado/Practica1/project_1/project_1.sdk/standalone_bsp_0/standalone_bsp_0/ps7_cortexa9_0/include/xgpio.h:169:6: note: declared here
 void XGpio_DiscreteWrite(XGpio *InstancePtr, unsigned Channel, u32 Mask);
      ^
../src/helloworld.c:75:2: warning: implicit declaration of function 'XGpio_DiscreteWritePin' [-Wimplicit-function-declaration]
  XGpio_DiscreteWritePin(&mi_gpio, 1, DIP_Value<<8); //(Canal 1, DipValue indica el valor de los switches)
  ^
../src/helloworld.c:75:38: error: 'DIP_Value' undeclared (first use in this function)
  XGpio_DiscreteWritePin(&mi_gpio, 1, DIP_Value<<8); //(Canal 1, DipValue indica el valor de los switches)
                                      ^
../src/helloworld.c:75:38: note: each undeclared identifier is reported only once for each function it appears in
../src/helloworld.c:65:6: warning: variable 'Status' set but not used [-Wunused-but-set-variable]
  int Status;
      ^
make: *** [src/helloworld.o] Error 1
17:34:04 **** Auto Build of configuration Debug for project Practica2.c ****
make all 
'Building file: ../src/helloworld.c'
'Invoking: ARM gcc compiler'
arm-xilinx-eabi-gcc -Wall -O0 -g3 -c -fmessage-length=0 -MT"src/helloworld.o" -IE:/Workspaces/Workspace_Vivado/Practica1/project_1/project_1.sdk/standalone_bsp_0/standalone_bsp_0/ps7_cortexa9_0/include -MMD -MP -MF"src/helloworld.d" -MT"src/helloworld.d" -o "src/helloworld.o" "../src/helloworld.c"
../src/helloworld.c:58:3: error: conflicting types for 'XGpio_Config'
 } XGpio_Config;
   ^
In file included from ../src/helloworld.c:50:0:
E:/Workspaces/Workspace_Vivado/Practica1/project_1/project_1.sdk/standalone_bsp_0/standalone_bsp_0/ps7_cortexa9_0/include/xgpio.h:135:3: note: previous declaration of 'XGpio_Config' was here
 } XGpio_Config;
   ^
../src/helloworld.c:63:2: error: unknown type name 'XGpio_Handler'
  XGpio_Handler Handler;
  ^
../src/helloworld.c:65:3: error: conflicting types for 'XGpio'
 } XGpio;
   ^
In file included from ../src/helloworld.c:50:0:
E:/Workspaces/Workspace_Vivado/Practica1/project_1/project_1.sdk/standalone_bsp_0/standalone_bsp_0/ps7_cortexa9_0/include/xgpio.h:147:3: note: previous declaration of 'XGpio' was here
 } XGpio;
   ^
../src/helloworld.c: In function 'main':
../src/helloworld.c:73:17: warning: assignment from incompatible pointer type
  mi_GPIO_Config = XGpio_LookupConfig(XPAR_AXI_GPIO_0_DEVICE_ID);
                 ^
../src/helloworld.c:75:2: warning: implicit declaration of function 'Xgpio_CfgInitialize' [-Wimplicit-function-declaration]
  Status = Xgpio_CfgInitialize(&mi_gpio, mi_GPIO_Config, mi_GPIO_Config ->Baseaddr);
  ^
../src/helloworld.c:75:72: error: 'XGpio_Config' has no member named 'Baseaddr'
  Status = Xgpio_CfgInitialize(&mi_gpio, mi_GPIO_Config, mi_GPIO_Config ->Baseaddr);
                                                                        ^
../src/helloworld.c:77:25: error: expected expression before 'XGpio'
  XGpio_SetDataDirection(XGpio *InstancePtr, unsigned Channel, u32 DirectionMask);
                         ^
../src/helloworld.c:77:2: error: too few arguments to function 'XGpio_SetDataDirection'
  XGpio_SetDataDirection(XGpio *InstancePtr, unsigned Channel, u32 DirectionMask);
  ^
In file included from ../src/helloworld.c:50:0:
E:/Workspaces/Workspace_Vivado/Practica1/project_1/project_1.sdk/standalone_bsp_0/standalone_bsp_0/ps7_cortexa9_0/include/xgpio.h:165:6: note: declared here
 void XGpio_SetDataDirection(XGpio *InstancePtr, unsigned Channel,
      ^
../src/helloworld.c:78:25: warning: passing argument 1 of 'XGpio_SetDataDirection' from incompatible pointer type
  XGpio_SetDataDirection(&mi_gpio, 1, 0x000000FF);
                         ^
In file included from ../src/helloworld.c:50:0:
E:/Workspaces/Workspace_Vivado/Practica1/project_1/project_1.sdk/standalone_bsp_0/standalone_bsp_0/ps7_cortexa9_0/include/xgpio.h:165:6: note: expected 'struct XGpio *' but argument is of type 'struct XGpio *'
 void XGpio_SetDataDirection(XGpio *InstancePtr, unsigned Channel,
      ^
../src/helloworld.c:79:22: error: expected expression before 'XGpio'
  XGpio_DiscreteWrite(XGpio *InstancePtr, unsigned channel, u32 Data);
                      ^
../src/helloworld.c:79:2: error: too few arguments to function 'XGpio_DiscreteWrite'
  XGpio_DiscreteWrite(XGpio *InstancePtr, unsigned channel, u32 Data);
  ^
In file included from ../src/helloworld.c:50:0:
E:/Workspaces/Workspace_Vivado/Practica1/project_1/project_1.sdk/standalone_bsp_0/standalone_bsp_0/ps7_cortexa9_0/include/xgpio.h:169:6: note: declared here
 void XGpio_DiscreteWrite(XGpio *InstancePtr, unsigned Channel, u32 Mask);
      ^
../src/helloworld.c:80:2: warning: implicit declaration of function 'XGpio_DiscreteWritePin' [-Wimplicit-function-declaration]
  XGpio_DiscreteWritePin(&mi_gpio, 1, DIP_Value<<8); //(Canal 1, DipValue indica el valor de los switches)
  ^
../src/helloworld.c:80:38: error: 'DIP_Value' undeclared (first use in this function)
  XGpio_DiscreteWritePin(&mi_gpio, 1, DIP_Value<<8); //(Canal 1, DipValue indica el valor de los switches)
                                      ^
../src/helloworld.c:80:38: note: each undeclared identifier is reported only once for each function it appears in
../src/helloworld.c:70:6: warning: variable 'Status' set but not used [-Wunused-but-set-variable]
  int Status;
      ^
make: *** [src/helloworld.o] Error 1
17:34:14 **** Auto Build of configuration Debug for project Practica2.c ****
make all 
'Building file: ../src/helloworld.c'
'Invoking: ARM gcc compiler'
arm-xilinx-eabi-gcc -Wall -O0 -g3 -c -fmessage-length=0 -MT"src/helloworld.o" -IE:/Workspaces/Workspace_Vivado/Practica1/project_1/project_1.sdk/standalone_bsp_0/standalone_bsp_0/ps7_cortexa9_0/include -MMD -MP -MF"src/helloworld.d" -MT"src/helloworld.d" -o "src/helloworld.o" "../src/helloworld.c"
../src/helloworld.c:58:2: error: unknown type name 'XGpio_Handler'
  XGpio_Handler Handler;
  ^
../src/helloworld.c:60:3: error: conflicting types for 'XGpio'
 } XGpio;
   ^
In file included from ../src/helloworld.c:50:0:
E:/Workspaces/Workspace_Vivado/Practica1/project_1/project_1.sdk/standalone_bsp_0/standalone_bsp_0/ps7_cortexa9_0/include/xgpio.h:147:3: note: previous declaration of 'XGpio' was here
 } XGpio;
   ^
../src/helloworld.c: In function 'main':
../src/helloworld.c:70:2: warning: implicit declaration of function 'Xgpio_CfgInitialize' [-Wimplicit-function-declaration]
  Status = Xgpio_CfgInitialize(&mi_gpio, mi_GPIO_Config, mi_GPIO_Config ->Baseaddr);
  ^
../src/helloworld.c:70:72: error: 'XGpio_Config' has no member named 'Baseaddr'
  Status = Xgpio_CfgInitialize(&mi_gpio, mi_GPIO_Config, mi_GPIO_Config ->Baseaddr);
                                                                        ^
../src/helloworld.c:72:25: error: expected expression before 'XGpio'
  XGpio_SetDataDirection(XGpio *InstancePtr, unsigned Channel, u32 DirectionMask);
                         ^
../src/helloworld.c:72:2: error: too few arguments to function 'XGpio_SetDataDirection'
  XGpio_SetDataDirection(XGpio *InstancePtr, unsigned Channel, u32 DirectionMask);
  ^
In file included from ../src/helloworld.c:50:0:
E:/Workspaces/Workspace_Vivado/Practica1/project_1/project_1.sdk/standalone_bsp_0/standalone_bsp_0/ps7_cortexa9_0/include/xgpio.h:165:6: note: declared here
 void XGpio_SetDataDirection(XGpio *InstancePtr, unsigned Channel,
      ^
../src/helloworld.c:73:25: warning: passing argument 1 of 'XGpio_SetDataDirection' from incompatible pointer type
[...]
     ^
../src/helloworld.c:100:5: warning: implicit declaration of function 'XGpioPs_WritePin' [-Wimplicit-function-declaration]
     XGpioPs_WritePin(&mi_gpio, 7, 1);
     ^
'Finished building: ../src/helloworld.c'
' '
'Building target: Practica2.c.elf'
'Invoking: ARM gcc linker'
arm-xilinx-eabi-gcc -Wl,-T -Wl,../src/lscript.ld -LE:/Workspaces/Workspace_Vivado/Practica1/project_1/project_1.sdk/standalone_bsp_0/standalone_bsp_0/ps7_cortexa9_0/lib -o "Practica2.c.elf"  ./src/helloworld.o ./src/platform.o   -Wl,--start-group,-lxil,-lgcc,-lc,--end-group
'Finished building target: Practica2.c.elf'
' '
'Invoking: ARM Print Size'
arm-xilinx-eabi-size Practica2.c.elf  |tee "Practica2.c.elf.size"
   text	   data	    bss	    dec	    hex	filename
  69000	   2336	  22652	  93988	  16f24	Practica2.c.elf
'Finished building: Practica2.c.elf.size'
' '
16:11:29 **** Incremental Build of configuration Debug for project Practica2.c ****
make all 
make: No se hace nada para `all'.
16:12:42 **** Incremental Build of configuration Debug for project Practica2.c ****
make all 
make: No se hace nada para `all'.
16:14:26 **** Auto Build of configuration Debug for project Practica2.c ****
make all 
'Building file: ../src/helloworld.c'
'Invoking: ARM gcc compiler'
arm-xilinx-eabi-gcc -Wall -O0 -g3 -c -fmessage-length=0 -MT"src/helloworld.o" -IE:/Workspaces/Workspace_Vivado/Practica1/project_1/project_1.sdk/standalone_bsp_0/standalone_bsp_0/ps7_cortexa9_0/include -MMD -MP -MF"src/helloworld.d" -MT"src/helloworld.d" -o "src/helloworld.o" "../src/helloworld.c"
../src/helloworld.c: In function 'main':
../src/helloworld.c:91:5: warning: implicit declaration of function 'XGpioPs_SetDirectionPin' [-Wimplicit-function-declaration]
     DIP_Value=XGpioPs_SetDirectionPin(&mi_gpio, 7, 1);
     ^
../src/helloworld.c:97:5: warning: format '%X' expects argument of type 'unsigned int', but argument 2 has type 'u32' [-Wformat=]
     printf("DIP = 0x%04X, LED = 0x%04X\n\r", DIP_Value, LED_value);
     ^
../src/helloworld.c:97:5: warning: format '%X' expects argument of type 'unsigned int', but argument 3 has type 'u32' [-Wformat=]
../src/helloworld.c:97:5: warning: format '%X' expects argument of type 'unsigned int', but argument 2 has type 'u32' [-Wformat=]
../src/helloworld.c:97:5: warning: format '%X' expects argument of type 'unsigned int', but argument 3 has type 'u32' [-Wformat=]
../src/helloworld.c:100:5: warning: implicit declaration of function 'XGpioPs_WritePin' [-Wimplicit-function-declaration]
     XGpioPs_WritePin(&mi_gpio, 7, 1);
     ^
'Finished building: ../src/helloworld.c'
' '
'Building target: Practica2.c.elf'
'Invoking: ARM gcc linker'
arm-xilinx-eabi-gcc -Wl,-T -Wl,../src/lscript.ld -LE:/Workspaces/Workspace_Vivado/Practica1/project_1/project_1.sdk/standalone_bsp_0/standalone_bsp_0/ps7_cortexa9_0/lib -o "Practica2.c.elf"  ./src/helloworld.o ./src/platform.o   -Wl,--start-group,-lxil,-lgcc,-lc,--end-group
'Finished building target: Practica2.c.elf'
' '
'Invoking: ARM Print Size'
arm-xilinx-eabi-size Practica2.c.elf  |tee "Practica2.c.elf.size"
   text	   data	    bss	    dec	    hex	filename
  69064	   2336	  22652	  94052	  16f64	Practica2.c.elf
'Finished building: Practica2.c.elf.size'
' '
16:15:01 **** Auto Build of configuration Debug for project Practica2.c ****
make all 
'Building file: ../src/helloworld.c'
'Invoking: ARM gcc compiler'
arm-xilinx-eabi-gcc -Wall -O0 -g3 -c -fmessage-length=0 -MT"src/helloworld.o" -IE:/Workspaces/Workspace_Vivado/Practica1/project_1/project_1.sdk/standalone_bsp_0/standalone_bsp_0/ps7_cortexa9_0/include -MMD -MP -MF"src/helloworld.d" -MT"src/helloworld.d" -o "src/helloworld.o" "../src/helloworld.c"
../src/helloworld.c: In function 'main':
../src/helloworld.c:89:5: warning: implicit declaration of function 'XGpioPs_SetDirectionPin' [-Wimplicit-function-declaration]
     DIP_Value=XGpioPs_SetDirectionPin(&mi_gpio, 7, 1);
     ^
../src/helloworld.c:95:5: warning: format '%X' expects argument of type 'unsigned int', but argument 2 has type 'u32' [-Wformat=]
     printf("DIP = 0x%04X, LED = 0x%04X\n\r", DIP_Value, LED_value);
     ^
../src/helloworld.c:95:5: warning: format '%X' expects argument of type 'unsigned int', but argument 3 has type 'u32' [-Wformat=]
../src/helloworld.c:95:5: warning: format '%X' expects argument of type 'unsigned int', but argument 2 has type 'u32' [-Wformat=]
../src/helloworld.c:95:5: warning: format '%X' expects argument of type 'unsigned int', but argument 3 has type 'u32' [-Wformat=]
../src/helloworld.c:98:5: warning: implicit declaration of function 'XGpioPs_WritePin' [-Wimplicit-function-declaration]
     XGpioPs_WritePin(&mi_gpio, 7, 1);
     ^
'Finished building: ../src/helloworld.c'
' '
'Building target: Practica2.c.elf'
'Invoking: ARM gcc linker'
arm-xilinx-eabi-gcc -Wl,-T -Wl,../src/lscript.ld -LE:/Workspaces/Workspace_Vivado/Practica1/project_1/project_1.sdk/standalone_bsp_0/standalone_bsp_0/ps7_cortexa9_0/lib -o "Practica2.c.elf"  ./src/helloworld.o ./src/platform.o   -Wl,--start-group,-lxil,-lgcc,-lc,--end-group
'Finished building target: Practica2.c.elf'
' '
'Invoking: ARM Print Size'
arm-xilinx-eabi-size Practica2.c.elf  |tee "Practica2.c.elf.size"
   text	   data	    bss	    dec	    hex	filename
  68992	   2336	  22652	  93980	  16f1c	Practica2.c.elf
'Finished building: Practica2.c.elf.size'
' '
16:16:16 **** Auto Build of configuration Debug for project Practica2.c ****
make all 
'Building file: ../src/helloworld.c'
'Invoking: ARM gcc compiler'
arm-xilinx-eabi-gcc -Wall -O0 -g3 -c -fmessage-length=0 -MT"src/helloworld.o" -IE:/Workspaces/Workspace_Vivado/Practica1/project_1/project_1.sdk/standalone_bsp_0/standalone_bsp_0/ps7_cortexa9_0/include -MMD -MP -MF"src/helloworld.d" -MT"src/helloworld.d" -o "src/helloworld.o" "../src/helloworld.c"
../src/helloworld.c: In function 'main':
../src/helloworld.c:65:6: warning: unused variable 'Status' [-Wunused-variable]
  int Status = XGpio_CfgInitialize(&mi_gpio,mi_GPIO_Config, mi_GPIO_Config->BaseAddress);
      ^
'Finished building: ../src/helloworld.c'
' '
'Building target: Practica2.c.elf'
'Invoking: ARM gcc linker'
arm-xilinx-eabi-gcc -Wl,-T -Wl,../src/lscript.ld -LE:/Workspaces/Workspace_Vivado/Practica1/project_1/project_1.sdk/standalone_bsp_0/standalone_bsp_0/ps7_cortexa9_0/lib -o "Practica2.c.elf"  ./src/helloworld.o ./src/platform.o   -Wl,--start-group,-lxil,-lgcc,-lc,--end-group
'Finished building target: Practica2.c.elf'
' '
'Invoking: ARM Print Size'
arm-xilinx-eabi-size Practica2.c.elf  |tee "Practica2.c.elf.size"
   text	   data	    bss	    dec	    hex	filename
  61980	   2336	  22652	  86968	  153b8	Practica2.c.elf
'Finished building: Practica2.c.elf.size'
' '
16:16:25 **** Incremental Build of configuration Debug for project Practica2.c ****
make all 
make: No se hace nada para `all'.
16:36:19 **** Incremental Build of configuration Debug for project Practica2.c ****
make all 
make: No se hace nada para `all'.
16:44:57 **** Auto Build of configuration Debug for project Practica2.c ****
make all 
'Building file: ../src/helloworld.c'
'Invoking: ARM gcc compiler'
arm-xilinx-eabi-gcc -Wall -O0 -g3 -c -fmessage-length=0 -MT"src/helloworld.o" -IE:/Workspaces/Workspace_Vivado/Practica1/project_1/project_1.sdk/standalone_bsp_0/standalone_bsp_0/ps7_cortexa9_0/include -MMD -MP -MF"src/helloworld.d" -MT"src/helloworld.d" -o "src/helloworld.o" "../src/helloworld.c"
../src/helloworld.c: In function 'main':
../src/helloworld.c:95:5: warning: format '%X' expects argument of type 'unsigned int', but argument 2 has type 'u32' [-Wformat=]
     printf("DIP = 0x%04X, LED = 0x%04X\n\r", DIP_Value, LED_value);
     ^
../src/helloworld.c:95:5: warning: format '%X' expects argument of type 'unsigned int', but argument 3 has type 'u32' [-Wformat=]
../src/helloworld.c:95:5: warning: format '%X' expects argument of type 'unsigned int', but argument 2 has type 'u32' [-Wformat=]
../src/helloworld.c:95:5: warning: format '%X' expects argument of type 'unsigned int', but argument 3 has type 'u32' [-Wformat=]
../src/helloworld.c:98:5: warning: implicit declaration of function 'XGpioPs_WritePin' [-Wimplicit-function-declaration]
     XGpioPs_WritePin(&mi_gpio, 7, 1);
     ^
'Finished building: ../src/helloworld.c'
' '
'Building target: Practica2.c.elf'
'Invoking: ARM gcc linker'
arm-xilinx-eabi-gcc -Wl,-T -Wl,../src/lscript.ld -LE:/Workspaces/Workspace_Vivado/Practica1/project_1/project_1.sdk/standalone_bsp_0/standalone_bsp_0/ps7_cortexa9_0/lib -o "Practica2.c.elf"  ./src/helloworld.o ./src/platform.o   -Wl,--start-group,-lxil,-lgcc,-lc,--end-group
'Finished building target: Practica2.c.elf'
' '
'Invoking: ARM Print Size'
arm-xilinx-eabi-size Practica2.c.elf  |tee "Practica2.c.elf.size"
   text	   data	    bss	    dec	    hex	filename
  68992	   2336	  22652	  93980	  16f1c	Practica2.c.elf
'Finished building: Practica2.c.elf.size'
' '
16:46:04 **** Auto Build of configuration Debug for project Practica2.c ****
make all 
'Building file: ../src/helloworld.c'
'Invoking: ARM gcc compiler'
arm-xilinx-eabi-gcc -Wall -O0 -g3 -c -fmessage-length=0 -MT"src/helloworld.o" -IE:/Workspaces/Workspace_Vivado/Practica1/project_1/project_1.sdk/standalone_bsp_0/standalone_bsp_0/ps7_cortexa9_0/include -MMD -MP -MF"src/helloworld.d" -MT"src/helloworld.d" -o "src/helloworld.o" "../src/helloworld.c"
../src/helloworld.c: In function 'main':
../src/helloworld.c:95:5: warning: format '%X' expects argument of type 'unsigned int', but argument 2 has type 'u32' [-Wformat=]
     printf("DIP = 0x%04X, LED = 0x%04X\n\r", DIP_Value, LED_value);
     ^
../src/helloworld.c:95:5: warning: format '%X' expects argument of type 'unsigned int', but argument 3 has type 'u32' [-Wformat=]
../src/helloworld.c:95:5: warning: format '%X' expects argument of type 'unsigned int', but argument 2 has type 'u32' [-Wformat=]
../src/helloworld.c:95:5: warning: format '%X' expects argument of type 'unsigned int', but argument 3 has type 'u32' [-Wformat=]
../src/helloworld.c:98:5: warning: implicit declaration of function 'XGpioPs_WritePin' [-Wimplicit-function-declaration]
     XGpioPs_WritePin(&mi_gpio, 7, 1);
     ^
'Finished building: ../src/helloworld.c'
' '
'Building target: Practica2.c.elf'
'Invoking: ARM gcc linker'
arm-xilinx-eabi-gcc -Wl,-T -Wl,../src/lscript.ld -LE:/Workspaces/Workspace_Vivado/Practica1/project_1/project_1.sdk/standalone_bsp_0/standalone_bsp_0/ps7_cortexa9_0/lib -o "Practica2.c.elf"  ./src/helloworld.o ./src/platform.o   -Wl,--start-group,-lxil,-lgcc,-lc,--end-group
'Finished building target: Practica2.c.elf'
' '
'Invoking: ARM Print Size'
arm-xilinx-eabi-size Practica2.c.elf  |tee "Practica2.c.elf.size"
   text	   data	    bss	    dec	    hex	filename
  68984	   2336	  22652	  93972	  16f14	Practica2.c.elf
'Finished building: Practica2.c.elf.size'
' '
16:49:09 **** Auto Build of configuration Debug for project Practica2.c ****
make all 
'Building file: ../src/helloworld.c'
'Invoking: ARM gcc compiler'
arm-xilinx-eabi-gcc -Wall -O0 -g3 -c -fmessage-length=0 -MT"src/helloworld.o" -IE:/Workspaces/Workspace_Vivado/Practica1/project_1/project_1.sdk/standalone_bsp_0/standalone_bsp_0/ps7_cortexa9_0/include -MMD -MP -MF"src/helloworld.d" -MT"src/helloworld.d" -o "src/helloworld.o" "../src/helloworld.c"
../src/helloworld.c: In function 'main':
../src/helloworld.c:96:5: warning: format '%X' expects argument of type 'unsigned int', but argument 2 has type 'u32' [-Wformat=]
     printf("DIP = 0x%04X, LED = 0x%04X\n\r", DIP_Value, LED_value);
     ^
../src/helloworld.c:96:5: warning: format '%X' expects argument of type 'unsigned int', but argument 3 has type 'u32' [-Wformat=]
../src/helloworld.c:96:5: warning: format '%X' expects argument of type 'unsigned int', but argument 2 has type 'u32' [-Wformat=]
../src/helloworld.c:96:5: warning: format '%X' expects argument of type 'unsigned int', but argument 3 has type 'u32' [-Wformat=]
../src/helloworld.c:99:5: warning: implicit declaration of function 'XGpioPs_WritePin' [-Wimplicit-function-declaration]
     XGpioPs_WritePin(&mi_gpio, 7, 1);
     ^
'Finished building: ../src/helloworld.c'
' '
'Building target: Practica2.c.elf'
'Invoking: ARM gcc linker'
arm-xilinx-eabi-gcc -Wl,-T -Wl,../src/lscript.ld -LE:/Workspaces/Workspace_Vivado/Practica1/project_1/project_1.sdk/standalone_bsp_0/standalone_bsp_0/ps7_cortexa9_0/lib -o "Practica2.c.elf"  ./src/helloworld.o ./src/platform.o   -Wl,--start-group,-lxil,-lgcc,-lc,--end-group
'Finished building target: Practica2.c.elf'
' '
'Invoking: ARM Print Size'
arm-xilinx-eabi-size Practica2.c.elf  |tee "Practica2.c.elf.size"
   text	   data	    bss	    dec	    hex	filename
  68984	   2336	  22652	  93972	  16f14	Practica2.c.elf
'Finished building: Practica2.c.elf.size'
' '
16:49:42 **** Auto Build of configuration Debug for project Practica2.c ****
make all 
'Building file: ../src/helloworld.c'
'Invoking: ARM gcc compiler'
arm-xilinx-eabi-gcc -Wall -O0 -g3 -c -fmessage-length=0 -MT"src/helloworld.o" -IE:/Workspaces/Workspace_Vivado/Practica1/project_1/project_1.sdk/standalone_bsp_0/standalone_bsp_0/ps7_cortexa9_0/include -MMD -MP -MF"src/helloworld.d" -MT"src/helloworld.d" -o "src/helloworld.o" "../src/helloworld.c"
../src/helloworld.c: In function 'main':
../src/helloworld.c:96:5: warning: format '%X' expects argument of type 'unsigned int', but argument 2 has type 'u32' [-Wformat=]
     printf("DIP = 0x%04X, LED = 0x%04X\n\r", DIP_Value, LED_value);
     ^
../src/helloworld.c:96:5: warning: format '%X' expects argument of type 'unsigned int', but argument 3 has type 'u32' [-Wformat=]
../src/helloworld.c:96:5: warning: format '%X' expects argument of type 'unsigned int', but argument 2 has type 'u32' [-Wformat=]
../src/helloworld.c:96:5: warning: format '%X' expects argument of type 'unsigned int', but argument 3 has type 'u32' [-Wformat=]
../src/helloworld.c:99:38: error: 'LED_Value' undeclared (first use in this function)
     XGpio_DiscreteWrite(&mi_gpio, 1, LED_Value);
                                      ^
../src/helloworld.c:99:38: note: each undeclared identifier is reported only once for each function it appears in
make: *** [src/helloworld.o] Error 1
16:50:02 **** Auto Build of configuration Debug for project Practica2.c ****
make all 
'Building file: ../src/helloworld.c'
'Invoking: ARM gcc compiler'
arm-xilinx-eabi-gcc -Wall -O0 -g3 -c -fmessage-length=0 -MT"src/helloworld.o" -IE:/Workspaces/Workspace_Vivado/Practica1/project_1/project_1.sdk/standalone_bsp_0/standalone_bsp_0/ps7_cortexa9_0/include -MMD -MP -MF"src/helloworld.d" -MT"src/helloworld.d" -o "src/helloworld.o" "../src/helloworld.c"
../src/helloworld.c: In function 'main':
../src/helloworld.c:96:5: warning: format '%X' expects argument of type 'unsigned int', but argument 2 has type 'u32' [-Wformat=]
     printf("DIP = 0x%04X, LED = 0x%04X\n\r", DIP_Value, LED_value);
     ^
../src/helloworld.c:96:5: warning: format '%X' expects argument of type 'unsigned int', but argument 3 has type 'u32' [-Wformat=]
../src/helloworld.c:96:5: warning: format '%X' expects argument of type 'unsigned int', but argument 2 has type 'u32' [-Wformat=]
../src/helloworld.c:96:5: warning: format '%X' expects argument of type 'unsigned int', but argument 3 has type 'u32' [-Wformat=]
'Finished building: ../src/helloworld.c'
' '
'Building target: Practica2.c.elf'
'Invoking: ARM gcc linker'
arm-xilinx-eabi-gcc -Wl,-T -Wl,../src/lscript.ld -LE:/Workspaces/Workspace_Vivado/Practica1/project_1/project_1.sdk/standalone_bsp_0/standalone_bsp_0/ps7_cortexa9_0/lib -o "Practica2.c.elf"  ./src/helloworld.o ./src/platform.o   -Wl,--start-group,-lxil,-lgcc,-lc,--end-group
'Finished building target: Practica2.c.elf'
' '
'Invoking: ARM Print Size'
arm-xilinx-eabi-size Practica2.c.elf  |tee "Practica2.c.elf.size"
   text	   data	    bss	    dec	    hex	filename
  62044	   2336	  22652	  87032	  153f8	Practica2.c.elf
'Finished building: Practica2.c.elf.size'
' '
16:50:41 **** Incremental Build of configuration Debug for project Practica2.c ****
make all 
make: No se hace nada para `all'.
20:15:00 **** Incremental Build of configuration Debug for project Practica2.c ****
make all 
make: No se hace nada para `all'.
20:16:05 **** Auto Build of configuration Debug for project Practica2.c ****
make all 
'Building file: ../src/helloworld.c'
'Invoking: ARM gcc compiler'
arm-xilinx-eabi-gcc -Wall -O0 -g3 -c -fmessage-length=0 -MT"src/helloworld.o" -IE:/Workspaces/Workspace_Vivado/Practica1/project_1/project_1.sdk/standalone_bsp_0/standalone_bsp_0/ps7_cortexa9_0/include -MMD -MP -MF"src/helloworld.d" -MT"src/helloworld.d" -o "src/helloworld.o" "../src/helloworld.c"
../src/helloworld.c: In function 'main':
../src/helloworld.c:96:5: warning: format '%X' expects argument of type 'unsigned int', but argument 2 has type 'u32' [-Wformat=]
     printf("DIP = 0x%04X, LED = 0x%04X\n\r", DIP_Value, LED_value);
     ^
../src/helloworld.c:96:5: warning: format '%X' expects argument of type 'unsigned int', but argument 3 has type 'u32' [-Wformat=]
../src/helloworld.c:96:5: warning: format '%X' expects argument of type 'unsigned int', but argument 2 has type 'u32' [-Wformat=]
../src/helloworld.c:96:5: warning: format '%X' expects argument of type 'unsigned int', but argument 3 has type 'u32' [-Wformat=]
'Finished building: ../src/helloworld.c'
' '
'Building target: Practica2.c.elf'
'Invoking: ARM gcc linker'
arm-xilinx-eabi-gcc -Wl,-T -Wl,../src/lscript.ld -LE:/Workspaces/Workspace_Vivado/Practica1/project_1/project_1.sdk/standalone_bsp_0/standalone_bsp_0/ps7_cortexa9_0/lib -o "Practica2.c.elf"  ./src/helloworld.o ./src/platform.o   -Wl,--start-group,-lxil,-lgcc,-lc,--end-group
'Finished building target: Practica2.c.elf'
' '
'Invoking: ARM Print Size'
arm-xilinx-eabi-size Practica2.c.elf  |tee "Practica2.c.elf.size"
   text	   data	    bss	    dec	    hex	filename
  62044	   2336	  22652	  87032	  153f8	Practica2.c.elf
'Finished building: Practica2.c.elf.size'
' '
20:26:36 **** Auto Build of configuration Debug for project Practica2.c ****
make all 
'Building file: ../src/helloworld.c'
'Invoking: ARM gcc compiler'
arm-xilinx-eabi-gcc -Wall -O0 -g3 -c -fmessage-length=0 -MT"src/helloworld.o" -IE:/Workspaces/Workspace_Vivado/Practica1/project_1/project_1.sdk/standalone_bsp_0/standalone_bsp_0/ps7_cortexa9_0/include -MMD -MP -MF"src/helloworld.d" -MT"src/helloworld.d" -o "src/helloworld.o" "../src/helloworld.c"
../src/helloworld.c: In function 'main':
../src/helloworld.c:96:5: warning: format '%X' expects argument of type 'unsigned int', but argument 2 has type 'u32' [-Wformat=]
     printf("DIP = 0x%04X, LED = 0x%04X\n\r", DIP_Value, LED_value);
     ^
../src/helloworld.c:96:5: warning: format '%X' expects argument of type 'unsigned int', but argument 3 has type 'u32' [-Wformat=]
../src/helloworld.c:96:5: warning: format '%X' expects argument of type 'unsigned int', but argument 2 has type 'u32' [-Wformat=]
../src/helloworld.c:96:5: warning: format '%X' expects argument of type 'unsigned int', but argument 3 has type 'u32' [-Wformat=]
'Finished building: ../src/helloworld.c'
' '
'Building target: Practica2.c.elf'
'Invoking: ARM gcc linker'
arm-xilinx-eabi-gcc -Wl,-T -Wl,../src/lscript.ld -LE:/Workspaces/Workspace_Vivado/Practica1/project_1/project_1.sdk/standalone_bsp_0/standalone_bsp_0/ps7_cortexa9_0/lib -o "Practica2.c.elf"  ./src/helloworld.o ./src/platform.o   -Wl,--start-group,-lxil,-lgcc,-lc,--end-group
'Finished building target: Practica2.c.elf'
' '
'Invoking: ARM Print Size'
arm-xilinx-eabi-size Practica2.c.elf  |tee "Practica2.c.elf.size"
   text	   data	    bss	    dec	    hex	filename
  62044	   2336	  22652	  87032	  153f8	Practica2.c.elf
'Finished building: Practica2.c.elf.size'
' '
12:40:26 **** Auto Build of configuration Debug for project Practica2.c ****
make all 
make: No se hace nada para `all'.
12:41:02 **** Incremental Build of configuration Debug for project Practica2.c ****
make all 
make: No se hace nada para `all'.
