00:56:33 **** Build of project practica1 ****
make -k all 
"Running Make include in ps7_cortexa9_0/libsrc/coresightps_dcc_v1_2/src"
make -C ps7_cortexa9_0/libsrc/coresightps_dcc_v1_2/src -s include  "SHELL=CMD" "COMPILER=arm-xilinx-eabi-gcc" "ARCHIVER=arm-xilinx-eabi-ar" "COMPILER_FLAGS=  -O2 -c" "EXTRA_COMPILER_FLAGS=-g"
"Running Make include in ps7_cortexa9_0/libsrc/cpu_cortexa9_v2_1/src"
make -C ps7_cortexa9_0/libsrc/cpu_cortexa9_v2_1/src -s include  "SHELL=CMD" "COMPILER=arm-xilinx-eabi-gcc" "ARCHIVER=arm-xilinx-eabi-ar" "COMPILER_FLAGS=  -O2 -c" "EXTRA_COMPILER_FLAGS=-g"
"Running Make include in ps7_cortexa9_0/libsrc/ddrps_v1_0/src"
make -C ps7_cortexa9_0/libsrc/ddrps_v1_0/src -s include  "SHELL=CMD" "COMPILER=arm-xilinx-eabi-gcc" "ARCHIVER=arm-xilinx-eabi-ar" "COMPILER_FLAGS=  -O2 -c" "EXTRA_COMPILER_FLAGS=-g"
"Running Make include in ps7_cortexa9_0/libsrc/devcfg_v3_3/src"
make -C ps7_cortexa9_0/libsrc/devcfg_v3_3/src -s include  "SHELL=CMD" "COMPILER=arm-xilinx-eabi-gcc" "ARCHIVER=arm-xilinx-eabi-ar" "COMPILER_FLAGS=  -O2 -c" "EXTRA_COMPILER_FLAGS=-g"
"Running Make include in ps7_cortexa9_0/libsrc/dmaps_v2_1/src"
make -C ps7_cortexa9_0/libsrc/dmaps_v2_1/src -s include  "SHELL=CMD" "COMPILER=arm-xilinx-eabi-gcc" "ARCHIVER=arm-xilinx-eabi-ar" "COMPILER_FLAGS=  -O2 -c" "EXTRA_COMPILER_FLAGS=-g"
"Running Make include in ps7_cortexa9_0/libsrc/emacps_v3_1/src"
make -C ps7_cortexa9_0/libsrc/emacps_v3_1/src -s include  "SHELL=CMD" "COMPILER=arm-xilinx-eabi-gcc" "ARCHIVER=arm-xilinx-eabi-ar" "COMPILER_FLAGS=  -O2 -c" "EXTRA_COMPILER_FLAGS=-g"
"Running Make include in ps7_cortexa9_0/libsrc/gpio_v4_0/src"
make -C ps7_cortexa9_0/libsrc/gpio_v4_0/src -s include  "SHELL=CMD" "COMPILER=arm-xilinx-eabi-gcc" "ARCHIVER=arm-xilinx-eabi-ar" "COMPILER_FLAGS=  -O2 -c" "EXTRA_COMPILER_FLAGS=-g"
"Running Make include in ps7_cortexa9_0/libsrc/gpiops_v3_1/src"
make -C ps7_cortexa9_0/libsrc/gpiops_v3_1/src -s include  "SHELL=CMD" "COMPILER=arm-xilinx-eabi-gcc" "ARCHIVER=arm-xilinx-eabi-ar" "COMPILER_FLAGS=  -O2 -c" "EXTRA_COMPILER_FLAGS=-g"
"Running Make include in ps7_cortexa9_0/libsrc/qspips_v3_2/src"
make -C ps7_cortexa9_0/libsrc/qspips_v3_2/src -s include  "SHELL=CMD" "COMPILER=arm-xilinx-eabi-gcc" "ARCHIVER=arm-xilinx-eabi-ar" "COMPILER_FLAGS=  -O2 -c" "EXTRA_COMPILER_FLAGS=-g"
"Running Make include in ps7_cortexa9_0/libsrc/scugic_v3_1/src"
make -C ps7_cortexa9_0/libsrc/scugic_v3_1/src -s include  "SHELL=CMD" "COMPILER=arm-xilinx-eabi-gcc" "ARCHIVER=arm-xilinx-eabi-ar" "COMPILER_FLAGS=  -O2 -c" "EXTRA_COMPILER_FLAGS=-g"
"Running Make include in ps7_cortexa9_0/libsrc/scutimer_v2_1/src"
make -C ps7_cortexa9_0/libsrc/scutimer_v2_1/src -s include  "SHELL=CMD" "COMPILER=arm-xilinx-eabi-gcc" "ARCHIVER=arm-xilinx-eabi-ar" "COMPILER_FLAGS=  -O2 -c" "EXTRA_COMPILER_FLAGS=-g"
"Running Make include in ps7_cortexa9_0/libsrc/scuwdt_v2_1/src"
make -C ps7_cortexa9_0/libsrc/scuwdt_v2_1/src -s include  "SHELL=CMD" "COMPILER=arm-xilinx-eabi-gcc" "ARCHIVER=arm-xilinx-eabi-ar" "COMPILER_FLAGS=  -O2 -c" "EXTRA_COMPILER_FLAGS=-g"
"Running Make include in ps7_cortexa9_0/libsrc/sdps_v2_6/src"
make -C ps7_cortexa9_0/libsrc/sdps_v2_6/src -s include  "SHELL=CMD" "COMPILER=arm-xilinx-eabi-gcc" "ARCHIVER=arm-xilinx-eabi-ar" "COMPILER_FLAGS=  -O2 -c" "EXTRA_COMPILER_FLAGS=-g"
"Running Make include in ps7_cortexa9_0/libsrc/spi_v4_1/src"
make -C ps7_cortexa9_0/libsrc/spi_v4_1/src -s include  "SHELL=CMD" "COMPILER=arm-xilinx-eabi-gcc" "ARCHIVER=arm-xilinx-eabi-ar" "COMPILER_FLAGS=  -O2 -c" "EXTRA_COMPILER_FLAGS=-g"
"Running Make include in ps7_cortexa9_0/libsrc/standalone_v5_3/src"
make -C ps7_cortexa9_0/libsrc/standalone_v5_3/src -s include  "SHELL=CMD" "COMPILER=arm-xilinx-eabi-gcc" "ARCHIVER=arm-xilinx-eabi-ar" "COMPILER_FLAGS=  -O2 -c" "EXTRA_COMPILER_FLAGS=-g"
"Running Make include in ps7_cortexa9_0/libsrc/ttcps_v3_0/src"
make -C ps7_cortexa9_0/libsrc/ttcps_v3_0/src -s include  "SHELL=CMD" "COMPILER=arm-xilinx-eabi-gcc" "ARCHIVER=arm-xilinx-eabi-ar" "COMPILER_FLAGS=  -O2 -c" "EXTRA_COMPILER_FLAGS=-g"
"Running Make include in ps7_cortexa9_0/libsrc/uartps_v3_1/src"
make -C ps7_cortexa9_0/libsrc/uartps_v3_1/src -s include  "SHELL=CMD" "COMPILER=arm-xilinx-eabi-gcc" "ARCHIVER=arm-xilinx-eabi-ar" "COMPILER_FLAGS=  -O2 -c" "EXTRA_COMPILER_FLAGS=-g"
"Running Make include in ps7_cortexa9_0/libsrc/usbps_v2_2/src"
make -C ps7_cortexa9_0/libsrc/usbps_v2_2/src -s include  "SHELL=CMD" "COMPILER=arm-xilinx-eabi-gcc" "ARCHIVER=arm-xilinx-eabi-ar" "COMPILER_FLAGS=  -O2 -c" "EXTRA_COMPILER_FLAGS=-g"
"Running Make include in ps7_cortexa9_0/libsrc/xadcps_v2_2/src"
make -C ps7_cortexa9_0/libsrc/xadcps_v2_2/src -s include  "SHELL=CMD" "COMPILER=arm-xilinx-eabi-gcc" "ARCHIVER=arm-xilinx-eabi-ar" "COMPILER_FLAGS=  -O2 -c" "EXTRA_COMPILER_FLAGS=-g"
"Running Make libs in ps7_cortexa9_0/libsrc/coresightps_dcc_v1_2/src"
make -C ps7_cortexa9_0/libsrc/coresightps_dcc_v1_2/src -s libs  "SHELL=CMD" "COMPILER=arm-xilinx-eabi-gcc" "ARCHIVER=arm-xilinx-eabi-ar" "COMPILER_FLAGS=  -O2 -c" "EXTRA_COMPILER_FLAGS=-g"
"Compiling coresightps_dcc"
arm-xilinx-eabi-ar: creating ../../../lib/libxil.a
"Running Make libs in ps7_cortexa9_0/libsrc/cpu_cortexa9_v2_1/src"
make -C ps7_cortexa9_0/libsrc/cpu_cortexa9_v2_1/src -s libs  "SHELL=CMD" "COMPILER=arm-xilinx-eabi-gcc" "ARCHIVER=arm-xilinx-eabi-ar" "COMPILER_FLAGS=  -O2 -c" "EXTRA_COMPILER_FLAGS=-g"
"Compiling cpu_cortexa9"
"Running Make libs in ps7_cortexa9_0/libsrc/ddrps_v1_0/src"
make -C ps7_cortexa9_0/libsrc/ddrps_v1_0/src -s libs  "SHELL=CMD" "COMPILER=arm-xilinx-eabi-gcc" "ARCHIVER=arm-xilinx-eabi-ar" "COMPILER_FLAGS=  -O2 -c" "EXTRA_COMPILER_FLAGS=-g"
"Compiling ddrps"
"Running Make libs in ps7_cortexa9_0/libsrc/devcfg_v3_3/src"
make -C ps7_cortexa9_0/libsrc/devcfg_v3_3/src -s libs  "SHELL=CMD" "COMPILER=arm-xilinx-eabi-gcc" "ARCHIVER=arm-xilinx-eabi-ar" "COMPILER_FLAGS=  -O2 -c" "EXTRA_COMPILER_FLAGS=-g"
"Compiling devcfg"
"Running Make libs in ps7_cortexa9_0/libsrc/dmaps_v2_1/src"
make -C ps7_cortexa9_0/libsrc/dmaps_v2_1/src -s libs  "SHELL=CMD" "COMPILER=arm-xilinx-eabi-gcc" "ARCHIVER=arm-xilinx-eabi-ar" "COMPILER_FLAGS=  -O2 -c" "EXTRA_COMPILER_FLAGS=-g"
"Compiling dmaps"
"Running Make libs in ps7_cortexa9_0/libsrc/emacps_v3_1/src"
make -C ps7_cortexa9_0/libsrc/emacps_v3_1/src -s libs  "SHELL=CMD" "COMPILER=arm-xilinx-eabi-gcc" "ARCHIVER=arm-xilinx-eabi-ar" "COMPILER_FLAGS=  -O2 -c" "EXTRA_COMPILER_FLAGS=-g"
"Compiling emacps"
"Running Make libs in ps7_cortexa9_0/libsrc/gpio_v4_0/src"
make -C ps7_cortexa9_0/libsrc/gpio_v4_0/src -s libs  "SHELL=CMD" "COMPILER=arm-xilinx-eabi-gcc" "ARCHIVER=arm-xilinx-eabi-ar" "COMPILER_FLAGS=  -O2 -c" "EXTRA_COMPILER_FLAGS=-g"
"Compiling gpio"
"Running Make libs in ps7_cortexa9_0/libsrc/gpiops_v3_1/src"
make -C ps7_cortexa9_0/libsrc/gpiops_v3_1/src -s libs  "SHELL=CMD" "COMPILER=arm-xilinx-eabi-gcc" "ARCHIVER=arm-xilinx-eabi-ar" "COMPILER_FLAGS=  -O2 -c" "EXTRA_COMPILER_FLAGS=-g"
"Compiling gpiops"
"Running Make libs in ps7_cortexa9_0/libsrc/qspips_v3_2/src"
make -C ps7_cortexa9_0/libsrc/qspips_v3_2/src -s libs  "SHELL=CMD" "COMPILER=arm-xilinx-eabi-gcc" "ARCHIVER=arm-xilinx-eabi-ar" "COMPILER_FLAGS=  -O2 -c" "EXTRA_COMPILER_FLAGS=-g"
"Compiling qspips"
"Running Make libs in ps7_cortexa9_0/libsrc/scugic_v3_1/src"
make -C ps7_cortexa9_0/libsrc/scugic_v3_1/src -s libs  "SHELL=CMD" "COMPILER=arm-xilinx-eabi-gcc" "ARCHIVER=arm-xilinx-eabi-ar" "COMPILER_FLAGS=  -O2 -c" "EXTRA_COMPILER_FLAGS=-g"
"Compiling scugic"
"Running Make libs in ps7_cortexa9_0/libsrc/scutimer_v2_1/src"
make -C ps7_cortexa9_0/libsrc/scutimer_v2_1/src -s libs  "SHELL=CMD" "COMPILER=arm-xilinx-eabi-gcc" "ARCHIVER=arm-xilinx-eabi-ar" "COMPILER_FLAGS=  -O2 -c" "EXTRA_COMPILER_FLAGS=-g"
"Compiling scutimer"
"Running Make libs in ps7_cortexa9_0/libsrc/scuwdt_v2_1/src"
make -C ps7_cortexa9_0/libsrc/scuwdt_v2_1/src -s libs  "SHELL=CMD" "COMPILER=arm-xilinx-eabi-gcc" "ARCHIVER=arm-xilinx-eabi-ar" "COMPILER_FLAGS=  -O2 -c" "EXTRA_COMPILER_FLAGS=-g"
"Compiling scuwdt"
"Running Make libs in ps7_cortexa9_0/libsrc/sdps_v2_6/src"
make -C ps7_cortexa9_0/libsrc/sdps_v2_6/src -s libs  "SHELL=CMD" "COMPILER=arm-xilinx-eabi-gcc" "ARCHIVER=arm-xilinx-eabi-ar" "COMPILER_FLAGS=  -O2 -c" "EXTRA_COMPILER_FLAGS=-g"
"Compiling sdps"
"Running Make libs in ps7_cortexa9_0/libsrc/spi_v4_1/src"
make -C ps7_cortexa9_0/libsrc/spi_v4_1/src -s libs  "SHELL=CMD" "COMPILER=arm-xilinx-eabi-gcc" "ARCHIVER=arm-xilinx-eabi-ar" "COMPILER_FLAGS=  -O2 -c" "EXTRA_COMPILER_FLAGS=-g"
"Compiling spi"
"Running Make libs in ps7_cortexa9_0/libsrc/standalone_v5_3/src"
make -C ps7_cortexa9_0/libsrc/standalone_v5_3/src -s libs  "SHELL=CMD" "COMPILER=arm-xilinx-eabi-gcc" "ARCHIVER=arm-xilinx-eabi-ar" "COMPILER_FLAGS=  -O2 -c" "EXTRA_COMPILER_FLAGS=-g"
"Compiling standalone"
"Running Make libs in ps7_cortexa9_0/libsrc/ttcps_v3_0/src"
make -C ps7_cortexa9_0/libsrc/ttcps_v3_0/src -s libs  "SHELL=CMD" "COMPILER=arm-xilinx-eabi-gcc" "ARCHIVER=arm-xilinx-eabi-ar" "COMPILER_FLAGS=  -O2 -c" "EXTRA_COMPILER_FLAGS=-g"
"Compiling ttcps"
"Running Make libs in ps7_cortexa9_0/libsrc/uartps_v3_1/src"
make -C ps7_cortexa9_0/libsrc/uartps_v3_1/src -s libs  "SHELL=CMD" "COMPILER=arm-xilinx-eabi-gcc" "ARCHIVER=arm-xilinx-eabi-ar" "COMPILER_FLAGS=  -O2 -c" "EXTRA_COMPILER_FLAGS=-g"
"Compiling uartps"
"Running Make libs in ps7_cortexa9_0/libsrc/usbps_v2_2/src"
make -C ps7_cortexa9_0/libsrc/usbps_v2_2/src -s libs  "SHELL=CMD" "COMPILER=arm-xilinx-eabi-gcc" "ARCHIVER=arm-xilinx-eabi-ar" "COMPILER_FLAGS=  -O2 -c" "EXTRA_COMPILER_FLAGS=-g"
"Compiling usbps"
"Running Make libs in ps7_cortexa9_0/libsrc/xadcps_v2_2/src"
make -C ps7_cortexa9_0/libsrc/xadcps_v2_2/src -s libs  "SHELL=CMD" "COMPILER=arm-xilinx-eabi-gcc" "ARCHIVER=arm-xilinx-eabi-ar" "COMPILER_FLAGS=  -O2 -c" "EXTRA_COMPILER_FLAGS=-g"
"Compiling xadcps"
'Finished building libraries'
00:57:03 **** Build of configuration Debug for project Practica3a.c ****
make all 
'Building file: ../src/helloworld.c'
'Invoking: ARM gcc compiler'
arm-xilinx-eabi-gcc -Wall -O0 -g3 -c -fmessage-length=0 -MT"src/helloworld.o" -ID:/ProyectosXILINX/Practica_1/project_1/project_1.sdk/standalone_bsp_0/practica1/ps7_cortexa9_0/include -MMD -MP -MF"src/helloworld.d" -MT"src/helloworld.d" -o "src/helloworld.o" "../src/helloworld.c"
'Finished building: ../src/helloworld.c'
' '
'Building file: ../src/platform.c'
'Invoking: ARM gcc compiler'
arm-xilinx-eabi-gcc -Wall -O0 -g3 -c -fmessage-length=0 -MT"src/platform.o" -ID:/ProyectosXILINX/Practica_1/project_1/project_1.sdk/standalone_bsp_0/practica1/ps7_cortexa9_0/include -MMD -MP -MF"src/platform.d" -MT"src/platform.d" -o "src/platform.o" "../src/platform.c"
'Finished building: ../src/platform.c'
' '
'Building target: Practica3a.c.elf'
'Invoking: ARM gcc linker'
arm-xilinx-eabi-gcc -Wl,-T -Wl,../src/lscript.ld -LD:/ProyectosXILINX/Practica_1/project_1/project_1.sdk/standalone_bsp_0/practica1/ps7_cortexa9_0/lib -o "Practica3a.c.elf"  ./src/helloworld.o ./src/platform.o   -Wl,--start-group,-lxil,-lgcc,-lc,--end-group
'Finished building target: Practica3a.c.elf'
' '
'Invoking: ARM Print Size'
arm-xilinx-eabi-size Practica3a.c.elf  |tee "Practica3a.c.elf.size"
   text	   data	    bss	    dec	    hex	filename
  22888	   1152	  22564	  46604	   b60c	Practica3a.c.elf
'Finished building: Practica3a.c.elf.size'
' '
01:01:26 **** Auto Build of configuration Debug for project Practica3a.c ****
make all 
'Building file: ../src/helloworld.c'
'Invoking: ARM gcc compiler'
arm-xilinx-eabi-gcc -Wall -O0 -g3 -c -fmessage-length=0 -MT"src/helloworld.o" -ID:/ProyectosXILINX/Practica_1/project_1/project_1.sdk/standalone_bsp_0/practica1/ps7_cortexa9_0/include -MMD -MP -MF"src/helloworld.d" -MT"src/helloworld.d" -o "src/helloworld.o" "../src/helloworld.c"
../src/helloworld.c: In function 'main':
../src/helloworld.c:65:40: error: 'XPAR_AXI_GPIO_1_DEVICE_ID' undeclared (first use in this function)
  mi_GPIO_Config_2 = XGpio_LookupConfig(XPAR_AXI_GPIO_1_DEVICE_ID);
                                        ^
../src/helloworld.c:65:40: note: each undeclared identifier is reported only once for each function it appears in
../src/helloworld.c:66:6: warning: unused variable 'Status2' [-Wunused-variable]
  int Status2 = XGpio_CfgInitialize(&mi_gpio_2,mi_GPIO_Config_2, mi_GPIO_Config_2->BaseAddress);
      ^
../src/helloworld.c:60:6: warning: unused variable 'Status' [-Wunused-variable]
  int Status = XGpio_CfgInitialize(&mi_gpio,mi_GPIO_Config, mi_GPIO_Config->BaseAddress);
      ^
make: *** [src/helloworld.o] Error 1
01:03:18 **** Auto Build of configuration Debug for project Practica3a.c ****
make all 
'Building file: ../src/helloworld.c'
'Invoking: ARM gcc compiler'
arm-xilinx-eabi-gcc -Wall -O0 -g3 -c -fmessage-length=0 -MT"src/helloworld.o" -ID:/ProyectosXILINX/Practica_1/project_1/project_1.sdk/standalone_bsp_0/practica1/ps7_cortexa9_0/include -MMD -MP -MF"src/helloworld.d" -MT"src/helloworld.d" -o "src/helloworld.o" "../src/helloworld.c"
../src/helloworld.c: In function 'main':
../src/helloworld.c:63:40: error: 'XPAR_AXI_GPIO_1_DEVICE_ID' undeclared (first use in this function)
  mi_GPIO_Config_2 = XGpio_LookupConfig(XPAR_AXI_GPIO_1_DEVICE_ID);
                                        ^
../src/helloworld.c:63:40: note: each undeclared identifier is reported only once for each function it appears in
../src/helloworld.c:64:6: warning: unused variable 'Status2' [-Wunused-variable]
  int Status2 = XGpio_CfgInitialize(&mi_gpio_2,mi_GPIO_Config_2, mi_GPIO_Config_2->BaseAddress);
      ^
../src/helloworld.c:58:6: warning: unused variable 'Status' [-Wunused-variable]
  int Status = XGpio_CfgInitialize(&mi_gpio,mi_GPIO_Config, mi_GPIO_Config->BaseAddress);
      ^
make: *** [src/helloworld.o] Error 1
09:29:33 **** Auto Build of project practica1 ****
make -k all 
"Running Make include in ps7_cortexa9_0/libsrc/coresightps_dcc_v1_2/src"
make -C ps7_cortexa9_0/libsrc/coresightps_dcc_v1_2/src -s include  "SHELL=CMD" "COMPILER=arm-xilinx-eabi-gcc" "ARCHIVER=arm-xilinx-eabi-ar" "COMPILER_FLAGS=  -O2 -c" "EXTRA_COMPILER_FLAGS=-g"
"Running Make include in ps7_cortexa9_0/libsrc/cpu_cortexa9_v2_1/src"
make -C ps7_cortexa9_0/libsrc/cpu_cortexa9_v2_1/src -s include  "SHELL=CMD" "COMPILER=arm-xilinx-eabi-gcc" "ARCHIVER=arm-xilinx-eabi-ar" "COMPILER_FLAGS=  -O2 -c" "EXTRA_COMPILER_FLAGS=-g"
"Running Make include in ps7_cortexa9_0/libsrc/ddrps_v1_0/src"
make -C ps7_cortexa9_0/libsrc/ddrps_v1_0/src -s include  "SHELL=CMD" "COMPILER=arm-xilinx-eabi-gcc" "ARCHIVER=arm-xilinx-eabi-ar" "COMPILER_FLAGS=  -O2 -c" "EXTRA_COMPILER_FLAGS=-g"
"Running Make include in ps7_cortexa9_0/libsrc/devcfg_v3_3/src"
make -C ps7_cortexa9_0/libsrc/devcfg_v3_3/src -s include  "SHELL=CMD" "COMPILER=arm-xilinx-eabi-gcc" "ARCHIVER=arm-xilinx-eabi-ar" "COMPILER_FLAGS=  -O2 -c" "EXTRA_COMPILER_FLAGS=-g"
"Running Make include in ps7_cortexa9_0/libsrc/dmaps_v2_1/src"
make -C ps7_cortexa9_0/libsrc/dmaps_v2_1/src -s include  "SHELL=CMD" "COMPILER=arm-xilinx-eabi-gcc" "ARCHIVER=arm-xilinx-eabi-ar" "COMPILER_FLAGS=  -O2 -c" "EXTRA_COMPILER_FLAGS=-g"
"Running Make include in ps7_cortexa9_0/libsrc/emacps_v3_1/src"
make -C ps7_cortexa9_0/libsrc/emacps_v3_1/src -s include  "SHELL=CMD" "COMPILER=arm-xilinx-eabi-gcc" "ARCHIVER=arm-xilinx-eabi-ar" "COMPILER_FLAGS=  -O2 -c" "EXTRA_COMPILER_FLAGS=-g"
"Running Make include in ps7_cortexa9_0/libsrc/gpio_v4_0/src"
make -C ps7_cortexa9_0/libsrc/gpio_v4_0/src -s include  "SHELL=CMD" "COMPILER=arm-xilinx-eabi-gcc" "ARCHIVER=arm-xilinx-eabi-ar" "COMPILER_FLAGS=  -O2 -c" "EXTRA_COMPILER_FLAGS=-g"
"Running Make include in ps7_cortexa9_0/libsrc/gpiops_v3_1/src"
make -C ps7_cortexa9_0/libsrc/gpiops_v3_1/src -s include  "SHELL=CMD" "COMPILER=arm-xilinx-eabi-gcc" "ARCHIVER=arm-xilinx-eabi-ar" "COMPILER_FLAGS=  -O2 -c" "EXTRA_COMPILER_FLAGS=-g"
"Running Make include in ps7_cortexa9_0/libsrc/qspips_v3_2/src"
make -C ps7_cortexa9_0/libsrc/qspips_v3_2/src -s include  "SHELL=CMD" "COMPILER=arm-xilinx-eabi-gcc" "ARCHIVER=arm-xilinx-eabi-ar" "COMPILER_FLAGS=  -O2 -c" "EXTRA_COMPILER_FLAGS=-g"
"Running Make include in ps7_cortexa9_0/libsrc/scugic_v3_1/src"
make -C ps7_cortexa9_0/libsrc/scugic_v3_1/src -s include  "SHELL=CMD" "COMPILER=arm-xilinx-eabi-gcc" "ARCHIVER=arm-xilinx-eabi-ar" "COMPILER_FLAGS=  -O2 -c" "EXTRA_COMPILER_FLAGS=-g"
"Running Make include in ps7_cortexa9_0/libsrc/scutimer_v2_1/src"
make -C ps7_cortexa9_0/libsrc/scutimer_v2_1/src -s include  "SHELL=CMD" "COMPILER=arm-xilinx-eabi-gcc" "ARCHIVER=arm-xilinx-eabi-ar" "COMPILER_FLAGS=  -O2 -c" "EXTRA_COMPILER_FLAGS=-g"
"Running Make include in ps7_cortexa9_0/libsrc/scuwdt_v2_1/src"
make -C ps7_cortexa9_0/libsrc/scuwdt_v2_1/src -s include  "SHELL=CMD" "COMPILER=arm-xilinx-eabi-gcc" "ARCHIVER=arm-xilinx-eabi-ar" "COMPILER_FLAGS=  -O2 -c" "EXTRA_COMPILER_FLAGS=-g"
"Running Make include in ps7_cortexa9_0/libsrc/sdps_v2_6/src"
make -C ps7_cortexa9_0/libsrc/sdps_v2_6/src -s include  "SHELL=CMD" "COMPILER=arm-xilinx-eabi-gcc" "ARCHIVER=arm-xilinx-eabi-ar" "COMPILER_FLAGS=  -O2 -c" "EXTRA_COMPILER_FLAGS=-g"
"Running Make include in ps7_cortexa9_0/libsrc/spi_v4_1/src"
make -C ps7_cortexa9_0/libsrc/spi_v4_1/src -s include  "SHELL=CMD" "COMPILER=arm-xilinx-eabi-gcc" "ARCHIVER=arm-xilinx-eabi-ar" "COMPILER_FLAGS=  -O2 -c" "EXTRA_COMPILER_FLAGS=-g"
"Running Make include in ps7_cortexa9_0/libsrc/standalone_v5_3/src"
make -C ps7_cortexa9_0/libsrc/standalone_v5_3/src -s include  "SHELL=CMD" "COMPILER=arm-xilinx-eabi-gcc" "ARCHIVER=arm-xilinx-eabi-ar" "COMPILER_FLAGS=  -O2 -c" "EXTRA_COMPILER_FLAGS=-g"
"Running Make include in ps7_cortexa9_0/libsrc/ttcps_v3_0/src"
make -C ps7_cortexa9_0/libsrc/ttcps_v3_0/src -s include  "SHELL=CMD" "COMPILER=arm-xilinx-eabi-gcc" "ARCHIVER=arm-xilinx-eabi-ar" "COMPILER_FLAGS=  -O2 -c" "EXTRA_COMPILER_FLAGS=-g"
"Running Make include in ps7_cortexa9_0/libsrc/uartps_v3_1/src"
make -C ps7_cortexa9_0/libsrc/uartps_v3_1/src -s include  "SHELL=CMD" "COMPILER=arm-xilinx-eabi-gcc" "ARCHIVER=arm-xilinx-eabi-ar" "COMPILER_FLAGS=  -O2 -c" "EXTRA_COMPILER_FLAGS=-g"
"Running Make include in ps7_cortexa9_0/libsrc/usbps_v2_2/src"
make -C ps7_cortexa9_0/libsrc/usbps_v2_2/src -s include  "SHELL=CMD" "COMPILER=arm-xilinx-eabi-gcc" "ARCHIVER=arm-xilinx-eabi-ar" "COMPILER_FLAGS=  -O2 -c" "EXTRA_COMPILER_FLAGS=-g"
"Running Make include in ps7_cortexa9_0/libsrc/xadcps_v2_2/src"
make -C ps7_cortexa9_0/libsrc/xadcps_v2_2/src -s include  "SHELL=CMD" "COMPILER=arm-xilinx-eabi-gcc" "ARCHIVER=arm-xilinx-eabi-ar" "COMPILER_FLAGS=  -O2 -c" "EXTRA_COMPILER_FLAGS=-g"
"Running Make libs in ps7_cortexa9_0/libsrc/coresightps_dcc_v1_2/src"
make -C ps7_cortexa9_0/libsrc/coresightps_dcc_v1_2/src -s libs  "SHELL=CMD" "COMPILER=arm-xilinx-eabi-gcc" "ARCHIVER=arm-xilinx-eabi-ar" "COMPILER_FLAGS=  -O2 -c" "EXTRA_COMPILER_FLAGS=-g"
"Compiling coresightps_dcc"
"Running Make libs in ps7_cortexa9_0/libsrc/cpu_cortexa9_v2_1/src"
make -C ps7_cortexa9_0/libsrc/cpu_cortexa9_v2_1/src -s libs  "SHELL=CMD" "COMPILER=arm-xilinx-eabi-gcc" "ARCHIVER=arm-xilinx-eabi-ar" "COMPILER_FLAGS=  -O2 -c" "EXTRA_COMPILER_FLAGS=-g"
"Compiling cpu_cortexa9"
"Running Make libs in ps7_cortexa9_0/libsrc/ddrps_v1_0/src"
make -C ps7_cortexa9_0/libsrc/ddrps_v1_0/src -s libs  "SHELL=CMD" "COMPILER=arm-xilinx-eabi-gcc" "ARCHIVER=arm-xilinx-eabi-ar" "COMPILER_FLAGS=  -O2 -c" "EXTRA_COMPILER_FLAGS=-g"
"Compiling ddrps"
"Running Make libs in ps7_cortexa9_0/libsrc/devcfg_v3_3/src"
make -C ps7_cortexa9_0/libsrc/devcfg_v3_3/src -s libs  "SHELL=CMD" "COMPILER=arm-xilinx-eabi-gcc" "ARCHIVER=arm-xilinx-eabi-ar" "COMPILER_FLAGS=  -O2 -c" "EXTRA_COMPILER_FLAGS=-g"
"Compiling devcfg"
"Running Make libs in ps7_cortexa9_0/libsrc/dmaps_v2_1/src"
make -C ps7_cortexa9_0/libsrc/dmaps_v2_1/src -s libs  "SHELL=CMD" "COMPILER=arm-xilinx-eabi-gcc" "ARCHIVER=arm-xilinx-eabi-ar" "COMPILER_FLAGS=  -O2 -c" "EXTRA_COMPILER_FLAGS=-g"
"Compiling dmaps"
"Running Make libs in ps7_cortexa9_0/libsrc/emacps_v3_1/src"
make -C ps7_cortexa9_0/libsrc/emacps_v3_1/src -s libs  "SHELL=CMD" "COMPILER=arm-xilinx-eabi-gcc" "ARCHIVER=arm-xilinx-eabi-ar" "COMPILER_FLAGS=  -O2 -c" "EXTRA_COMPILER_FLAGS=-g"
"Compiling emacps"
"Running Make libs in ps7_cortexa9_0/libsrc/gpio_v4_0/src"
make -C ps7_cortexa9_0/libsrc/gpio_v4_0/src -s libs  "SHELL=CMD" "COMPILER=arm-xilinx-eabi-gcc" "ARCHIVER=arm-xilinx-eabi-ar" "COMPILER_FLAGS=  -O2 -c" "EXTRA_COMPILER_FLAGS=-g"
"Compiling gpio"
"Running Make libs in ps7_cortexa9_0/libsrc/gpiops_v3_1/src"
make -C ps7_cortexa9_0/libsrc/gpiops_v3_1/src -s libs  "SHELL=CMD" "COMPILER=arm-xilinx-eabi-gcc" "ARCHIVER=arm-xilinx-eabi-ar" "COMPILER_FLAGS=  -O2 -c" "EXTRA_COMPILER_FLAGS=-g"
"Compiling gpiops"
"Running Make libs in ps7_cortexa9_0/libsrc/qspips_v3_2/src"
make -C ps7_cortexa9_0/libsrc/qspips_v3_2/src -s libs  "SHELL=CMD" "COMPILER=arm-xilinx-eabi-gcc" "ARCHIVER=arm-xilinx-eabi-ar" "COMPILER_FLAGS=  -O2 -c" "EXTRA_COMPILER_FLAGS=-g"
"Compiling qspips"
"Running Make libs in ps7_cortexa9_0/libsrc/scugic_v3_1/src"
make -C ps7_cortexa9_0/libsrc/scugic_v3_1/src -s libs  "SHELL=CMD" "COMPILER=arm-xilinx-eabi-gcc" "ARCHIVER=arm-xilinx-eabi-ar" "COMPILER_FLAGS=  -O2 -c" "EXTRA_COMPILER_FLAGS=-g"
"Compiling scugic"
"Running Make libs in ps7_cortexa9_0/libsrc/scutimer_v2_1/src"
make -C ps7_cortexa9_0/libsrc/scutimer_v2_1/src -s libs  "SHELL=CMD" "COMPILER=arm-xilinx-eabi-gcc" "ARCHIVER=arm-xilinx-eabi-ar" "COMPILER_FLAGS=  -O2 -c" "EXTRA_COMPILER_FLAGS=-g"
"Compiling scutimer"
"Running Make libs in ps7_cortexa9_0/libsrc/scuwdt_v2_1/src"
make -C ps7_cortexa9_0/libsrc/scuwdt_v2_1/src -s libs  "SHELL=CMD" "COMPILER=arm-xilinx-eabi-gcc" "ARCHIVER=arm-xilinx-eabi-ar" "COMPILER_FLAGS=  -O2 -c" "EXTRA_COMPILER_FLAGS=-g"
"Compiling scuwdt"
"Running Make libs in ps7_cortexa9_0/libsrc/sdps_v2_6/src"
make -C ps7_cortexa9_0/libsrc/sdps_v2_6/src -s libs  "SHELL=CMD" "COMPILER=arm-xilinx-eabi-gcc" "ARCHIVER=arm-xilinx-eabi-ar" "COMPILER_FLAGS=  -O2 -c" "EXTRA_COMPILER_FLAGS=-g"
"Compiling sdps"
"Running Make libs in ps7_cortexa9_0/libsrc/spi_v4_1/src"
make -C ps7_cortexa9_0/libsrc/spi_v4_1/src -s libs  "SHELL=CMD" "COMPILER=arm-xilinx-eabi-gcc" "ARCHIVER=arm-xilinx-eabi-ar" "COMPILER_FLAGS=  -O2 -c" "EXTRA_COMPILER_FLAGS=-g"
"Compiling spi"
"Running Make libs in ps7_cortexa9_0/libsrc/standalone_v5_3/src"
make -C ps7_cortexa9_0/libsrc/standalone_v5_3/src -s libs  "SHELL=CMD" "COMPILER=arm-xilinx-eabi-gcc" "ARCHIVER=arm-xilinx-eabi-ar" "COMPILER_FLAGS=  -O2 -c" "EXTRA_COMPILER_FLAGS=-g"
"Compiling standalone"
"Running Make libs in ps7_cortexa9_0/libsrc/ttcps_v3_0/src"
make -C ps7_cortexa9_0/libsrc/ttcps_v3_0/src -s libs  "SHELL=CMD" "COMPILER=arm-xilinx-eabi-gcc" "ARCHIVER=arm-xilinx-eabi-ar" "COMPILER_FLAGS=  -O2 -c" "EXTRA_COMPILER_FLAGS=-g"
"Compiling ttcps"
"Running Make libs in ps7_cortexa9_0/libsrc/uartps_v3_1/src"
make -C ps7_cortexa9_0/libsrc/uartps_v3_1/src -s libs  "SHELL=CMD" "COMPILER=arm-xilinx-eabi-gcc" "ARCHIVER=arm-xilinx-eabi-ar" "COMPILER_FLAGS=  -O2 -c" "EXTRA_COMPILER_FLAGS=-g"
"Compiling uartps"
"Running Make libs in ps7_cortexa9_0/libsrc/usbps_v2_2/src"
make -C ps7_cortexa9_0/libsrc/usbps_v2_2/src -s libs  "SHELL=CMD" "COMPILER=arm-xilinx-eabi-gcc" "ARCHIVER=arm-xilinx-eabi-ar" "COMPILER_FLAGS=  -O2 -c" "EXTRA_COMPILER_FLAGS=-g"
"Compiling usbps"
"Running Make libs in ps7_cortexa9_0/libsrc/xadcps_v2_2/src"
make -C ps7_cortexa9_0/libsrc/xadcps_v2_2/src -s libs  "SHELL=CMD" "COMPILER=arm-xilinx-eabi-gcc" "ARCHIVER=arm-xilinx-eabi-ar" "COMPILER_FLAGS=  -O2 -c" "EXTRA_COMPILER_FLAGS=-g"
"Compiling xadcps"
'Finished building libraries'
09:30:02 **** Clean-only build of configuration Debug for project Practica3a.c ****
make clean 
rm -rf  ./src/helloworld.o ./src/platform.o  ./src/helloworld.d ./src/platform.d  Practica3a.c.elf.size  Practica3a.c.elf
' '
09:30:03 **** Auto Build of configuration Debug for project Practica3a.c ****
make all 
'Building file: ../src/helloworld.c'
'Invoking: ARM gcc compiler'
arm-xilinx-eabi-gcc -Wall -O0 -g3 -c -fmessage-length=0 -MT"src/helloworld.o" -ID:/ProyectosXILINX/Practica_1/project_1/project_1.sdk/standalone_bsp_0/practica1/ps7_cortexa9_0/include -MMD -MP -MF"src/helloworld.d" -MT"src/helloworld.d" -o "src/helloworld.o" "../src/helloworld.c"
../src/helloworld.c: In function 'main':
../src/helloworld.c:63:40: error: 'XPAR_AXI_GPIO_1_DEVICE_ID' undeclared (first use in this function)
  mi_GPIO_Config_2 = XGpio_LookupConfig(XPAR_AXI_GPIO_1_DEVICE_ID);
                                        ^
../src/helloworld.c:63:40: note: each undeclared identifier is reported only once for each function it appears in
../src/helloworld.c:64:6: warning: unused variable 'Status2' [-Wunused-variable]
  int Status2 = XGpio_CfgInitialize(&mi_gpio_2,mi_GPIO_Config_2, mi_GPIO_Config_2->BaseAddress);
      ^
../src/helloworld.c:58:6: warning: unused variable 'Status' [-Wunused-variable]
  int Status = XGpio_CfgInitialize(&mi_gpio,mi_GPIO_Config, mi_GPIO_Config->BaseAddress);
      ^
make: *** [src/helloworld.o] Error 1
09:55:59 **** Auto Build of configuration Debug for project Practica3a.c ****
make all 
'Building file: ../src/helloworld.c'
'Invoking: ARM gcc compiler'
arm-xilinx-eabi-gcc -Wall -O0 -g3 -c -fmessage-length=0 -MT"src/helloworld.o" -ID:/ProyectosXILINX/Practica_1/project_1/project_1.sdk/standalone_bsp_0/practica1/ps7_cortexa9_0/include -MMD -MP -MF"src/helloworld.d" -MT"src/helloworld.d" -o "src/helloworld.o" "../src/helloworld.c"
../src/helloworld.c: In function 'main':
../src/helloworld.c:66:40: error: 'XPAR_AXI_GPIO_1_DEVICE_ID' undeclared (first use in this function)
  mi_GPIO_Config_2 = XGpio_LookupConfig(XPAR_AXI_GPIO_1_DEVICE_ID);
                                        ^
../src/helloworld.c:66:40: note: each undeclared identifier is reported only once for each function it appears in
../src/helloworld.c:68:6: warning: unused variable 'Status2' [-Wunused-variable]
  int Status2 = XGpio_CfgInitialize(&mi_gpio_2,mi_GPIO_Config_2, mi_GPIO_Config_2->BaseAddress);
      ^
../src/helloworld.c:59:6: warning: unused variable 'Status' [-Wunused-variable]
  int Status = XGpio_CfgInitialize(&mi_gpio,mi_GPIO_Config, mi_GPIO_Config->BaseAddress);
      ^
make: *** [src/helloworld.o] Error 1
12:04:43 **** Auto Build of configuration Debug for project Practica3a.c ****
make all 
'Building file: ../src/helloworld.c'
'Invoking: ARM gcc compiler'
arm-xilinx-eabi-gcc -Wall -O0 -g3 -c -fmessage-length=0 -MT"src/helloworld.o" -ID:/ProyectosXILINX/Practica_1/project_1/project_1.sdk/standalone_bsp_0/practica1/ps7_cortexa9_0/include -MMD -MP -MF"src/helloworld.d" -MT"src/helloworld.d" -o "src/helloworld.o" "../src/helloworld.c"
../src/helloworld.c: In function 'main':
../src/helloworld.c:82:6: warning: unused variable 'Status2' [-Wunused-variable]
  int Status2 = XGpio_CfgInitialize(&mi_gpio_2,mi_GPIO_Config_2, mi_GPIO_Config_2->BaseAddress);
      ^
../src/helloworld.c:56:6: warning: unused variable 'LED_Value' [-Wunused-variable]
  u32 LED_Value=0;
      ^
../src/helloworld.c:55:6: warning: unused variable 'DIP_Value' [-Wunused-variable]
  u32 DIP_Value=0;
      ^
'Finished building: ../src/helloworld.c'
' '
'Building file: ../src/platform.c'
'Invoking: ARM gcc compiler'
arm-xilinx-eabi-gcc -Wall -O0 -g3 -c -fmessage-length=0 -MT"src/platform.o" -ID:/ProyectosXILINX/Practica_1/project_1/project_1.sdk/standalone_bsp_0/practica1/ps7_cortexa9_0/include -MMD -MP -MF"src/platform.d" -MT"src/platform.d" -o "src/platform.o" "../src/platform.c"
'Finished building: ../src/platform.c'
' '
'Building target: Practica3a.c.elf'
'Invoking: ARM gcc linker'
arm-xilinx-eabi-gcc -Wl,-T -Wl,../src/lscript.ld -LD:/ProyectosXILINX/Practica_1/project_1/project_1.sdk/standalone_bsp_0/practica1/ps7_cortexa9_0/lib -o "Practica3a.c.elf"  ./src/helloworld.o ./src/platform.o   -Wl,--start-group,-lxil,-lgcc,-lc,--end-group
'Finished building target: Practica3a.c.elf'
' '
'Invoking: ARM Print Size'
arm-xilinx-eabi-size Practica3a.c.elf  |tee "Practica3a.c.elf.size"
   text	   data	    bss	    dec	    hex	filename
  62204	   2336	  22652	  87192	  15498	Practica3a.c.elf
'Finished building: Practica3a.c.elf.size'
' '
12:09:03 **** Incremental Build of configuration Debug for project Practica3a.c ****
make all 
make: No se hace nada para `all'.
12:09:23 **** Incremental Build of configuration Debug for project Practica3a.c ****
make all 
make: No se hace nada para `all'.
12:10:18 **** Incremental Build of configuration Debug for project Practica3a.c ****
make all 
make: No se hace nada para `all'.
12:11:00 **** Incremental Build of configuration Debug for project Practica3a.c ****
make all 
make: No se hace nada para `all'.
12:12:02 **** Auto Build of configuration Debug for project Practica3a.c ****
make all 
'Building file: ../src/helloworld.c'
'Invoking: ARM gcc compiler'
arm-xilinx-eabi-gcc -Wall -O0 -g3 -c -fmessage-length=0 -MT"src/helloworld.o" -ID:/ProyectosXILINX/Practica_1/project_1/project_1.sdk/standalone_bsp_0/practica1/ps7_cortexa9_0/include -MMD -MP -MF"src/helloworld.d" -MT"src/helloworld.d" -o "src/helloworld.o" "../src/helloworld.c"
../src/helloworld.c: In function 'main':
../src/helloworld.c:105:13: error: 'DIP_value' undeclared (first use in this function)
   LED_Value=DIP_value ;
             ^
../src/helloworld.c:105:13: note: each undeclared identifier is reported only once for each function it appears in
make: *** [src/helloworld.o] Error 1
12:12:41 **** Incremental Build of configuration Debug for project Practica3a.c ****
make all 
'Building file: ../src/helloworld.c'
'Invoking: ARM gcc compiler'
arm-xilinx-eabi-gcc -Wall -O0 -g3 -c -fmessage-length=0 -MT"src/helloworld.o" -ID:/ProyectosXILINX/Practica_1/project_1/project_1.sdk/standalone_bsp_0/practica1/ps7_cortexa9_0/include -MMD -MP -MF"src/helloworld.d" -MT"src/helloworld.d" -o "src/helloworld.o" "../src/helloworld.c"
../src/helloworld.c: In function 'main':
../src/helloworld.c:105:13: error: 'DIP_value' undeclared (first use in this function)
   LED_Value=DIP_value ;
             ^
../src/helloworld.c:105:13: note: each undeclared identifier is reported only once for each function it appears in
make: *** [src/helloworld.o] Error 1
12:14:16 **** Auto Build of configuration Debug for project Practica3a.c ****
make all 
'Building file: ../src/helloworld.c'
'Invoking: ARM gcc compiler'
arm-xilinx-eabi-gcc -Wall -O0 -g3 -c -fmessage-length=0 -MT"src/helloworld.o" -ID:/ProyectosXILINX/Practica_1/project_1/project_1.sdk/standalone_bsp_0/practica1/ps7_cortexa9_0/include -MMD -MP -MF"src/helloworld.d" -MT"src/helloworld.d" -o "src/helloworld.o" "../src/helloworld.c"
../src/helloworld.c: In function 'main':
../src/helloworld.c:107:11: error: 'DIP_value' undeclared (first use in this function)
   if(aux!=DIP_value){
           ^
../src/helloworld.c:107:11: note: each undeclared identifier is reported only once for each function it appears in
make: *** [src/helloworld.o] Error 1
12:14:26 **** Auto Build of configuration Debug for project Practica3a.c ****
make all 
'Building file: ../src/helloworld.c'
'Invoking: ARM gcc compiler'
arm-xilinx-eabi-gcc -Wall -O0 -g3 -c -fmessage-length=0 -MT"src/helloworld.o" -ID:/ProyectosXILINX/Practica_1/project_1/project_1.sdk/standalone_bsp_0/practica1/ps7_cortexa9_0/include -MMD -MP -MF"src/helloworld.d" -MT"src/helloworld.d" -o "src/helloworld.o" "../src/helloworld.c"
'Finished building: ../src/helloworld.c'
' '
'Building target: Practica3a.c.elf'
'Invoking: ARM gcc linker'
arm-xilinx-eabi-gcc -Wl,-T -Wl,../src/lscript.ld -LD:/ProyectosXILINX/Practica_1/project_1/project_1.sdk/standalone_bsp_0/practica1/ps7_cortexa9_0/lib -o "Practica3a.c.elf"  ./src/helloworld.o ./src/platform.o   -Wl,--start-group,-lxil,-lgcc,-lc,--end-group
'Finished building target: Practica3a.c.elf'
' '
'Invoking: ARM Print Size'
arm-xilinx-eabi-size Practica3a.c.elf  |tee "Practica3a.c.elf.size"
   text	   data	    bss	    dec	    hex	filename
  62220	   2336	  22652	  87208	  154a8	Practica3a.c.elf
'Finished building: Practica3a.c.elf.size'
' '
12:16:14 **** Incremental Build of configuration Debug for project Practica3a.c ****
make all 
make: No se hace nada para `all'.
12:16:46 **** Incremental Build of configuration Debug for project Practica3a.c ****
make all 
make: No se hace nada para `all'.
12:20:33 **** Auto Build of configuration Debug for project Practica3a.c ****
make all 
'Building file: ../src/helloworld.c'
'Invoking: ARM gcc compiler'
arm-xilinx-eabi-gcc -Wall -O0 -g3 -c -fmessage-length=0 -MT"src/helloworld.o" -ID:/ProyectosXILINX/Practica_1/project_1/project_1.sdk/standalone_bsp_0/practica1/ps7_cortexa9_0/include -MMD -MP -MF"src/helloworld.d" -MT"src/helloworld.d" -o "src/helloworld.o" "../src/helloworld.c"
../src/helloworld.c: In function 'main':
../src/helloworld.c:108:3: error: expected expression before 'if'
   if(aux!=DIP_Value){
   ^
../src/helloworld.c:98:6: warning: unused variable 'aux' [-Wunused-variable]
  int aux=0;
      ^
../src/helloworld.c:57:6: warning: variable 'LED_Value' set but not used [-Wunused-but-set-variable]
  int LED_Value=0;
      ^
make: *** [src/helloworld.o] Error 1
12:20:40 **** Auto Build of configuration Debug for project Practica3a.c ****
make all 
'Building file: ../src/helloworld.c'
'Invoking: ARM gcc compiler'
arm-xilinx-eabi-gcc -Wall -O0 -g3 -c -fmessage-length=0 -MT"src/helloworld.o" -ID:/ProyectosXILINX/Practica_1/project_1/project_1.sdk/standalone_bsp_0/practica1/ps7_cortexa9_0/include -MMD -MP -MF"src/helloworld.d" -MT"src/helloworld.d" -o "src/helloworld.o" "../src/helloworld.c"
../src/helloworld.c: In function 'main':
../src/helloworld.c:106:26: error: expected expression before ';' token
   LED_Value=DIP_Value<<8>;
                          ^
make: *** [src/helloworld.o] Error 1
12:20:53 **** Auto Build of configuration Debug for project Practica3a.c ****
make all 
'Building file: ../src/helloworld.c'
'Invoking: ARM gcc compiler'
arm-xilinx-eabi-gcc -Wall -O0 -g3 -c -fmessage-length=0 -MT"src/helloworld.o" -ID:/ProyectosXILINX/Practica_1/project_1/project_1.sdk/standalone_bsp_0/practica1/ps7_cortexa9_0/include -MMD -MP -MF"src/helloworld.d" -MT"src/helloworld.d" -o "src/helloworld.o" "../src/helloworld.c"
'Finished building: ../src/helloworld.c'
' '
'Building target: Practica3a.c.elf'
'Invoking: ARM gcc linker'
arm-xilinx-eabi-gcc -Wl,-T -Wl,../src/lscript.ld -LD:/ProyectosXILINX/Practica_1/project_1/project_1.sdk/standalone_bsp_0/practica1/ps7_cortexa9_0/lib -o "Practica3a.c.elf"  ./src/helloworld.o ./src/platform.o   -Wl,--start-group,-lxil,-lgcc,-lc,--end-group
'Finished building target: Practica3a.c.elf'
' '
'Invoking: ARM Print Size'
arm-xilinx-eabi-size Practica3a.c.elf  |tee "Practica3a.c.elf.size"
   text	   data	    bss	    dec	    hex	filename
  62220	   2336	  22652	  87208	  154a8	Practica3a.c.elf
'Finished building: Practica3a.c.elf.size'
' '
12:21:09 **** Incremental Build of configuration Debug for project Practica3a.c ****
make all 
make: No se hace nada para `all'.
12:47:17 **** Auto Build of configuration Debug for project Practica3a.c ****
make all 
'Building file: ../src/helloworld.c'
'Invoking: ARM gcc compiler'
arm-xilinx-eabi-gcc -Wall -O0 -g3 -c -fmessage-length=0 -MT"src/helloworld.o" -ID:/ProyectosXILINX/Practica_1/project_1/project_1.sdk/standalone_bsp_0/practica1/ps7_cortexa9_0/include -MMD -MP -MF"src/helloworld.d" -MT"src/helloworld.d" -o "src/helloworld.o" "../src/helloworld.c"
../src/helloworld.c: In function 'main':
../src/helloworld.c:109:4: warning: format '%X' expects argument of type 'unsigned int', but argument 2 has type 'u32' [-Wformat=]
    printf("DIP = 0x%04X, LED = 0x%04X\n\r", DIP_Value, LED_Value);
    ^
../src/helloworld.c:109:4: warning: format '%X' expects argument of type 'unsigned int', but argument 3 has type 'u32' [-Wformat=]
../src/helloworld.c:109:4: warning: format '%X' expects argument of type 'unsigned int', but argument 2 has type 'u32' [-Wformat=]
../src/helloworld.c:109:4: warning: format '%X' expects argument of type 'unsigned int', but argument 3 has type 'u32' [-Wformat=]
'Finished building: ../src/helloworld.c'
' '
'Building target: Practica3a.c.elf'
'Invoking: ARM gcc linker'
arm-xilinx-eabi-gcc -Wl,-T -Wl,../src/lscript.ld -LD:/ProyectosXILINX/Practica_1/project_1/project_1.sdk/standalone_bsp_0/practica1/ps7_cortexa9_0/lib -o "Practica3a.c.elf"  ./src/helloworld.o ./src/platform.o   -Wl,--start-group,-lxil,-lgcc,-lc,--end-group
'Finished building target: Practica3a.c.elf'
' '
'Invoking: ARM Print Size'
arm-xilinx-eabi-size Practica3a.c.elf  |tee "Practica3a.c.elf.size"
   text	   data	    bss	    dec	    hex	filename
  62220	   2336	  22652	  87208	  154a8	Practica3a.c.elf
'Finished building: Practica3a.c.elf.size'
' '
12:47:58 **** Incremental Build of configuration Debug for project Practica3a.c ****
make all 
make: No se hace nada para `all'.
13:49:32 **** Auto Build of configuration Debug for project Practica3a.c ****
make all 
'Building file: ../src/helloworld.c'
'Invoking: ARM gcc compiler'
arm-xilinx-eabi-gcc -Wall -O0 -g3 -c -fmessage-length=0 -MT"src/helloworld.o" -ID:/ProyectosXILINX/Practica_1/project_1/project_1.sdk/standalone_bsp_0/practica1/ps7_cortexa9_0/include -MMD -MP -MF"src/helloworld.d" -MT"src/helloworld.d" -o "src/helloworld.o" "../src/helloworld.c"
../src/helloworld.c: In function 'main':
../src/helloworld.c:69:32: error: 'mi_gpio' undeclared (first use in this function)
  Status = XGpio_CfgInitialize(&mi_gpio,mi_GPIO_Config, mi_GPIO_Config->BaseAddress);
                                ^
../src/helloworld.c:69:32: note: each undeclared identifier is reported only once for each function it appears in
../src/helloworld.c:93:26: error: 'mi_gpio_2' undeclared (first use in this function)
  XGpio_SetDataDirection(&mi_gpio_2, 1 , 0x000000FF);
                          ^
../src/helloworld.c:109:4: warning: format '%X' expects argument of type 'unsigned int', but argument 2 has type 'u32' [-Wformat=]
    printf("DIP = 0x%04X, LED = 0x%04X\n\r", DIP_Value, LED_Value);
    ^
../src/helloworld.c:109:4: warning: format '%X' expects argument of type 'unsigned int', but argument 3 has type 'u32' [-Wformat=]
../src/helloworld.c:109:4: warning: format '%X' expects argument of type 'unsigned int', but argument 2 has type 'u32' [-Wformat=]
../src/helloworld.c:109:4: warning: format '%X' expects argument of type 'unsigned int', but argument 3 has type 'u32' [-Wformat=]
make: *** [src/helloworld.o] Error 1
13:49:41 **** Auto Build of configuration Debug for project Practica3a.c ****
make all 
'Building file: ../src/helloworld.c'
'Invoking: ARM gcc compiler'
arm-xilinx-eabi-gcc -Wall -O0 -g3 -c -fmessage-length=0 -MT"src/helloworld.o" -ID:/ProyectosXILINX/Practica_1/project_1/project_1.sdk/standalone_bsp_0/practica1/ps7_cortexa9_0/include -MMD -MP -MF"src/helloworld.d" -MT"src/helloworld.d" -o "src/helloworld.o" "../src/helloworld.c"
../src/helloworld.c: In function 'main':
../src/helloworld.c:69:32: error: 'mi_gpio' undeclared (first use in this function)
  Status = XGpio_CfgInitialize(&mi_gpio,mi_GPIO_Config, mi_GPIO_Config->BaseAddress);
                                ^
../src/helloworld.c:69:32: note: each undeclared identifier is reported only once for each function it appears in
../src/helloworld.c:109:4: warning: format '%X' expects argument of type 'unsigned int', but argument 2 has type 'u32' [-Wformat=]
    printf("DIP = 0x%04X, LED = 0x%04X\n\r", DIP_Value, LED_Value);
    ^
../src/helloworld.c:109:4: warning: format '%X' expects argument of type 'unsigned int', but argument 3 has type 'u32' [-Wformat=]
../src/helloworld.c:109:4: warning: format '%X' expects argument of type 'unsigned int', but argument 2 has type 'u32' [-Wformat=]
../src/helloworld.c:109:4: warning: format '%X' expects argument of type 'unsigned int', but argument 3 has type 'u32' [-Wformat=]
../src/helloworld.c:113:24: error: 'mi_gpio_2' undeclared (first use in this function)
   XGpio_DiscreteWrite(&mi_gpio_2, 1, DIP_Value); //(canal 1, Dip-Value indica el valor de los switches)
                        ^
make: *** [src/helloworld.o] Error 1
13:50:34 **** Auto Build of configuration Debug for project Practica3a.c ****
make all 
'Building file: ../src/helloworld.c'
'Invoking: ARM gcc compiler'
arm-xilinx-eabi-gcc -Wall -O0 -g3 -c -fmessage-length=0 -MT"src/helloworld.o" -ID:/ProyectosXILINX/Practica_1/project_1/project_1.sdk/standalone_bsp_0/practica1/ps7_cortexa9_0/include -MMD -MP -MF"src/helloworld.d" -MT"src/helloworld.d" -o "src/helloworld.o" "../src/helloworld.c"
../src/helloworld.c: In function 'main':
../src/helloworld.c:69:32: error: 'mi_gpio' undeclared (first use in this function)
  Status = XGpio_CfgInitialize(&mi_gpio,mi_GPIO_Config, mi_GPIO_Config->BaseAddress);
                                ^
../src/helloworld.c:69:32: note: each undeclared identifier is reported only once for each function it appears in
../src/helloworld.c:109:4: warning: format '%X' expects argument of type 'unsigned int', but argument 2 has type 'u32' [-Wformat=]
    printf("DIP = 0x%04X, LED = 0x%04X\n\r", DIP_Value, LED_Value);
    ^
../src/helloworld.c:109:4: warning: format '%X' expects argument of type 'unsigned int', but argument 3 has type 'u32' [-Wformat=]
../src/helloworld.c:109:4: warning: format '%X' expects argument of type 'unsigned int', but argument 2 has type 'u32' [-Wformat=]
../src/helloworld.c:109:4: warning: format '%X' expects argument of type 'unsigned int', but argument 3 has type 'u32' [-Wformat=]
../src/helloworld.c:113:24: error: 'mi_gpio_2' undeclared (first use in this function)
   XGpio_DiscreteWrite(&mi_gpio_2, 1, DIP_Value); //(canal 1, Dip-Value indica el valor de los switches)
                        ^
make: *** [src/helloworld.o] Error 1
13:51:12 **** Auto Build of configuration Debug for project Practica3a.c ****
make all 
'Building file: ../src/helloworld.c'
'Invoking: ARM gcc compiler'
arm-xilinx-eabi-gcc -Wall -O0 -g3 -c -fmessage-length=0 -MT"src/helloworld.o" -ID:/ProyectosXILINX/Practica_1/project_1/project_1.sdk/standalone_bsp_0/practica1/ps7_cortexa9_0/include -MMD -MP -MF"src/helloworld.d" -MT"src/helloworld.d" -o "src/helloworld.o" "../src/helloworld.c"
../src/helloworld.c: In function 'main':
../src/helloworld.c:69:32: error: 'mi_gpio' undeclared (first use in this function)
  Status = XGpio_CfgInitialize(&mi_gpio,mi_GPIO_Config, mi_GPIO_Config->BaseAddress);
                                ^
../src/helloworld.c:69:32: note: each undeclared identifier is reported only once for each function it appears in
../src/helloworld.c:109:4: warning: format '%X' expects argument of type 'unsigned int', but argument 2 has type 'u32' [-Wformat=]
    printf("DIP = 0x%04X, LED = 0x%04X\n\r", DIP_Value, LED_Value);
    ^
../src/helloworld.c:109:4: warning: format '%X' expects argument of type 'unsigned int', but argument 3 has type 'u32' [-Wformat=]
../src/helloworld.c:109:4: warning: format '%X' expects argument of type 'unsigned int', but argument 2 has type 'u32' [-Wformat=]
../src/helloworld.c:109:4: warning: format '%X' expects argument of type 'unsigned int', but argument 3 has type 'u32' [-Wformat=]
make: *** [src/helloworld.o] Error 1
13:51:21 **** Auto Build of configuration Debug for project Practica3a.c ****
make all 
'Building file: ../src/helloworld.c'
'Invoking: ARM gcc compiler'
arm-xilinx-eabi-gcc -Wall -O0 -g3 -c -fmessage-length=0 -MT"src/helloworld.o" -ID:/ProyectosXILINX/Practica_1/project_1/project_1.sdk/standalone_bsp_0/practica1/ps7_cortexa9_0/include -MMD -MP -MF"src/helloworld.d" -MT"src/helloworld.d" -o "src/helloworld.o" "../src/helloworld.c"
../src/helloworld.c: In function 'main':
../src/helloworld.c:109:4: warning: format '%X' expects argument of type 'unsigned int', but argument 2 has type 'u32' [-Wformat=]
    printf("DIP = 0x%04X, LED = 0x%04X\n\r", DIP_Value, LED_Value);
    ^
../src/helloworld.c:109:4: warning: format '%X' expects argument of type 'unsigned int', but argument 3 has type 'u32' [-Wformat=]
../src/helloworld.c:109:4: warning: format '%X' expects argument of type 'unsigned int', but argument 2 has type 'u32' [-Wformat=]
../src/helloworld.c:109:4: warning: format '%X' expects argument of type 'unsigned int', but argument 3 has type 'u32' [-Wformat=]
'Finished building: ../src/helloworld.c'
' '
'Building target: Practica3a.c.elf'
'Invoking: ARM gcc linker'
arm-xilinx-eabi-gcc -Wl,-T -Wl,../src/lscript.ld -LD:/ProyectosXILINX/Practica_1/project_1/project_1.sdk/standalone_bsp_0/practica1/ps7_cortexa9_0/lib -o "Practica3a.c.elf"  ./src/helloworld.o ./src/platform.o   -Wl,--start-group,-lxil,-lgcc,-lc,--end-group
'Finished building target: Practica3a.c.elf'
' '
'Invoking: ARM Print Size'
arm-xilinx-eabi-size Practica3a.c.elf  |tee "Practica3a.c.elf.size"
   text	   data	    bss	    dec	    hex	filename
  62220	   2336	  22652	  87208	  154a8	Practica3a.c.elf
'Finished building: Practica3a.c.elf.size'
' '
13:51:56 **** Incremental Build of configuration Debug for project Practica3a.c ****
make all 
make: No se hace nada para `all'.
14:17:06 **** Auto Build of configuration Debug for project Practica3a.c ****
make all 
'Building file: ../src/helloworld.c'
'Invoking: ARM gcc compiler'
arm-xilinx-eabi-gcc -Wall -O0 -g3 -c -fmessage-length=0 -MT"src/helloworld.o" -ID:/ProyectosXILINX/Practica_1/project_1/project_1.sdk/standalone_bsp_0/practica1/ps7_cortexa9_0/include -MMD -MP -MF"src/helloworld.d" -MT"src/helloworld.d" -o "src/helloworld.o" "../src/helloworld.c"
../src/helloworld.c: In function 'main':
../src/helloworld.c:67:38: error: 'XPAR_AXI_GPIO2_0_DEVICE_ID' undeclared (first use in this function)
  mi_GPIO_Config = XGpio_LookupConfig(XPAR_AXI_GPIO2_0_DEVICE_ID);
                                      ^
../src/helloworld.c:67:38: note: each undeclared identifier is reported only once for each function it appears in
../src/helloworld.c:109:4: warning: format '%X' expects argument of type 'unsigned int', but argument 2 has type 'u32' [-Wformat=]
    printf("DIP = 0x%04X, LED = 0x%04X\n\r", DIP_Value, LED_Value);
    ^
../src/helloworld.c:109:4: warning: format '%X' expects argument of type 'unsigned int', but argument 3 has type 'u32' [-Wformat=]
../src/helloworld.c:109:4: warning: format '%X' expects argument of type 'unsigned int', but argument 2 has type 'u32' [-Wformat=]
../src/helloworld.c:109:4: warning: format '%X' expects argument of type 'unsigned int', but argument 3 has type 'u32' [-Wformat=]
make: *** [src/helloworld.o] Error 1
14:17:36 **** Auto Build of configuration Debug for project Practica3a.c ****
make all 
'Building file: ../src/helloworld.c'
'Invoking: ARM gcc compiler'
arm-xilinx-eabi-gcc -Wall -O0 -g3 -c -fmessage-length=0 -MT"src/helloworld.o" -ID:/ProyectosXILINX/Practica_1/project_1/project_1.sdk/standalone_bsp_0/practica1/ps7_cortexa9_0/include -MMD -MP -MF"src/helloworld.d" -MT"src/helloworld.d" -o "src/helloworld.o" "../src/helloworld.c"
../src/helloworld.c: In function 'main':
../src/helloworld.c:67:38: error: 'XPAR_AXI_GPIO_2_DEVICE_ID' undeclared (first use in this function)
  mi_GPIO_Config = XGpio_LookupConfig(XPAR_AXI_GPIO_2_DEVICE_ID);
                                      ^
../src/helloworld.c:67:38: note: each undeclared identifier is reported only once for each function it appears in
../src/helloworld.c:109:4: warning: format '%X' expects argument of type 'unsigned int', but argument 2 has type 'u32' [-Wformat=]
    printf("DIP = 0x%04X, LED = 0x%04X\n\r", DIP_Value, LED_Value);
    ^
../src/helloworld.c:109:4: warning: format '%X' expects argument of type 'unsigned int', but argument 3 has type 'u32' [-Wformat=]
../src/helloworld.c:109:4: warning: format '%X' expects argument of type 'unsigned int', but argument 2 has type 'u32' [-Wformat=]
../src/helloworld.c:109:4: warning: format '%X' expects argument of type 'unsigned int', but argument 3 has type 'u32' [-Wformat=]
make: *** [src/helloworld.o] Error 1
14:17:50 **** Auto Build of configuration Debug for project Practica3a.c ****
make all 
'Building file: ../src/helloworld.c'
'Invoking: ARM gcc compiler'
arm-xilinx-eabi-gcc -Wall -O0 -g3 -c -fmessage-length=0 -MT"src/helloworld.o" -ID:/ProyectosXILINX/Practica_1/project_1/project_1.sdk/standalone_bsp_0/practica1/ps7_cortexa9_0/include -MMD -MP -MF"src/helloworld.d" -MT"src/helloworld.d" -o "src/helloworld.o" "../src/helloworld.c"
../src/helloworld.c: In function 'main':
../src/helloworld.c:109:4: warning: format '%X' expects argument of type 'unsigned int', but argument 2 has type 'u32' [-Wformat=]
    printf("DIP = 0x%04X, LED = 0x%04X\n\r", DIP_Value, LED_Value);
    ^
../src/helloworld.c:109:4: warning: format '%X' expects argument of type 'unsigned int', but argument 3 has type 'u32' [-Wformat=]
../src/helloworld.c:109:4: warning: format '%X' expects argument of type 'unsigned int', but argument 2 has type 'u32' [-Wformat=]
../src/helloworld.c:109:4: warning: format '%X' expects argument of type 'unsigned int', but argument 3 has type 'u32' [-Wformat=]
'Finished building: ../src/helloworld.c'
' '
'Building target: Practica3a.c.elf'
'Invoking: ARM gcc linker'
arm-xilinx-eabi-gcc -Wl,-T -Wl,../src/lscript.ld -LD:/ProyectosXILINX/Practica_1/project_1/project_1.sdk/standalone_bsp_0/practica1/ps7_cortexa9_0/lib -o "Practica3a.c.elf"  ./src/helloworld.o ./src/platform.o   -Wl,--start-group,-lxil,-lgcc,-lc,--end-group
'Finished building target: Practica3a.c.elf'
' '
'Invoking: ARM Print Size'
arm-xilinx-eabi-size Practica3a.c.elf  |tee "Practica3a.c.elf.size"
   text	   data	    bss	    dec	    hex	filename
  62220	   2336	  22652	  87208	  154a8	Practica3a.c.elf
'Finished building: Practica3a.c.elf.size'
' '
14:19:42 **** Auto Build of configuration Debug for project Practica3a.c ****
make all 
'Building file: ../src/helloworld.c'
'Invoking: ARM gcc compiler'
arm-xilinx-eabi-gcc -Wall -O0 -g3 -c -fmessage-length=0 -MT"src/helloworld.o" -ID:/ProyectosXILINX/Practica_1/project_1/project_1.sdk/standalone_bsp_0/practica1/ps7_cortexa9_0/include -MMD -MP -MF"src/helloworld.d" -MT"src/helloworld.d" -o "src/helloworld.o" "../src/helloworld.c"
In file included from ../src/helloworld.c:50:0:
../src/helloworld.c: In function 'main':
D:/ProyectosXILINX/Practica_1/project_1/project_1.sdk/standalone_bsp_0/practica1/ps7_cortexa9_0/include/xparameters.h:213:34: warning: large integer implicitly truncated to unsigned type [-Woverflow]
 #define XPAR_AXI_GPIO_0_HIGHADDR 0x4120FFFF
                                  ^
../src/helloworld.c:68:38: note: in expansion of macro 'XPAR_AXI_GPIO_0_HIGHADDR'
  mi_GPIO_Config = XGpio_LookupConfig(XPAR_AXI_GPIO_0_HIGHADDR);
                                      ^
../src/helloworld.c:109:4: warning: format '%X' expects argument of type 'unsigned int', but argument 2 has type 'u32' [-Wformat=]
    printf("DIP = 0x%04X, LED = 0x%04X\n\r", DIP_Value, LED_Value);
    ^
../src/helloworld.c:109:4: warning: format '%X' expects argument of type 'unsigned int', but argument 3 has type 'u32' [-Wformat=]
../src/helloworld.c:109:4: warning: format '%X' expects argument of type 'unsigned int', but argument 2 has type 'u32' [-Wformat=]
../src/helloworld.c:109:4: warning: format '%X' expects argument of type 'unsigned int', but argument 3 has type 'u32' [-Wformat=]
'Finished building: ../src/helloworld.c'
' '
'Building target: Practica3a.c.elf'
'Invoking: ARM gcc linker'
arm-xilinx-eabi-gcc -Wl,-T -Wl,../src/lscript.ld -LD:/ProyectosXILINX/Practica_1/project_1/project_1.sdk/standalone_bsp_0/practica1/ps7_cortexa9_0/lib -o "Practica3a.c.elf"  ./src/helloworld.o ./src/platform.o   -Wl,--start-group,-lxil,-lgcc,-lc,--end-group
'Finished building target: Practica3a.c.elf'
' '
'Invoking: ARM Print Size'
arm-xilinx-eabi-size Practica3a.c.elf  |tee "Practica3a.c.elf.size"
   text	   data	    bss	    dec	    hex	filename
  62220	   2336	  22652	  87208	  154a8	Practica3a.c.elf
'Finished building: Practica3a.c.elf.size'
' '
19:50:18 **** Incremental Build of configuration Debug for project Practica3a.c ****
make all 
make: No se hace nada para `all'.
20:01:11 **** Auto Build of configuration Debug for project Practica3a.c ****
make all 
'Building file: ../src/helloworld.c'
'Invoking: ARM gcc compiler'
arm-xilinx-eabi-gcc -Wall -O0 -g3 -c -fmessage-length=0 -MT"src/helloworld.o" -ID:/ProyectosXILINX/Practica_1/project_1/project_1.sdk/standalone_bsp_0/practica1/ps7_cortexa9_0/include -MMD -MP -MF"src/helloworld.d" -MT"src/helloworld.d" -o "src/helloworld.o" "../src/helloworld.c"
../src/helloworld.c: In function 'main':
../src/helloworld.c:108:4: warning: format '%X' expects argument of type 'unsigned int', but argument 2 has type 'u32' [-Wformat=]
    printf("DIP = 0x%04X, LED = 0x%04X\n\r", DIP_Value, LED_Value);
    ^
../src/helloworld.c:108:4: warning: format '%X' expects argument of type 'unsigned int', but argument 3 has type 'u32' [-Wformat=]
../src/helloworld.c:108:4: warning: format '%X' expects argument of type 'unsigned int', but argument 2 has type 'u32' [-Wformat=]
../src/helloworld.c:108:4: warning: format '%X' expects argument of type 'unsigned int', but argument 3 has type 'u32' [-Wformat=]
'Finished building: ../src/helloworld.c'
' '
'Building target: Practica3a.c.elf'
'Invoking: ARM gcc linker'
arm-xilinx-eabi-gcc -Wl,-T -Wl,../src/lscript.ld -LD:/ProyectosXILINX/Practica_1/project_1/project_1.sdk/standalone_bsp_0/practica1/ps7_cortexa9_0/lib -o "Practica3a.c.elf"  ./src/helloworld.o ./src/platform.o   -Wl,--start-group,-lxil,-lgcc,-lc,--end-group
'Finished building target: Practica3a.c.elf'
' '
'Invoking: ARM Print Size'
arm-xilinx-eabi-size Practica3a.c.elf  |tee "Practica3a.c.elf.size"
   text	   data	    bss	    dec	    hex	filename
  62220	   2336	  22652	  87208	  154a8	Practica3a.c.elf
'Finished building: Practica3a.c.elf.size'
' '
20:01:25 **** Incremental Build of configuration Debug for project Practica3a.c ****
make all 
make: No se hace nada para `all'.
20:02:02 **** Incremental Build of configuration Debug for project Practica3a.c ****
make all 
make: No se hace nada para `all'.
20:03:11 **** Incremental Build of configuration Debug for project Practica3a.c ****
make all 
make: No se hace nada para `all'.
20:05:11 **** Auto Build of configuration Debug for project Practica3a.c ****
make all 
'Building file: ../src/helloworld.c'
'Invoking: ARM gcc compiler'
arm-xilinx-eabi-gcc -Wall -O0 -g3 -c -fmessage-length=0 -MT"src/helloworld.o" -ID:/ProyectosXILINX/Practica_1/project_1/project_1.sdk/standalone_bsp_0/practica1/ps7_cortexa9_0/include -MMD -MP -MF"src/helloworld.d" -MT"src/helloworld.d" -o "src/helloworld.o" "../src/helloworld.c"
../src/helloworld.c: In function 'main':
../src/helloworld.c:95:5: warning: format '%X' expects argument of type 'unsigned int', but argument 2 has type 'u32' [-Wformat=]
     printf("DIP = 0x%04X, LED = 0x%04X\n\r", DIP_Value, LED_value);
     ^
../src/helloworld.c:95:5: warning: format '%X' expects argument of type 'unsigned int', but argument 3 has type 'u32' [-Wformat=]
../src/helloworld.c:95:5: warning: format '%X' expects argument of type 'unsigned int', but argument 2 has type 'u32' [-Wformat=]
../src/helloworld.c:95:5: warning: format '%X' expects argument of type 'unsigned int', but argument 3 has type 'u32' [-Wformat=]
'Finished building: ../src/helloworld.c'
' '
'Building target: Practica3a.c.elf'
'Invoking: ARM gcc linker'
arm-xilinx-eabi-gcc -Wl,-T -Wl,../src/lscript.ld -LD:/ProyectosXILINX/Practica_1/project_1/project_1.sdk/standalone_bsp_0/practica1/ps7_cortexa9_0/lib -o "Practica3a.c.elf"  ./src/helloworld.o ./src/platform.o   -Wl,--start-group,-lxil,-lgcc,-lc,--end-group
'Finished building target: Practica3a.c.elf'
' '
'Invoking: ARM Print Size'
arm-xilinx-eabi-size Practica3a.c.elf  |tee "Practica3a.c.elf.size"
   text	   data	    bss	    dec	    hex	filename
  62044	   2336	  22652	  87032	  153f8	Practica3a.c.elf
'Finished building: Practica3a.c.elf.size'
' '
20:10:15 **** Incremental Build of configuration Debug for project Practica3a.c ****
make all 
make: No se hace nada para `all'.
20:10:46 **** Auto Build of configuration Debug for project Practica3a.c ****
make all 
'Building file: ../src/helloworld.c'
'Invoking: ARM gcc compiler'
arm-xilinx-eabi-gcc -Wall -O0 -g3 -c -fmessage-length=0 -MT"src/helloworld.o" -ID:/ProyectosXILINX/Practica_1/project_1/project_1.sdk/standalone_bsp_0/practica1/ps7_cortexa9_0/include -MMD -MP -MF"src/helloworld.d" -MT"src/helloworld.d" -o "src/helloworld.o" "../src/helloworld.c"
../src/helloworld.c: In function 'main':
../src/helloworld.c:95:5: warning: format '%X' expects argument of type 'unsigned int', but argument 2 has type 'u32' [-Wformat=]
     printf("DIP = 0x%04X, LED = 0x%04X\n\r", DIP_Value, LED_value);
     ^
../src/helloworld.c:95:5: warning: format '%X' expects argument of type 'unsigned int', but argument 3 has type 'u32' [-Wformat=]
../src/helloworld.c:95:5: warning: format '%X' expects argument of type 'unsigned int', but argument 2 has type 'u32' [-Wformat=]
../src/helloworld.c:95:5: warning: format '%X' expects argument of type 'unsigned int', but argument 3 has type 'u32' [-Wformat=]
'Finished building: ../src/helloworld.c'
' '
'Building target: Practica3a.c.elf'
'Invoking: ARM gcc linker'
arm-xilinx-eabi-gcc -Wl,-T -Wl,../src/lscript.ld -LD:/ProyectosXILINX/Practica_1/project_1/project_1.sdk/standalone_bsp_0/practica1/ps7_cortexa9_0/lib -o "Practica3a.c.elf"  ./src/helloworld.o ./src/platform.o   -Wl,--start-group,-lxil,-lgcc,-lc,--end-group
'Finished building target: Practica3a.c.elf'
' '
'Invoking: ARM Print Size'
arm-xilinx-eabi-size Practica3a.c.elf  |tee "Practica3a.c.elf.size"
   text	   data	    bss	    dec	    hex	filename
  62044	   2336	  22652	  87032	  153f8	Practica3a.c.elf
'Finished building: Practica3a.c.elf.size'
' '
20:11:08 **** Incremental Build of configuration Debug for project Practica3a.c ****
make all 
make: No se hace nada para `all'.
20:12:15 **** Auto Build of configuration Debug for project Practica3a.c ****
make all 
'Building file: ../src/helloworld.c'
'Invoking: ARM gcc compiler'
arm-xilinx-eabi-gcc -Wall -O0 -g3 -c -fmessage-length=0 -MT"src/helloworld.o" -ID:/ProyectosXILINX/Practica_1/project_1/project_1.sdk/standalone_bsp_0/practica1/ps7_cortexa9_0/include -MMD -MP -MF"src/helloworld.d" -MT"src/helloworld.d" -o "src/helloworld.o" "../src/helloworld.c"
../src/helloworld.c: In function 'main':
../src/helloworld.c:95:5: warning: format '%X' expects argument of type 'unsigned int', but argument 2 has type 'u32' [-Wformat=]
     printf("DIP = 0x%04X, LED = 0x%04X\n\r", DIP_Value, LED_value);
     ^
../src/helloworld.c:95:5: warning: format '%X' expects argument of type 'unsigned int', but argument 3 has type 'u32' [-Wformat=]
../src/helloworld.c:95:5: warning: format '%X' expects argument of type 'unsigned int', but argument 2 has type 'u32' [-Wformat=]
../src/helloworld.c:95:5: warning: format '%X' expects argument of type 'unsigned int', but argument 3 has type 'u32' [-Wformat=]
'Finished building: ../src/helloworld.c'
' '
'Building target: Practica3a.c.elf'
'Invoking: ARM gcc linker'
arm-xilinx-eabi-gcc -Wl,-T -Wl,../src/lscript.ld -LD:/ProyectosXILINX/Practica_1/project_1/project_1.sdk/standalone_bsp_0/practica1/ps7_cortexa9_0/lib -o "Practica3a.c.elf"  ./src/helloworld.o ./src/platform.o   -Wl,--start-group,-lxil,-lgcc,-lc,--end-group
'Finished building target: Practica3a.c.elf'
' '
'Invoking: ARM Print Size'
arm-xilinx-eabi-size Practica3a.c.elf  |tee "Practica3a.c.elf.size"
   text	   data	    bss	    dec	    hex	filename
  62044	   2336	  22652	  87032	  153f8	Practica3a.c.elf
'Finished building: Practica3a.c.elf.size'
' '
20:12:33 **** Auto Build of configuration Debug for project Practica3a.c ****
make all 
'Building file: ../src/helloworld.c'
'Invoking: ARM gcc compiler'
arm-xilinx-eabi-gcc -Wall -O0 -g3 -c -fmessage-length=0 -MT"src/helloworld.o" -ID:/ProyectosXILINX/Practica_1/project_1/project_1.sdk/standalone_bsp_0/practica1/ps7_cortexa9_0/include -MMD -MP -MF"src/helloworld.d" -MT"src/helloworld.d" -o "src/helloworld.o" "../src/helloworld.c"
../src/helloworld.c: In function 'main':
../src/helloworld.c:95:5: warning: format '%X' expects argument of type 'unsigned int', but argument 2 has type 'u32' [-Wformat=]
     printf("DIP = 0x%04X, LED = 0x%04X\n\r", DIP_Value, LED_value);
     ^
../src/helloworld.c:95:5: warning: format '%X' expects argument of type 'unsigned int', but argument 3 has type 'u32' [-Wformat=]
../src/helloworld.c:95:5: warning: format '%X' expects argument of type 'unsigned int', but argument 2 has type 'u32' [-Wformat=]
../src/helloworld.c:95:5: warning: format '%X' expects argument of type 'unsigned int', but argument 3 has type 'u32' [-Wformat=]
'Finished building: ../src/helloworld.c'
' '
'Building target: Practica3a.c.elf'
'Invoking: ARM gcc linker'
arm-xilinx-eabi-gcc -Wl,-T -Wl,../src/lscript.ld -LD:/ProyectosXILINX/Practica_1/project_1/project_1.sdk/standalone_bsp_0/practica1/ps7_cortexa9_0/lib -o "Practica3a.c.elf"  ./src/helloworld.o ./src/platform.o   -Wl,--start-group,-lxil,-lgcc,-lc,--end-group
'Finished building target: Practica3a.c.elf'
' '
'Invoking: ARM Print Size'
arm-xilinx-eabi-size Practica3a.c.elf  |tee "Practica3a.c.elf.size"
   text	   data	    bss	    dec	    hex	filename
  62044	   2336	  22652	  87032	  153f8	Practica3a.c.elf
'Finished building: Practica3a.c.elf.size'
' '
20:12:43 **** Auto Build of configuration Debug for project Practica3a.c ****
make all 
'Building file: ../src/helloworld.c'
'Invoking: ARM gcc compiler'
arm-xilinx-eabi-gcc -Wall -O0 -g3 -c -fmessage-length=0 -MT"src/helloworld.o" -ID:/ProyectosXILINX/Practica_1/project_1/project_1.sdk/standalone_bsp_0/practica1/ps7_cortexa9_0/include -MMD -MP -MF"src/helloworld.d" -MT"src/helloworld.d" -o "src/helloworld.o" "../src/helloworld.c"
../src/helloworld.c: In function 'main':
../src/helloworld.c:95:5: warning: format '%X' expects argument of type 'unsigned int', but argument 2 has type 'u32' [-Wformat=]
     printf("DIP = 0x%04X, LED = 0x%04X\n\r", DIP_Value, LED_value);
     ^
../src/helloworld.c:95:5: warning: format '%X' expects argument of type 'unsigned int', but argument 3 has type 'u32' [-Wformat=]
../src/helloworld.c:95:5: warning: format '%X' expects argument of type 'unsigned int', but argument 2 has type 'u32' [-Wformat=]
../src/helloworld.c:95:5: warning: format '%X' expects argument of type 'unsigned int', but argument 3 has type 'u32' [-Wformat=]
'Finished building: ../src/helloworld.c'
' '
'Building target: Practica3a.c.elf'
'Invoking: ARM gcc linker'
arm-xilinx-eabi-gcc -Wl,-T -Wl,../src/lscript.ld -LD:/ProyectosXILINX/Practica_1/project_1/project_1.sdk/standalone_bsp_0/practica1/ps7_cortexa9_0/lib -o "Practica3a.c.elf"  ./src/helloworld.o ./src/platform.o   -Wl,--start-group,-lxil,-lgcc,-lc,--end-group
'Finished building target: Practica3a.c.elf'
' '
'Invoking: ARM Print Size'
arm-xilinx-eabi-size Practica3a.c.elf  |tee "Practica3a.c.elf.size"
   text	   data	    bss	    dec	    hex	filename
  62044	   2336	  22652	  87032	  153f8	Practica3a.c.elf
'Finished building: Practica3a.c.elf.size'
' '
20:12:54 **** Incremental Build of configuration Debug for project Practica3a.c ****
make all 
make: No se hace nada para `all'.
20:14:00 **** Auto Build of configuration Debug for project Practica3a.c ****
make all 
'Building file: ../src/helloworld.c'
'Invoking: ARM gcc compiler'
arm-xilinx-eabi-gcc -Wall -O0 -g3 -c -fmessage-length=0 -MT"src/helloworld.o" -ID:/ProyectosXILINX/Practica_1/project_1/project_1.sdk/standalone_bsp_0/practica1/ps7_cortexa9_0/include -MMD -MP -MF"src/helloworld.d" -MT"src/helloworld.d" -o "src/helloworld.o" "../src/helloworld.c"
../src/helloworld.c: In function 'main':
../src/helloworld.c:95:5: warning: format '%X' expects argument of type 'unsigned int', but argument 2 has type 'u32' [-Wformat=]
     printf("DIP = 0x%04X, LED = 0x%04X\n\r", DIP_Value, LED_value);
     ^
../src/helloworld.c:95:5: warning: format '%X' expects argument of type 'unsigned int', but argument 3 has type 'u32' [-Wformat=]
../src/helloworld.c:95:5: warning: format '%X' expects argument of type 'unsigned int', but argument 2 has type 'u32' [-Wformat=]
../src/helloworld.c:95:5: warning: format '%X' expects argument of type 'unsigned int', but argument 3 has type 'u32' [-Wformat=]
'Finished building: ../src/helloworld.c'
' '
'Building target: Practica3a.c.elf'
'Invoking: ARM gcc linker'
arm-xilinx-eabi-gcc -Wl,-T -Wl,../src/lscript.ld -LD:/ProyectosXILINX/Practica_1/project_1/project_1.sdk/standalone_bsp_0/practica1/ps7_cortexa9_0/lib -o "Practica3a.c.elf"  ./src/helloworld.o ./src/platform.o   -Wl,--start-group,-lxil,-lgcc,-lc,--end-group
'Finished building target: Practica3a.c.elf'
' '
'Invoking: ARM Print Size'
arm-xilinx-eabi-size Practica3a.c.elf  |tee "Practica3a.c.elf.size"
   text	   data	    bss	    dec	    hex	filename
  62044	   2336	  22652	  87032	  153f8	Practica3a.c.elf
'Finished building: Practica3a.c.elf.size'
' '
20:14:06 **** Incremental Build of configuration Debug for project Practica3a.c ****
make all 
make: No se hace nada para `all'.
20:15:30 **** Auto Build of configuration Debug for project Practica3a.c ****
make all 
'Building file: ../src/helloworld.c'
'Invoking: ARM gcc compiler'
arm-xilinx-eabi-gcc -Wall -O0 -g3 -c -fmessage-length=0 -MT"src/helloworld.o" -ID:/ProyectosXILINX/Practica_1/project_1/project_1.sdk/standalone_bsp_0/practica1/ps7_cortexa9_0/include -MMD -MP -MF"src/helloworld.d" -MT"src/helloworld.d" -o "src/helloworld.o" "../src/helloworld.c"
../src/helloworld.c: In function 'main':
../src/helloworld.c:95:5: warning: format '%X' expects argument of type 'unsigned int', but argument 2 has type 'u32' [-Wformat=]
     printf("DIP = 0x%04X, LED = 0x%04X\n\r", DIP_Value, LED_value);
     ^
../src/helloworld.c:95:5: warning: format '%X' expects argument of type 'unsigned int', but argument 3 has type 'u32' [-Wformat=]
../src/helloworld.c:95:5: warning: format '%X' expects argument of type 'unsigned int', but argument 2 has type 'u32' [-Wformat=]
../src/helloworld.c:95:5: warning: format '%X' expects argument of type 'unsigned int', but argument 3 has type 'u32' [-Wformat=]
'Finished building: ../src/helloworld.c'
' '
'Building target: Practica3a.c.elf'
'Invoking: ARM gcc linker'
arm-xilinx-eabi-gcc -Wl,-T -Wl,../src/lscript.ld -LD:/ProyectosXILINX/Practica_1/project_1/project_1.sdk/standalone_bsp_0/practica1/ps7_cortexa9_0/lib -o "Practica3a.c.elf"  ./src/helloworld.o ./src/platform.o   -Wl,--start-group,-lxil,-lgcc,-lc,--end-group
'Finished building target: Practica3a.c.elf'
' '
'Invoking: ARM Print Size'
arm-xilinx-eabi-size Practica3a.c.elf  |tee "Practica3a.c.elf.size"
   text	   data	    bss	    dec	    hex	filename
  62044	   2336	  22652	  87032	  153f8	Practica3a.c.elf
'Finished building: Practica3a.c.elf.size'
' '
20:15:42 **** Incremental Build of configuration Debug for project Practica3a.c ****
make all 
make: No se hace nada para `all'.
20:16:12 **** Auto Build of configuration Debug for project Practica3a.c ****
make all 
'Building file: ../src/helloworld.c'
'Invoking: ARM gcc compiler'
arm-xilinx-eabi-gcc -Wall -O0 -g3 -c -fmessage-length=0 -MT"src/helloworld.o" -ID:/ProyectosXILINX/Practica_1/project_1/project_1.sdk/standalone_bsp_0/practica1/ps7_cortexa9_0/include -MMD -MP -MF"src/helloworld.d" -MT"src/helloworld.d" -o "src/helloworld.o" "../src/helloworld.c"
../src/helloworld.c: In function 'main':
../src/helloworld.c:95:5: warning: format '%X' expects argument of type 'unsigned int', but argument 2 has type 'u32' [-Wformat=]
     printf("DIP = 0x%04X, LED = 0x%04X\n\r", DIP_Value, LED_value);
     ^
../src/helloworld.c:95:5: warning: format '%X' expects argument of type 'unsigned int', but argument 3 has type 'u32' [-Wformat=]
../src/helloworld.c:95:5: warning: format '%X' expects argument of type 'unsigned int', but argument 2 has type 'u32' [-Wformat=]
../src/helloworld.c:95:5: warning: format '%X' expects argument of type 'unsigned int', but argument 3 has type 'u32' [-Wformat=]
'Finished building: ../src/helloworld.c'
' '
'Building target: Practica3a.c.elf'
'Invoking: ARM gcc linker'
arm-xilinx-eabi-gcc -Wl,-T -Wl,../src/lscript.ld -LD:/ProyectosXILINX/Practica_1/project_1/project_1.sdk/standalone_bsp_0/practica1/ps7_cortexa9_0/lib -o "Practica3a.c.elf"  ./src/helloworld.o ./src/platform.o   -Wl,--start-group,-lxil,-lgcc,-lc,--end-group
'Finished building target: Practica3a.c.elf'
' '
'Invoking: ARM Print Size'
arm-xilinx-eabi-size Practica3a.c.elf  |tee "Practica3a.c.elf.size"
   text	   data	    bss	    dec	    hex	filename
  62044	   2336	  22652	  87032	  153f8	Practica3a.c.elf
'Finished building: Practica3a.c.elf.size'
' '
20:16:18 **** Incremental Build of configuration Debug for project Practica3a.c ****
make all 
make: No se hace nada para `all'.
20:16:34 **** Auto Build of configuration Debug for project Practica3a.c ****
make all 
'Building file: ../src/helloworld.c'
'Invoking: ARM gcc compiler'
arm-xilinx-eabi-gcc -Wall -O0 -g3 -c -fmessage-length=0 -MT"src/helloworld.o" -ID:/ProyectosXILINX/Practica_1/project_1/project_1.sdk/standalone_bsp_0/practica1/ps7_cortexa9_0/include -MMD -MP -MF"src/helloworld.d" -MT"src/helloworld.d" -o "src/helloworld.o" "../src/helloworld.c"
../src/helloworld.c: In function 'main':
../src/helloworld.c:95:5: warning: format '%X' expects argument of type 'unsigned int', but argument 2 has type 'u32' [-Wformat=]
     printf("DIP = 0x%04X, LED = 0x%04X\n\r", DIP_Value, LED_value);
     ^
../src/helloworld.c:95:5: warning: format '%X' expects argument of type 'unsigned int', but argument 3 has type 'u32' [-Wformat=]
../src/helloworld.c:95:5: warning: format '%X' expects argument of type 'unsigned int', but argument 2 has type 'u32' [-Wformat=]
../src/helloworld.c:95:5: warning: format '%X' expects argument of type 'unsigned int', but argument 3 has type 'u32' [-Wformat=]
'Finished building: ../src/helloworld.c'
' '
'Building target: Practica3a.c.elf'
'Invoking: ARM gcc linker'
arm-xilinx-eabi-gcc -Wl,-T -Wl,../src/lscript.ld -LD:/ProyectosXILINX/Practica_1/project_1/project_1.sdk/standalone_bsp_0/practica1/ps7_cortexa9_0/lib -o "Practica3a.c.elf"  ./src/helloworld.o ./src/platform.o   -Wl,--start-group,-lxil,-lgcc,-lc,--end-group
'Finished building target: Practica3a.c.elf'
' '
'Invoking: ARM Print Size'
arm-xilinx-eabi-size Practica3a.c.elf  |tee "Practica3a.c.elf.size"
   text	   data	    bss	    dec	    hex	filename
  62044	   2336	  22652	  87032	  153f8	Practica3a.c.elf
'Finished building: Practica3a.c.elf.size'
' '
20:16:52 **** Incremental Build of configuration Debug for project Practica3a.c ****
make all 
make: No se hace nada para `all'.
20:17:33 **** Auto Build of configuration Debug for project Practica3a.c ****
make all 
'Building file: ../src/helloworld.c'
'Invoking: ARM gcc compiler'
arm-xilinx-eabi-gcc -Wall -O0 -g3 -c -fmessage-length=0 -MT"src/helloworld.o" -ID:/ProyectosXILINX/Practica_1/project_1/project_1.sdk/standalone_bsp_0/practica1/ps7_cortexa9_0/include -MMD -MP -MF"src/helloworld.d" -MT"src/helloworld.d" -o "src/helloworld.o" "../src/helloworld.c"
../src/helloworld.c: In function 'main':
../src/helloworld.c:95:5: warning: format '%X' expects argument of type 'unsigned int', but argument 2 has type 'u32' [-Wformat=]
     printf("DIP = 0x%04X, LED = 0x%04X\n\r", DIP_Value, LED_value);
     ^
../src/helloworld.c:95:5: warning: format '%X' expects argument of type 'unsigned int', but argument 3 has type 'u32' [-Wformat=]
../src/helloworld.c:95:5: warning: format '%X' expects argument of type 'unsigned int', but argument 2 has type 'u32' [-Wformat=]
../src/helloworld.c:95:5: warning: format '%X' expects argument of type 'unsigned int', but argument 3 has type 'u32' [-Wformat=]
'Finished building: ../src/helloworld.c'
' '
'Building target: Practica3a.c.elf'
'Invoking: ARM gcc linker'
arm-xilinx-eabi-gcc -Wl,-T -Wl,../src/lscript.ld -LD:/ProyectosXILINX/Practica_1/project_1/project_1.sdk/standalone_bsp_0/practica1/ps7_cortexa9_0/lib -o "Practica3a.c.elf"  ./src/helloworld.o ./src/platform.o   -Wl,--start-group,-lxil,-lgcc,-lc,--end-group
'Finished building target: Practica3a.c.elf'
' '
'Invoking: ARM Print Size'
arm-xilinx-eabi-size Practica3a.c.elf  |tee "Practica3a.c.elf.size"
   text	   data	    bss	    dec	    hex	filename
  62044	   2336	  22652	  87032	  153f8	Practica3a.c.elf
'Finished building: Practica3a.c.elf.size'
' '
20:17:50 **** Incremental Build of configuration Debug for project Practica3a.c ****
make all 
make: No se hace nada para `all'.
20:20:57 **** Auto Build of configuration Debug for project Practica3a.c ****
make all 
'Building file: ../src/helloworld.c'
'Invoking: ARM gcc compiler'
arm-xilinx-eabi-gcc -Wall -O0 -g3 -c -fmessage-length=0 -MT"src/helloworld.o" -ID:/ProyectosXILINX/Practica_1/project_1/project_1.sdk/standalone_bsp_0/practica1/ps7_cortexa9_0/include -MMD -MP -MF"src/helloworld.d" -MT"src/helloworld.d" -o "src/helloworld.o" "../src/helloworld.c"
../src/helloworld.c: In function 'main':
../src/helloworld.c:95:5: warning: format '%X' expects argument of type 'unsigned int', but argument 2 has type 'u32' [-Wformat=]
     printf("DIP = 0x%04X, LED = 0x%04X\n\r", DIP_Value, LED_value);
     ^
../src/helloworld.c:95:5: warning: format '%X' expects argument of type 'unsigned int', but argument 3 has type 'u32' [-Wformat=]
../src/helloworld.c:95:5: warning: format '%X' expects argument of type 'unsigned int', but argument 2 has type 'u32' [-Wformat=]
../src/helloworld.c:95:5: warning: format '%X' expects argument of type 'unsigned int', but argument 3 has type 'u32' [-Wformat=]
'Finished building: ../src/helloworld.c'
' '
'Building target: Practica3a.c.elf'
'Invoking: ARM gcc linker'
arm-xilinx-eabi-gcc -Wl,-T -Wl,../src/lscript.ld -LD:/ProyectosXILINX/Practica_1/project_1/project_1.sdk/standalone_bsp_0/practica1/ps7_cortexa9_0/lib -o "Practica3a.c.elf"  ./src/helloworld.o ./src/platform.o   -Wl,--start-group,-lxil,-lgcc,-lc,--end-group
'Finished building target: Practica3a.c.elf'
' '
'Invoking: ARM Print Size'
arm-xilinx-eabi-size Practica3a.c.elf  |tee "Practica3a.c.elf.size"
   text	   data	    bss	    dec	    hex	filename
  62044	   2336	  22652	  87032	  153f8	Practica3a.c.elf
'Finished building: Practica3a.c.elf.size'
' '
20:21:11 **** Auto Build of configuration Debug for project Practica3a.c ****
make all 
'Building file: ../src/helloworld.c'
'Invoking: ARM gcc compiler'
arm-xilinx-eabi-gcc -Wall -O0 -g3 -c -fmessage-length=0 -MT"src/helloworld.o" -ID:/ProyectosXILINX/Practica_1/project_1/project_1.sdk/standalone_bsp_0/practica1/ps7_cortexa9_0/include -MMD -MP -MF"src/helloworld.d" -MT"src/helloworld.d" -o "src/helloworld.o" "../src/helloworld.c"
../src/helloworld.c: In function 'main':
../src/helloworld.c:95:5: warning: format '%X' expects argument of type 'unsigned int', but argument 2 has type 'u32' [-Wformat=]
     printf("DIP = 0x%04X, LED = 0x%04X\n\r", DIP_Value, LED_value);
     ^
../src/helloworld.c:95:5: warning: format '%X' expects argument of type 'unsigned int', but argument 3 has type 'u32' [-Wformat=]
../src/helloworld.c:95:5: warning: format '%X' expects argument of type 'unsigned int', but argument 2 has type 'u32' [-Wformat=]
../src/helloworld.c:95:5: warning: format '%X' expects argument of type 'unsigned int', but argument 3 has type 'u32' [-Wformat=]
'Finished building: ../src/helloworld.c'
' '
'Building target: Practica3a.c.elf'
'Invoking: ARM gcc linker'
arm-xilinx-eabi-gcc -Wl,-T -Wl,../src/lscript.ld -LD:/ProyectosXILINX/Practica_1/project_1/project_1.sdk/standalone_bsp_0/practica1/ps7_cortexa9_0/lib -o "Practica3a.c.elf"  ./src/helloworld.o ./src/platform.o   -Wl,--start-group,-lxil,-lgcc,-lc,--end-group
'Finished building target: Practica3a.c.elf'
' '
'Invoking: ARM Print Size'
arm-xilinx-eabi-size Practica3a.c.elf  |tee "Practica3a.c.elf.size"
   text	   data	    bss	    dec	    hex	filename
  62044	   2336	  22652	  87032	  153f8	Practica3a.c.elf
'Finished building: Practica3a.c.elf.size'
' '
20:21:22 **** Incremental Build of configuration Debug for project Practica3a.c ****
make all 
make: No se hace nada para `all'.
20:21:58 **** Auto Build of configuration Debug for project Practica3a.c ****
make all 
'Building file: ../src/helloworld.c'
'Invoking: ARM gcc compiler'
arm-xilinx-eabi-gcc -Wall -O0 -g3 -c -fmessage-length=0 -MT"src/helloworld.o" -ID:/ProyectosXILINX/Practica_1/project_1/project_1.sdk/standalone_bsp_0/practica1/ps7_cortexa9_0/include -MMD -MP -MF"src/helloworld.d" -MT"src/helloworld.d" -o "src/helloworld.o" "../src/helloworld.c"
../src/helloworld.c: In function 'main':
../src/helloworld.c:95:5: warning: format '%X' expects argument of type 'unsigned int', but argument 2 has type 'u32' [-Wformat=]
     printf("DIP = 0x%04X, LED = 0x%04X\n\r", DIP_Value, LED_value);
     ^
../src/helloworld.c:95:5: warning: format '%X' expects argument of type 'unsigned int', but argument 3 has type 'u32' [-Wformat=]
../src/helloworld.c:95:5: warning: format '%X' expects argument of type 'unsigned int', but argument 2 has type 'u32' [-Wformat=]
../src/helloworld.c:95:5: warning: format '%X' expects argument of type 'unsigned int', but argument 3 has type 'u32' [-Wformat=]
'Finished building: ../src/helloworld.c'
' '
'Building target: Practica3a.c.elf'
'Invoking: ARM gcc linker'
arm-xilinx-eabi-gcc -Wl,-T -Wl,../src/lscript.ld -LD:/ProyectosXILINX/Practica_1/project_1/project_1.sdk/standalone_bsp_0/practica1/ps7_cortexa9_0/lib -o "Practica3a.c.elf"  ./src/helloworld.o ./src/platform.o   -Wl,--start-group,-lxil,-lgcc,-lc,--end-group
'Finished building target: Practica3a.c.elf'
' '
'Invoking: ARM Print Size'
arm-xilinx-eabi-size Practica3a.c.elf  |tee "Practica3a.c.elf.size"
   text	   data	    bss	    dec	    hex	filename
  62044	   2336	  22652	  87032	  153f8	Practica3a.c.elf
'Finished building: Practica3a.c.elf.size'
' '
20:22:07 **** Incremental Build of configuration Debug for project Practica3a.c ****
make all 
make: No se hace nada para `all'.
20:22:42 **** Auto Build of configuration Debug for project Practica3a.c ****
make all 
'Building file: ../src/helloworld.c'
'Invoking: ARM gcc compiler'
arm-xilinx-eabi-gcc -Wall -O0 -g3 -c -fmessage-length=0 -MT"src/helloworld.o" -ID:/ProyectosXILINX/Practica_1/project_1/project_1.sdk/standalone_bsp_0/practica1/ps7_cortexa9_0/include -MMD -MP -MF"src/helloworld.d" -MT"src/helloworld.d" -o "src/helloworld.o" "../src/helloworld.c"
../src/helloworld.c: In function 'main':
../src/helloworld.c:95:5: warning: format '%X' expects argument of type 'unsigned int', but argument 2 has type 'u32' [-Wformat=]
     printf("DIP = 0x%04X, LED = 0x%04X\n\r", DIP_Value, LED_value);
     ^
../src/helloworld.c:95:5: warning: format '%X' expects argument of type 'unsigned int', but argument 3 has type 'u32' [-Wformat=]
../src/helloworld.c:95:5: warning: format '%X' expects argument of type 'unsigned int', but argument 2 has type 'u32' [-Wformat=]
../src/helloworld.c:95:5: warning: format '%X' expects argument of type 'unsigned int', but argument 3 has type 'u32' [-Wformat=]
'Finished building: ../src/helloworld.c'
' '
'Building target: Practica3a.c.elf'
'Invoking: ARM gcc linker'
arm-xilinx-eabi-gcc -Wl,-T -Wl,../src/lscript.ld -LD:/ProyectosXILINX/Practica_1/project_1/project_1.sdk/standalone_bsp_0/practica1/ps7_cortexa9_0/lib -o "Practica3a.c.elf"  ./src/helloworld.o ./src/platform.o   -Wl,--start-group,-lxil,-lgcc,-lc,--end-group
'Finished building target: Practica3a.c.elf'
' '
'Invoking: ARM Print Size'
arm-xilinx-eabi-size Practica3a.c.elf  |tee "Practica3a.c.elf.size"
   text	   data	    bss	    dec	    hex	filename
  62044	   2336	  22652	  87032	  153f8	Practica3a.c.elf
'Finished building: Practica3a.c.elf.size'
' '
20:22:56 **** Incremental Build of configuration Debug for project Practica3a.c ****
make all 
make: No se hace nada para `all'.
20:23:23 **** Auto Build of configuration Debug for project Practica3a.c ****
make all 
'Building file: ../src/helloworld.c'
'Invoking: ARM gcc compiler'
arm-xilinx-eabi-gcc -Wall -O0 -g3 -c -fmessage-length=0 -MT"src/helloworld.o" -ID:/ProyectosXILINX/Practica_1/project_1/project_1.sdk/standalone_bsp_0/practica1/ps7_cortexa9_0/include -MMD -MP -MF"src/helloworld.d" -MT"src/helloworld.d" -o "src/helloworld.o" "../src/helloworld.c"
../src/helloworld.c: In function 'main':
../src/helloworld.c:95:5: warning: format '%X' expects argument of type 'unsigned int', but argument 2 has type 'u32' [-Wformat=]
     printf("DIP = 0x%04X, LED = 0x%04X\n\r", DIP_Value, LED_value);
     ^
../src/helloworld.c:95:5: warning: format '%X' expects argument of type 'unsigned int', but argument 3 has type 'u32' [-Wformat=]
../src/helloworld.c:95:5: warning: format '%X' expects argument of type 'unsigned int', but argument 2 has type 'u32' [-Wformat=]
../src/helloworld.c:95:5: warning: format '%X' expects argument of type 'unsigned int', but argument 3 has type 'u32' [-Wformat=]
'Finished building: ../src/helloworld.c'
' '
'Building target: Practica3a.c.elf'
'Invoking: ARM gcc linker'
arm-xilinx-eabi-gcc -Wl,-T -Wl,../src/lscript.ld -LD:/ProyectosXILINX/Practica_1/project_1/project_1.sdk/standalone_bsp_0/practica1/ps7_cortexa9_0/lib -o "Practica3a.c.elf"  ./src/helloworld.o ./src/platform.o   -Wl,--start-group,-lxil,-lgcc,-lc,--end-group
'Finished building target: Practica3a.c.elf'
' '
'Invoking: ARM Print Size'
arm-xilinx-eabi-size Practica3a.c.elf  |tee "Practica3a.c.elf.size"
   text	   data	    bss	    dec	    hex	filename
  62044	   2336	  22652	  87032	  153f8	Practica3a.c.elf
'Finished building: Practica3a.c.elf.size'
' '
20:23:32 **** Incremental Build of configuration Debug for project Practica3a.c ****
make all 
make: No se hace nada para `all'.
20:25:49 **** Auto Build of configuration Debug for project Practica3a.c ****
make all 
'Building file: ../src/helloworld.c'
'Invoking: ARM gcc compiler'
arm-xilinx-eabi-gcc -Wall -O0 -g3 -c -fmessage-length=0 -MT"src/helloworld.o" -ID:/ProyectosXILINX/Practica_1/project_1/project_1.sdk/standalone_bsp_0/practica1/ps7_cortexa9_0/include -MMD -MP -MF"src/helloworld.d" -MT"src/helloworld.d" -o "src/helloworld.o" "../src/helloworld.c"
../src/helloworld.c: In function 'main':
../src/helloworld.c:95:5: warning: format '%X' expects argument of type 'unsigned int', but argument 2 has type 'u32' [-Wformat=]
     printf("DIP = 0x%04X, LED = 0x%04X\n\r", DIP_Value, LED_value);
     ^
../src/helloworld.c:95:5: warning: format '%X' expects argument of type 'unsigned int', but argument 3 has type 'u32' [-Wformat=]
../src/helloworld.c:95:5: warning: format '%X' expects argument of type 'unsigned int', but argument 2 has type 'u32' [-Wformat=]
../src/helloworld.c:95:5: warning: format '%X' expects argument of type 'unsigned int', but argument 3 has type 'u32' [-Wformat=]
'Finished building: ../src/helloworld.c'
' '
'Building target: Practica3a.c.elf'
'Invoking: ARM gcc linker'
arm-xilinx-eabi-gcc -Wl,-T -Wl,../src/lscript.ld -LD:/ProyectosXILINX/Practica_1/project_1/project_1.sdk/standalone_bsp_0/practica1/ps7_cortexa9_0/lib -o "Practica3a.c.elf"  ./src/helloworld.o ./src/platform.o   -Wl,--start-group,-lxil,-lgcc,-lc,--end-group
'Finished building target: Practica3a.c.elf'
' '
'Invoking: ARM Print Size'
arm-xilinx-eabi-size Practica3a.c.elf  |tee "Practica3a.c.elf.size"
   text	   data	    bss	    dec	    hex	filename
  62044	   2336	  22652	  87032	  153f8	Practica3a.c.elf
'Finished building: Practica3a.c.elf.size'
' '
20:26:07 **** Incremental Build of configuration Debug for project Practica3a.c ****
make all 
make: No se hace nada para `all'.
